\BOOKMARK [1][-]{section.1}{\376\377\301\034\270\140}{}% 1
\BOOKMARK [1][-]{section.2}{\376\377\255\000\270\050\000\040\305\360\255\154}{}% 2
\BOOKMARK [2][-]{subsection.2.1}{\376\377\315\224\270\140\000\040\274\364\254\025\326\025\000\040\000E\0002\000E\000/\000V\000L\000A\000\040\307\220\307\050\310\374\325\211}{section.2}% 3
\BOOKMARK [2][-]{subsection.2.2}{\376\377\310\374\325\211\000\040\305\110\310\004\000\040\310\034\305\175\254\374\000\040\254\200\311\235}{section.2}% 4
\BOOKMARK [2][-]{subsection.2.3}{\376\377\307\220\305\360\305\264\306\100\000\040\310\025\326\025\000\040\272\205\301\070\307\130\000\040\305\355\325\140}{section.2}% 5
\BOOKMARK [2][-]{subsection.2.4}{\376\377\314\050\274\304\310\020}{section.2}% 6
\BOOKMARK [1][-]{section.3}{\376\377\273\070\310\034\000\040\310\025\307\130}{}% 7
\BOOKMARK [2][-]{subsection.3.1}{\376\377\324\134\000\040\0001\270\134\275\200\321\060\000\040\000S\000-\000C\000\040\000C\000o\000C\000\040\255\154\301\061}{section.3}% 8
\BOOKMARK [1][-]{section.4}{\376\377\000S\000a\000f\000e\000t\000y\000-\000C\000o\000n\000s\000t\000r\000a\000i\000n\000e\000d\000\040\000C\000o\000C\306\100\000\040\323\311\254\000\000\040\274\051\274\225}{}% 9
\BOOKMARK [2][-]{subsection.4.1}{\376\377\310\034\305\110\000\040\274\051\274\225\307\130\000\040\310\004\314\264\000\040\327\120\271\204}{section.4}% 10
\BOOKMARK [2][-]{subsection.4.2}{\376\377\000C\000o\000C\306\100\000\040\302\344\325\211\000\040\254\000\264\334\307\130\000\040\307\205\270\045\000\040\274\051\302\335}{section.4}% 11
\BOOKMARK [2][-]{subsection.4.3}{\376\377\254\031\307\100\000\040\307\245\272\164\305\320\301\034\000\040\302\344\325\211\000\040\310\160\254\164\271\314\000\040\274\024\257\270\262\224\000\040\323\311\254\000}{section.4}% 12
\BOOKMARK [2][-]{subsection.4.4}{\376\377\272\250\263\170\000\040\325\131\302\265\254\374\000\040\310\025\262\365\000\040\326\304\274\364\000\040\300\335\301\061}{section.4}% 13
\BOOKMARK [2][-]{subsection.4.5}{\376\377\272\250\263\170\000\040\306\170\275\200\000\040\255\244\310\001\000\040\254\200\311\235\254\374\000\040\323\311\254\000\000\040\311\300\324\134}{section.4}% 14
\BOOKMARK [2][-]{subsection.4.6}{\376\377\325\131\302\265\264\034\000\040\254\000\264\334\000\040\311\000\302\030\306\100\000\040\302\344\310\034\000\040\302\344\325\211\000\040\305\110\310\004\307\130\000\040\255\154\275\204}{section.4}% 15
\BOOKMARK [1][-]{section.5}{\376\377\302\344\325\330\000\040\274\017\000\040\254\260\254\374}{}% 16
\BOOKMARK [2][-]{subsection.5.1}{\376\377\000A\000l\000p\000a\000m\000a\000y\000o\000-\000R\0001\000\040\300\254\310\004\325\131\302\265\000\040\300\301\320\334\000\040\311\304\262\350}{section.5}% 17
\BOOKMARK [2][-]{subsection.5.2}{\376\377\315\134\301\214\000\040\254\000\264\334\000-\325\211\263\331\000\040\325\131\302\265\254\374\000\040\315\010\256\060\000\040\254\374\310\034\307\130\000\040\325\134\254\304}{section.5}% 18
\BOOKMARK [2][-]{subsection.5.3}{\376\377\263\331\307\174\000\040\272\251\324\134\271\174\000\040\262\354\301\061\325\130\262\224\000\040\310\025\310\001\000\040\255\244\310\001\000\040\326\304\274\364}{section.5}% 19
\BOOKMARK [2][-]{subsection.5.4}{\376\377\310\025\311\300\000-\263\000\256\060\000-\325\164\310\034\000-\315\234\274\034\000\040\302\334\254\004\000\040\310\160\254\164}{section.5}% 20
\BOOKMARK [2][-]{subsection.5.5}{\376\377\310\025\311\300\061\215\314\050\301\040\000\040\274\300\254\275\254\374\000\040\274\365\325\151\000\040\324\134\326\004\000\040\274\300\326\124}{section.5}% 21
\BOOKMARK [2][-]{subsection.5.6}{\376\377\323\320\270\350\325\004\000\040\274\364\310\160\000\040\302\344\325\330}{section.5}% 22
\BOOKMARK [1][-]{section.6}{\376\377\261\174\307\130\306\100\000\040\305\360\255\154\000\040\274\224\307\004}{}% 23
\BOOKMARK [2][-]{subsection.6.1}{\376\377\256\060\274\370\000\040\000C\000o\000C\306\100\000\040\302\344\325\211\000\040\254\000\264\334\254\000\000\040\271\341\262\224\000\040\305\355\325\140}{section.6}% 24
\BOOKMARK [2][-]{subsection.6.2}{\376\377\310\034\305\175\000\040\321\265\325\151\000\040\000C\000o\000C\254\000\000\040\261\222\307\100\000\040\254\260\254\374\271\174\000\040\274\364\307\170\000\040\307\164\307\040}{section.6}% 25
\BOOKMARK [2][-]{subsection.6.3}{\376\377\302\030\316\130\000\040\310\160\254\164\307\100\000\040\272\250\263\170\000\040\306\170\275\200\000\040\254\200\311\235\256\060\254\000\000\040\262\344\302\334\000\040\326\125\307\170\325\164\305\174\000\040\325\134\262\344}{section.6}% 26
\BOOKMARK [2][-]{subsection.6.4}{\376\377\325\131\302\265\264\034\000\040\254\000\264\334\306\100\000\040\302\344\325\211\000\040\314\050\262\350\307\245\316\130\262\224\000\040\305\355\325\140\307\164\000\040\262\344\271\164\262\344}{section.6}% 27
\BOOKMARK [2][-]{subsection.6.5}{\376\377\310\374\000\040\302\344\325\330\307\164\000\040\302\344\310\034\270\134\000\040\326\125\307\170\325\134\000\040\254\203}{section.6}% 28
\BOOKMARK [2][-]{subsection.6.6}{\376\377\254\260\254\374\271\174\000\040\325\164\301\035\325\140\000\040\265\114\307\130\000\040\302\344\325\330\310\001\000\040\325\134\254\304}{section.6}% 29
\BOOKMARK [2][-]{subsection.6.7}{\376\377\302\344\310\034\000\040\310\034\305\175\000\040\310\160\254\164\307\130\000\040\300\335\301\061\307\100\000\040\274\370\000\040\261\174\273\070\307\130\000\040\274\224\307\004\254\000\000\040\305\104\262\310\262\344}{section.6}% 30
\BOOKMARK [2][-]{subsection.6.8}{\376\377\000A\000l\000p\000a\000m\000a\000y\000o\000-\000R\0001\254\374\000\040\302\344\310\034\000\040\263\304\270\134\270\134\000\040\326\125\307\245\325\140\000\040\265\114\307\130\000\040\274\224\307\004}{section.6}% 31
\BOOKMARK [1][-]{section.7}{\376\377\254\260\270\140}{}% 32
