This is LuaHBTeX, Version 1.15.0 (TeX Live 2022/Debian)  (format=lualatex 2026.7.22)  30 SEP 2026 22:11
 restricted system commands enabled.
**main.tex
(./main.tex
LaTeX2e <2022-11-01> patch level 1
Lua module: luaotfload 2022-10-03 3.23 Lua based OpenType font support
Lua module: lualibs 2022-10-04 2.75 ConTeXt Lua standard libraries.
Lua module: lualibs-extended 2022-10-04 2.75 ConTeXt Lua libraries -- extended c
ollection.
luaotfload | conf : Root cache directory is "/home/jinhyun/prj_ws/prj_jin/guards
ynth-cc/artifacts/projects/safety-constrained-coc/public/kiee-review-002/revisio
n-2026-09-30-001/texlive-cache/luatex-cache/generic/names".
luaotfload | init : Loading fontloader "fontloader-2022-10-03.lua" from kpse-res
olved path "/home/jinhyun/texmf/tex/luatex/luaotfload/fontloader-2022-10-03.lua"
.
Lua-only attribute luaotfload@noligature = 1
luaotfload | init : Context OpenType loader version 3.120
Inserting `luaotfload.node_processor' in `pre_linebreak_filter'.
Inserting `luaotfload.node_processor' in `hpack_filter'.
Inserting `luaotfload.glyph_stream' in `glyph_stream_provider'.
Inserting `luaotfload.define_font' in `define_font'.
Lua-only attribute luaotfload_color_attribute = 2
luaotfload | conf : Root cache directory is "/home/jinhyun/prj_ws/prj_jin/guards
ynth-cc/artifacts/projects/safety-constrained-coc/public/kiee-review-002/revisio
n-2026-09-30-001/texlive-cache/luatex-cache/generic/names".
Inserting `luaotfload.harf.strip_prefix' in `find_opentype_file'.
Inserting `luaotfload.harf.strip_prefix' in `find_truetype_file'.
Removing  `luaotfload.glyph_stream' from `glyph_stream_provider'.
Inserting `luaotfload.harf.glyphstream' in `glyph_stream_provider'.
Inserting `luaotfload.harf.finalize_vlist' in `post_linebreak_filter'.
Inserting `luaotfload.harf.finalize_hlist' in `hpack_filter'.
Inserting `luaotfload.cleanup_files' in `wrapup_run'.
Inserting `luaotfload.harf.finalize_unicode' in `finish_pdffile'.
Inserting `luaotfload.glyphinfo' in `glyph_info'.
Lua-only attribute luaotfload.letterspace_done = 3
Inserting `luaotfload.aux.set_sscale_dimens' in `luaotfload.patch_font'.
Inserting `luaotfload.aux.set_font_index' in `luaotfload.patch_font'.
Inserting `luaotfload.aux.patch_cambria_domh' in `luaotfload.patch_font'.
Inserting `luaotfload.aux.fixup_fontdata' in `luaotfload.patch_font_unsafe'.
Inserting `luaotfload.aux.set_capheight' in `luaotfload.patch_font'.
Inserting `luaotfload.aux.set_xheight' in `luaotfload.patch_font'.
Inserting `luaotfload.rewrite_fontname' in `luaotfload.patch_font'. L3 programm
ing layer <2023-01-16>
Inserting `tracingstacklevels' in `input_level_string'.
(/usr/share/texlive/texmf-dist/tex/latex/extsizes/extarticle.cls
Document Class: extarticle 1996/10/08 v1.0 Non Standard LaTeX document class
(/usr/share/texlive/texmf-dist/tex/latex/extsizes/size9.clo
File: size9.clo 1999/11/11 v1.4a NON-Standard LaTeX file (size option)
luaotfload | db : Font names database loaded from /home/jinhyun/prj_ws/prj_jin/g
uardsynth-cc/artifacts/projects/safety-constrained-coc/public/kiee-review-002/re
vision-2026-09-30-001/texlive-cache/luatex-cache/generic/names/luaotfload-names.
luc.gz)
(/usr/share/texlive/texmf-dist/tex/latex/base/exscale.sty
Package: exscale 2018/09/24 v2.1i Standard LaTeX package exscale
LaTeX Font Info:    Redeclaring symbol font `largesymbols' on input line 57.
LaTeX Font Info:    Overwriting symbol font `largesymbols' in version `normal'
(Font)                  OMX/cmex/m/n --> OMX/cmex/m/n on input line 57.
LaTeX Font Info:    Overwriting symbol font `largesymbols' in version `bold'
(Font)                  OMX/cmex/m/n --> OMX/cmex/m/n on input line 57.
\big@size=\dimen139
)
\c@part=\count183
\c@section=\count184
\c@subsection=\count185
\c@subsubsection=\count186
\c@paragraph=\count187
\c@subparagraph=\count188
\c@figure=\count189
\c@table=\count190
\abovecaptionskip=\skip48
\belowcaptionskip=\skip49
\bibindent=\dimen140
) (./kiee-review.sty
Package: kiee-review 2026/08/05 KIEE 2022 anonymous review format

(/usr/share/texlive/texmf-dist/tex/latex/fontspec/fontspec.sty
(/usr/share/texlive/texmf-dist/tex/latex/l3packages/xparse/xparse.sty
(/usr/share/texlive/texmf-dist/tex/latex/l3kernel/expl3.sty
Package: expl3 2023-01-16 L3 programming layer (loader) 

(/usr/share/texlive/texmf-dist/tex/latex/l3backend/l3backend-luatex.def
File: l3backend-luatex.def 2023-01-16 L3 backend support: PDF output (LuaTeX)
\l__color_backend_stack_int=\count191
\l__pdf_internal_box=\box51
))
Package: xparse 2023-01-16 L3 Experimental document command parser
)
Package: fontspec 2022/01/15 v2.8a Font selection for XeLaTeX and LuaLaTeX
Lua module: fontspec 2022/01/15 2.8a Font selection for XeLaTeX and LuaLaTeX
(/usr/share/texlive/texmf-dist/tex/latex/fontspec/fontspec-luatex.sty
Package: fontspec-luatex 2022/01/15 v2.8a Font selection for XeLaTeX and LuaLaT
eX
\l__fontspec_script_int=\count192
\l__fontspec_language_int=\count193
\l__fontspec_strnum_int=\count194
\l__fontspec_tmp_int=\count195
\l__fontspec_tmpa_int=\count196
\l__fontspec_tmpb_int=\count197
\l__fontspec_tmpc_int=\count198
\l__fontspec_em_int=\count199
\l__fontspec_emdef_int=\count266
\l__fontspec_strong_int=\count267
\l__fontspec_strongdef_int=\count268
\l__fontspec_tmpa_dim=\dimen141
\l__fontspec_tmpb_dim=\dimen142
\l__fontspec_tmpc_dim=\dimen143

(/usr/share/texlive/texmf-dist/tex/latex/base/fontenc.sty
Package: fontenc 2021/04/29 v2.0v Standard LaTeX package
)
(/usr/share/texlive/texmf-dist/tex/latex/fontspec/fontspec.cfg)))
(/usr/share/texlive/texmf-dist/tex/latex/geometry/geometry.sty
Package: geometry 2020/01/02 v5.9 Page Geometry

(/usr/share/texlive/texmf-dist/tex/latex/graphics/keyval.sty
Package: keyval 2022/05/29 v1.15 key=value parser (DPC)
\KV@toks@=\toks16
)
(/usr/share/texlive/texmf-dist/tex/generic/iftex/ifvtex.sty
Package: ifvtex 2019/10/25 v1.7 ifvtex legacy package. Use iftex instead.

(/usr/share/texlive/texmf-dist/tex/generic/iftex/iftex.sty
Package: iftex 2022/02/03 v1.0f TeX engine tests
))
\Gm@cnth=\count269
\Gm@cntv=\count270
\c@Gm@tempcnt=\count271
\Gm@bindingoffset=\dimen144
\Gm@wd@mp=\dimen145
\Gm@odd@mp=\dimen146
\Gm@even@mp=\dimen147
\Gm@layoutwidth=\dimen148
\Gm@layoutheight=\dimen149
\Gm@layouthoffset=\dimen150
\Gm@layoutvoffset=\dimen151
\Gm@dimlist=\toks17
)
(/usr/share/texlive/texmf-dist/tex/latex/amsmath/amsmath.sty
Package: amsmath 2022/04/08 v2.17n AMS math features
\@mathmargin=\skip50

For additional information on amsmath, use the `?' option.
(/usr/share/texlive/texmf-dist/tex/latex/amsmath/amstext.sty
Package: amstext 2021/08/26 v2.01 AMS text

(/usr/share/texlive/texmf-dist/tex/latex/amsmath/amsgen.sty
File: amsgen.sty 1999/11/30 v2.0 generic functions
\@emptytoks=\toks18
\ex@=\dimen152
))
(/usr/share/texlive/texmf-dist/tex/latex/amsmath/amsbsy.sty
Package: amsbsy 1999/11/29 v1.2d Bold Symbols
\pmbraise@=\dimen153
)
(/usr/share/texlive/texmf-dist/tex/latex/amsmath/amsopn.sty
Package: amsopn 2022/04/08 v2.04 operator names
)
\inf@bad=\count272
LaTeX Info: Redefining \frac on input line 236.
\uproot@=\count273
\leftroot@=\count274
LaTeX Info: Redefining \overline on input line 399.
LaTeX Info: Redefining \colon on input line 410.
\classnum@=\count275
\DOTSCASE@=\count276
LaTeX Info: Redefining \ldots on input line 496.
LaTeX Info: Redefining \dots on input line 499.
LaTeX Info: Redefining \cdots on input line 620.
\Mathstrutbox@=\box52
\strutbox@=\box53
LaTeX Info: Redefining \big on input line 722.
LaTeX Info: Redefining \Big on input line 723.
LaTeX Info: Redefining \bigg on input line 724.
LaTeX Info: Redefining \Bigg on input line 725.
\big@size=\dimen154
LaTeX Font Info:    Redeclaring font encoding OML on input line 743.
LaTeX Font Info:    Redeclaring font encoding OMS on input line 744.
\macc@depth=\count277
LaTeX Info: Redefining \bmod on input line 905.
LaTeX Info: Redefining \pmod on input line 910.
LaTeX Info: Redefining \smash on input line 940.
LaTeX Info: Redefining \relbar on input line 970.
LaTeX Info: Redefining \Relbar on input line 971.
\c@MaxMatrixCols=\count278
\dotsspace@=\muskip16
\c@parentequation=\count279
\dspbrk@lvl=\count280
\tag@help=\toks19
\row@=\count281
\column@=\count282
\maxfields@=\count283
\andhelp@=\toks20
\eqnshift@=\dimen155
\alignsep@=\dimen156
\tagshift@=\dimen157
\tagwidth@=\dimen158
\totwidth@=\dimen159
\lineht@=\dimen160
\@envbody=\toks21
\multlinegap=\skip51
\multlinetaggap=\skip52
\mathdisplay@stack=\toks22
LaTeX Info: Redefining \[ on input line 2953.
LaTeX Info: Redefining \] on input line 2954.
)
(/usr/share/texlive/texmf-dist/tex/latex/amsfonts/amssymb.sty
Package: amssymb 2013/01/14 v3.01 AMS font symbols

(/usr/share/texlive/texmf-dist/tex/latex/amsfonts/amsfonts.sty
Package: amsfonts 2013/01/14 v3.01 Basic AMSFonts support
\symAMSa=\mathgroup4
\symAMSb=\mathgroup5
LaTeX Font Info:    Redeclaring math symbol \hbar on input line 98.
LaTeX Font Info:    Overwriting math alphabet `\mathfrak' in version `bold'
(Font)                  U/euf/m/n --> U/euf/b/n on input line 106.
))
(/usr/share/texlive/texmf-dist/tex/latex/booktabs/booktabs.sty
Package: booktabs 2020/01/12 v1.61803398 Publication quality tables
\heavyrulewidth=\dimen161
\lightrulewidth=\dimen162
\cmidrulewidth=\dimen163
\belowrulesep=\dimen164
\belowbottomsep=\dimen165
\aboverulesep=\dimen166
\abovetopsep=\dimen167
\cmidrulesep=\dimen168
\cmidrulekern=\dimen169
\defaultaddspace=\dimen170
\@cmidla=\count284
\@cmidlb=\count285
\@aboverulesep=\dimen171
\@belowrulesep=\dimen172
\@thisruleclass=\count286
\@lastruleclass=\count287
\@thisrulewidth=\dimen173
)
(/usr/share/texlive/texmf-dist/tex/latex/tools/tabularx.sty
Package: tabularx 2020/01/15 v2.11c `tabularx' package (DPC)

(/usr/share/texlive/texmf-dist/tex/latex/tools/array.sty
Package: array 2022/09/04 v2.5g Tabular extension package (FMi)
\col@sep=\dimen174
\ar@mcellbox=\box54
\extrarowheight=\dimen175
\NC@list=\toks23
\extratabsurround=\skip53
\backup@length=\skip54
\ar@cellbox=\box55
)
\TX@col@width=\dimen176
\TX@old@table=\dimen177
\TX@old@col=\dimen178
\TX@target=\dimen179
\TX@delta=\dimen180
\TX@cols=\count288
\TX@ftn=\toks24
)
(/usr/share/texlive/texmf-dist/tex/latex/graphics/graphicx.sty
Package: graphicx 2021/09/16 v1.2d Enhanced LaTeX Graphics (DPC,SPQR)

(/usr/share/texlive/texmf-dist/tex/latex/graphics/graphics.sty
Package: graphics 2022/03/10 v1.4e Standard LaTeX Graphics (DPC,SPQR)

(/usr/share/texlive/texmf-dist/tex/latex/graphics/trig.sty
Package: trig 2021/08/11 v1.11 sin cos tan (DPC)
)
(/usr/share/texlive/texmf-dist/tex/latex/graphics-cfg/graphics.cfg
File: graphics.cfg 2016/06/04 v1.11 sample graphics configuration
)
Package graphics Info: Driver file: luatex.def on input line 107.

(/usr/share/texlive/texmf-dist/tex/latex/graphics-def/luatex.def
File: luatex.def 2022/09/22 v1.2d Graphics/color driver for luatex
))
\Gin@req@height=\dimen181
\Gin@req@width=\dimen182
)
(/usr/share/texlive/texmf-dist/tex/latex/float/float.sty
Package: float 2001/11/08 v1.3d Float enhancements (AL)
\c@float@type=\count289
\float@exts=\toks25
\float@box=\box56
\@float@everytoks=\toks26
\@floatcapt=\box57
)
(/usr/share/texlive/texmf-dist/tex/latex/xcolor/xcolor.sty
Package: xcolor 2022/06/12 v2.14 LaTeX color extensions (UK)

(/usr/share/texlive/texmf-dist/tex/latex/graphics-cfg/color.cfg
File: color.cfg 2016/01/02 v1.6 sample color configuration
)
Package xcolor Info: Driver file: luatex.def on input line 227.

(/usr/share/texlive/texmf-dist/tex/latex/graphics/mathcolor.ltx)
Package xcolor Info: Model `cmy' substituted by `cmy0' on input line 1353.
Package xcolor Info: Model `hsb' substituted by `rgb' on input line 1357.
Package xcolor Info: Model `RGB' extended on input line 1369.
Package xcolor Info: Model `HTML' substituted by `rgb' on input line 1371.
Package xcolor Info: Model `Hsb' substituted by `hsb' on input line 1372.
Package xcolor Info: Model `tHsb' substituted by `hsb' on input line 1373.
Package xcolor Info: Model `HSB' substituted by `hsb' on input line 1374.
Package xcolor Info: Model `Gray' substituted by `gray' on input line 1375.
Package xcolor Info: Model `wave' substituted by `hsb' on input line 1376.
)
(/usr/share/texlive/texmf-dist/tex/latex/url/url.sty
\Urlmuskip=\muskip17
Package: url 2013/09/16  ver 3.4  Verb mode for urls, etc.
)
(/usr/share/texlive/texmf-dist/tex/latex/tools/xspace.sty
Package: xspace 2014/10/28 v1.13 Space after command names (DPC,MH)
)
(/usr/share/texlive/texmf-dist/tex/latex/listings/listings.sty
\lst@mode=\count290
\lst@gtempboxa=\box58
\lst@token=\toks27
\lst@length=\count291
\lst@currlwidth=\dimen183
\lst@column=\count292
\lst@pos=\count293
\lst@lostspace=\dimen184
\lst@width=\dimen185
\lst@newlines=\count294
\lst@lineno=\count295
\lst@maxwidth=\dimen186

(/usr/share/texlive/texmf-dist/tex/latex/listings/lstmisc.sty
File: lstmisc.sty 2020/03/24 1.8d (Carsten Heinz)
\c@lstnumber=\count296
\lst@skipnumbers=\count297
\lst@framebox=\box59
)
(/usr/share/texlive/texmf-dist/tex/latex/listings/listings.cfg
File: listings.cfg 2020/03/24 1.8d listings configuration
))
Package: listings 2020/03/24 1.8d (Carsten Heinz)

(/usr/share/texlive/texmf-dist/tex/latex/caption/caption.sty
Package: caption 2022/03/01 v3.6b Customizing captions (AR)

(/usr/share/texlive/texmf-dist/tex/latex/caption/caption3.sty
Package: caption3 2022/03/17 v2.3b caption3 kernel (AR)
\caption@tempdima=\dimen187
\captionmargin=\dimen188
\caption@leftmargin=\dimen189
\caption@rightmargin=\dimen190
\caption@width=\dimen191
\caption@indent=\dimen192
\caption@parindent=\dimen193
\caption@hangindent=\dimen194
Package caption Info: Standard document class detected.
)
\c@caption@flags=\count298
\c@continuedfloat=\count299
Package caption Info: float package is loaded.
Package caption Info: listings package is loaded.
)
(/usr/share/texlive/texmf-dist/tex/latex/hyperref/hyperref.sty
Package: hyperref 2022-11-13 v7.00u Hypertext links for LaTeX

(/usr/share/texlive/texmf-dist/tex/generic/ltxcmds/ltxcmds.sty
Package: ltxcmds 2020-05-10 v1.25 LaTeX kernel commands for general use (HO)
)
(/usr/share/texlive/texmf-dist/tex/generic/pdftexcmds/pdftexcmds.sty
Package: pdftexcmds 2020-06-27 v0.33 Utility functions of pdfTeX for LuaTeX (HO
)

(/usr/share/texlive/texmf-dist/tex/generic/infwarerr/infwarerr.sty
Package: infwarerr 2019/12/03 v1.5 Providing info/warning/error messages (HO)
)
Package pdftexcmds Info: \pdf@primitive is available.
Package pdftexcmds Info: \pdf@ifprimitive is available.
Package pdftexcmds Info: \pdfdraftmode found.
\pdftexcmds@toks=\toks28
)
(/usr/share/texlive/texmf-dist/tex/latex/kvsetkeys/kvsetkeys.sty
Package: kvsetkeys 2022-10-05 v1.19 Key value parser (HO)
)
(/usr/share/texlive/texmf-dist/tex/generic/kvdefinekeys/kvdefinekeys.sty
Package: kvdefinekeys 2019-12-19 v1.6 Define keys (HO)
)
(/usr/share/texlive/texmf-dist/tex/generic/pdfescape/pdfescape.sty
Package: pdfescape 2019/12/09 v1.15 Implements pdfTeX's escape features (HO)
)
(/usr/share/texlive/texmf-dist/tex/latex/hycolor/hycolor.sty
Package: hycolor 2020-01-27 v1.10 Color options for hyperref/bookmark (HO)
)
(/usr/share/texlive/texmf-dist/tex/latex/letltxmacro/letltxmacro.sty
Package: letltxmacro 2019/12/03 v1.6 Let assignment for LaTeX macros (HO)
)
(/usr/share/texlive/texmf-dist/tex/latex/auxhook/auxhook.sty
Package: auxhook 2019-12-17 v1.6 Hooks for auxiliary files (HO)
)
(/usr/share/texlive/texmf-dist/tex/latex/hyperref/nameref.sty
Package: nameref 2022-05-17 v2.50 Cross-referencing by name of section

(/usr/share/texlive/texmf-dist/tex/latex/refcount/refcount.sty
Package: refcount 2019/12/15 v3.6 Data extraction from label references (HO)
)
(/usr/share/texlive/texmf-dist/tex/generic/gettitlestring/gettitlestring.sty
Package: gettitlestring 2019/12/15 v1.6 Cleanup title references (HO)

(/usr/share/texlive/texmf-dist/tex/latex/kvoptions/kvoptions.sty
Package: kvoptions 2022-06-15 v3.15 Key value format for package options (HO)
))
\c@section@level=\count300
)
\@linkdim=\dimen195
\Hy@linkcounter=\count301
\Hy@pagecounter=\count302

(/usr/share/texlive/texmf-dist/tex/latex/hyperref/pd1enc.def
File: pd1enc.def 2022-11-13 v7.00u Hyperref: PDFDocEncoding definition (HO)
)
(/usr/share/texlive/texmf-dist/tex/generic/intcalc/intcalc.sty
Package: intcalc 2019/12/15 v1.3 Expandable calculations with integers (HO)
)
(/usr/share/texlive/texmf-dist/tex/generic/etexcmds/etexcmds.sty
Package: etexcmds 2019/12/15 v1.7 Avoid name clashes with e-TeX commands (HO)
)
\Hy@SavedSpaceFactor=\count303

(/usr/share/texlive/texmf-dist/tex/latex/hyperref/puenc.def
File: puenc.def 2022-11-13 v7.00u Hyperref: PDF Unicode definition (HO)
)
Package hyperref Info: Hyper figures OFF on input line 4162.
Package hyperref Info: Link nesting OFF on input line 4167.
Package hyperref Info: Hyper index ON on input line 4170.
Package hyperref Info: Plain pages OFF on input line 4177.
Package hyperref Info: Backreferencing OFF on input line 4182.
Package hyperref Info: Implicit mode ON; LaTeX internals redefined.
Package hyperref Info: Bookmarks ON on input line 4410.
\c@Hy@tempcnt=\count304
LaTeX Info: Redefining \url on input line 4748.
\XeTeXLinkMargin=\dimen196

(/usr/share/texlive/texmf-dist/tex/generic/bitset/bitset.sty
Package: bitset 2019/12/09 v1.3 Handle bit-vector datatype (HO)

(/usr/share/texlive/texmf-dist/tex/generic/bigintcalc/bigintcalc.sty
Package: bigintcalc 2019/12/15 v1.5 Expandable calculations on big integers (HO
)
))
\Fld@menulength=\count305
\Field@Width=\dimen197
\Fld@charsize=\dimen198
Package hyperref Info: Hyper figures OFF on input line 6027.
Package hyperref Info: Link nesting OFF on input line 6032.
Package hyperref Info: Hyper index ON on input line 6035.
Package hyperref Info: backreferencing OFF on input line 6042.
Package hyperref Info: Link coloring OFF on input line 6047.
Package hyperref Info: Link coloring with OCG OFF on input line 6052.
Package hyperref Info: PDF/A mode OFF on input line 6057.

(/usr/share/texlive/texmf-dist/tex/latex/base/atbegshi-ltx.sty
Package: atbegshi-ltx 2021/01/10 v1.0c Emulation of the original atbegshi
package with kernel methods
)
\Hy@abspage=\count306
\c@Item=\count307
\c@Hfootnote=\count308
)
Package hyperref Info: Driver (autodetected): hluatex.

(/usr/share/texlive/texmf-dist/tex/latex/hyperref/hluatex.def
File: hluatex.def 2022-11-13 v7.00u Hyperref driver for luaTeX

(/usr/share/texlive/texmf-dist/tex/generic/stringenc/stringenc.sty
Package: stringenc 2019/11/29 v1.12 Convert strings between diff. encodings (HO
)
)
(/usr/share/texlive/texmf-dist/tex/latex/base/atveryend-ltx.sty
Package: atveryend-ltx 2020/08/19 v1.0a Emulation of the original atveryend pac
kage
with kernel methods
)
\Fld@listcount=\count309
\c@bookmark@seq@number=\count310

(/usr/share/texlive/texmf-dist/tex/latex/rerunfilecheck/rerunfilecheck.sty
Package: rerunfilecheck 2022-07-10 v1.10 Rerun checks for auxiliary files (HO)

(/usr/share/texlive/texmf-dist/tex/generic/uniquecounter/uniquecounter.sty
Package: uniquecounter 2019/12/15 v1.4 Provide unlimited unique counter (HO)
)
Package uniquecounter Info: New unique counter `rerunfilecheck' on input line 2
85.
)
\Hy@SectionHShift=\skip55
)
luaotfload | aux : font no 19 (nil) does not define feature smcp for script latn
 with language dflt
luaotfload | aux : font no 20 (nil) does not define feature smcp for script latn
 with language dflt

Package fontspec Info: Font family 'NotoSerifCJKkr(0)' created for font
(fontspec)             'NotoSerifCJKkr' with options
(fontspec)             [Ligatures=TeX,Path=../latex-kiee-review-2022/fonts/,Ext
ension=.otf,UprightFont=*-Regular,BoldFont=*-Bold].
(fontspec)              
(fontspec)              This font family consists of the following NFSS
(fontspec)             series/shapes:
(fontspec)              
(fontspec)             - 'normal' (m/n) with NFSS spec.:
(fontspec)             <->"[../latex-kiee-review-2022/fonts/NotoSerifCJKkr-Regu
lar.otf]:mode=node;script=latn;language=dflt;+tlig;"
(fontspec)             - 'small caps'  (m/sc) with NFSS spec.: 
(fontspec)             - 'bold' (b/n) with NFSS spec.:
(fontspec)             <->"[../latex-kiee-review-2022/fonts/NotoSerifCJKkr-Bold
.otf]:mode=node;script=latn;language=dflt;+tlig;"
(fontspec)             - 'bold small caps'  (b/sc) with NFSS spec.: 

)
(/home/jinhyun/prj_ws/prj_jin/guardsynth-cc/artifacts/projects/safety-constrain
ed-coc/public/kiee-review-002/revision-2026-09-30-001/main.aux)
\openout1 = main.aux

LaTeX Font Info:    Checking defaults for OML/cmm/m/it on input line 15.
LaTeX Font Info:    ... okay on input line 15.
LaTeX Font Info:    Checking defaults for OMS/cmsy/m/n on input line 15.
LaTeX Font Info:    ... okay on input line 15.
LaTeX Font Info:    Checking defaults for OT1/cmr/m/n on input line 15.
LaTeX Font Info:    ... okay on input line 15.
LaTeX Font Info:    Checking defaults for T1/cmr/m/n on input line 15.
LaTeX Font Info:    ... okay on input line 15.
LaTeX Font Info:    Checking defaults for TS1/cmr/m/n on input line 15.
LaTeX Font Info:    Trying to load font information for TS1+cmr on input line 1
5.

(/usr/share/texlive/texmf-dist/tex/latex/base/ts1cmr.fd
File: ts1cmr.fd 2022/07/10 v2.5l Standard LaTeX font definitions
)
LaTeX Font Info:    ... okay on input line 15.
LaTeX Font Info:    Checking defaults for TU/lmr/m/n on input line 15.
LaTeX Font Info:    ... okay on input line 15.
LaTeX Font Info:    Checking defaults for OMX/cmex/m/n on input line 15.
LaTeX Font Info:    ... okay on input line 15.
LaTeX Font Info:    Checking defaults for U/cmr/m/n on input line 15.
LaTeX Font Info:    ... okay on input line 15.
LaTeX Font Info:    Checking defaults for PD1/pdf/m/n on input line 15.
LaTeX Font Info:    ... okay on input line 15.
LaTeX Font Info:    Checking defaults for PU/pdf/m/n on input line 15.
LaTeX Font Info:    ... okay on input line 15.

Package fontspec Info: Adjusting the maths setup (use [no-math] to avoid
(fontspec)             this).

\symlegacymaths=\mathgroup6
LaTeX Font Info:    Overwriting symbol font `legacymaths' in version `bold'
(Font)                  OT1/cmr/m/n --> OT1/cmr/bx/n on input line 15.
LaTeX Font Info:    Redeclaring math accent \acute on input line 15.
LaTeX Font Info:    Redeclaring math accent \grave on input line 15.
LaTeX Font Info:    Redeclaring math accent \ddot on input line 15.
LaTeX Font Info:    Redeclaring math accent \tilde on input line 15.
LaTeX Font Info:    Redeclaring math accent \bar on input line 15.
LaTeX Font Info:    Redeclaring math accent \breve on input line 15.
LaTeX Font Info:    Redeclaring math accent \check on input line 15.
LaTeX Font Info:    Redeclaring math accent \hat on input line 15.
LaTeX Font Info:    Redeclaring math accent \dot on input line 15.
LaTeX Font Info:    Redeclaring math accent \mathring on input line 15.
LaTeX Font Info:    Redeclaring math symbol \Gamma on input line 15.
LaTeX Font Info:    Redeclaring math symbol \Delta on input line 15.
LaTeX Font Info:    Redeclaring math symbol \Theta on input line 15.
LaTeX Font Info:    Redeclaring math symbol \Lambda on input line 15.
LaTeX Font Info:    Redeclaring math symbol \Xi on input line 15.
LaTeX Font Info:    Redeclaring math symbol \Pi on input line 15.
LaTeX Font Info:    Redeclaring math symbol \Sigma on input line 15.
LaTeX Font Info:    Redeclaring math symbol \Upsilon on input line 15.
LaTeX Font Info:    Redeclaring math symbol \Phi on input line 15.
LaTeX Font Info:    Redeclaring math symbol \Psi on input line 15.
LaTeX Font Info:    Redeclaring math symbol \Omega on input line 15.
LaTeX Font Info:    Redeclaring math symbol \mathdollar on input line 15.
LaTeX Font Info:    Redeclaring symbol font `operators' on input line 15.
LaTeX Font Info:    Encoding `OT1' has changed to `TU' for symbol font
(Font)              `operators' in the math version `normal' on input line 15.
LaTeX Font Info:    Overwriting symbol font `operators' in version `normal'
(Font)                  OT1/cmr/m/n --> TU/NotoSerifCJKkr(0)/m/n on input line 
15.
LaTeX Font Info:    Encoding `OT1' has changed to `TU' for symbol font
(Font)              `operators' in the math version `bold' on input line 15.
LaTeX Font Info:    Overwriting symbol font `operators' in version `bold'
(Font)                  OT1/cmr/bx/n --> TU/NotoSerifCJKkr(0)/m/n on input line
 15.
LaTeX Font Info:    Overwriting symbol font `operators' in version `normal'
(Font)                  TU/NotoSerifCJKkr(0)/m/n --> TU/NotoSerifCJKkr(0)/m/n o
n input line 15.
LaTeX Font Info:    Overwriting math alphabet `\mathit' in version `normal'
(Font)                  OT1/cmr/m/it --> TU/NotoSerifCJKkr(0)/m/it on input lin
e 15.
LaTeX Font Info:    Overwriting math alphabet `\mathbf' in version `normal'
(Font)                  OT1/cmr/bx/n --> TU/NotoSerifCJKkr(0)/b/n on input line
 15.
LaTeX Font Info:    Overwriting math alphabet `\mathsf' in version `normal'
(Font)                  OT1/cmss/m/n --> TU/NotoSerifCJKkr(0)/m/n on input line
 15.
LaTeX Font Info:    Overwriting math alphabet `\mathtt' in version `normal'
(Font)                  OT1/cmtt/m/n --> TU/lmtt/m/n on input line 15.
LaTeX Font Info:    Overwriting symbol font `operators' in version `bold'
(Font)                  TU/NotoSerifCJKkr(0)/m/n --> TU/NotoSerifCJKkr(0)/b/n o
n input line 15.
LaTeX Font Info:    Overwriting math alphabet `\mathit' in version `bold'
(Font)                  OT1/cmr/bx/it --> TU/NotoSerifCJKkr(0)/b/it on input li
ne 15.
LaTeX Font Info:    Overwriting math alphabet `\mathsf' in version `bold'
(Font)                  OT1/cmss/bx/n --> TU/NotoSerifCJKkr(0)/b/n on input lin
e 15.
LaTeX Font Info:    Overwriting math alphabet `\mathtt' in version `bold'
(Font)                  OT1/cmtt/m/n --> TU/lmtt/b/n on input line 15.

*geometry* driver: auto-detecting
*geometry* detected driver: luatex
*geometry* verbose mode - [ preamble ] result:
* driver: luatex
* paper: a4paper
* layout: <same size as paper>
* layoutoffset:(h,v)=(0.0pt,0.0pt)
* modes: 
* h-part:(L,W,R)=(51.2434pt, 495.02109pt, 51.2434pt)
* v-part:(T,H,B)=(54.03178pt, 736.98328pt, 54.03178pt)
* \paperwidth=597.50787pt
* \paperheight=845.04684pt
* \textwidth=495.02109pt
* \textheight=736.98328pt
* \oddsidemargin=-21.0266pt
* \evensidemargin=-21.0266pt
* \topmargin=-58.69095pt
* \headheight=12.0pt
* \headsep=28.45274pt
* \topskip=9.0pt
* \footskip=28.45274pt
* \marginparwidth=4.0pt
* \marginparsep=10.0pt
* \columnsep=22.76219pt
* \skip\footins=8.0pt plus 4.0pt minus 2.0pt
* \hoffset=0.0pt
* \voffset=0.0pt
* \mag=1000
* \@twocolumntrue
* \@twosidefalse
* \@mparswitchfalse
* \@reversemarginfalse
* (1in=72.27pt=25.4mm, 1cm=28.453pt)

(/usr/share/texlive/texmf-dist/tex/context/base/mkii/supp-pdf.mkii
[Loading MPS to PDF converter (version 2006.09.02).]
\scratchcounter=\count311
\scratchdimen=\dimen199
\scratchbox=\box60
\nofMPsegments=\count312
\nofMParguments=\count313
\everyMPshowfont=\toks29
\MPscratchCnt=\count314
\MPscratchDim=\dimen256
\MPnumerator=\count315
\makeMPintoPDFobject=\count316
\everyMPtoPDFconversion=\toks30
) (/usr/share/texlive/texmf-dist/tex/latex/epstopdf-pkg/epstopdf-base.sty
Package: epstopdf-base 2020-01-24 v2.11 Base part for package epstopdf
Package epstopdf-base Info: Redefining graphics rule for `.eps' on input line 4
85.

(/usr/share/texlive/texmf-dist/tex/latex/latexconfig/epstopdf-sys.cfg
File: epstopdf-sys.cfg 2010/07/13 v1.3 Configuration of (r)epstopdf for TeX Liv
e
))
\c@lstlisting=\count317
Package caption Info: Begin \AtBeginDocument code.
Package caption Info: hyperref package is loaded.
Package caption Info: End \AtBeginDocument code.
Package hyperref Info: Link coloring OFF on input line 15.

(/home/jinhyun/prj_ws/prj_jin/guardsynth-cc/artifacts/projects/safety-constrain
ed-coc/public/kiee-review-002/revision-2026-09-30-001/main.out)
(/home/jinhyun/prj_ws/prj_jin/guardsynth-cc/artifacts/projects/safety-constrain
ed-coc/public/kiee-review-002/revision-2026-09-30-001/main.out)
\@outlinefile=\write3

\openout3 = main.out
LaTeX Font Info:    Trying to load font information for U+msa on input line 25.


(/usr/share/texlive/texmf-dist/tex/latex/amsfonts/umsa.fd
File: umsa.fd 2013/01/14 v3.01 AMS symbols A
)
LaTeX Font Info:    Trying to load font information for U+msb on input line 25.


(/usr/share/texlive/texmf-dist/tex/latex/amsfonts/umsb.fd
File: umsb.fd 2013/01/14 v3.01 AMS symbols B
)
(./sections/01-introduction.tex
Underfull \hbox (badness 10000) in paragraph at lines 4--5
\TU/NotoSerifCJKkr(0)/m/n/8.5 연결한다 [[], []]. Alpamayo-R󴩅은 인과 
연쇄(Chain-of-
 []


Underfull \hbox (badness 1394) in paragraph at lines 4--5
\TU/NotoSerifCJKkr(0)/m/n/8.5 [[]]. CoC는 ”전방 차량 때문에 감속
한다” 또는 ”보행자에게
 []


Underfull \hbox (badness 3601) in paragraph at lines 10--11
\TU/NotoSerifCJKkr(0)/m/n/8.5 추가한 Safety-Constrained CoC를 제안한다. 
요구사항은
 []


Underfull \vbox (badness 10000) has occurred while \output is active []

<../latex-kiee-review-2022/figures/fig01_concept.png, id=137, 411.939pt x 181.3
32pt>
File: ../latex-kiee-review-2022/figures/fig01_concept.png Graphic file (type pn
g)
<use ../latex-kiee-review-2022/figures/fig01_concept.png>
Package luatex.def Info: ../latex-kiee-review-2022/figures/fig01_concept.png  u
sed on input line 14.
(luatex.def)             Requested size: 485.11855pt x 213.54378pt.

Underfull \hbox (badness 1331) in paragraph at lines 19--20
[]\TU/NotoSerifCJKkr(0)/m/n/8.5 그림 []󴩅[]은 동일한 ”양보 후 진
행” 목표를 달성하는 세 궤적
 []


Underfull \hbox (badness 1895) in paragraph at lines 19--20
\TU/NotoSerifCJKkr(0)/m/n/8.5 제한을 위반하고, 회색 궤적은 필요 
이상으로 일찍 정지하여
 []


Underfull \hbox (badness 1515) in paragraph at lines 21--22
\TU/NotoSerifCJKkr(0)/m/n/8.5 모델은 두 문제를 모두 맞힐 수 없으
며, 제시된 가드를 읽고
 []

[1{/var/lib/texmf/fonts/map/pdftex/updmap/pdftex.map}


]
Underfull \hbox (badness 2564) in paragraph at lines 26--27
[]\TU/NotoSerifCJKkr(0)/b/n/8.5 RQ󴩆 목표 보존: \TU/NotoSerifCJKkr(0)/m/n
/8.5 가드 위반의 감소가 항상 정지하거나
 []


Underfull \hbox (badness 10000) in paragraph at lines 26--27
\TU/NotoSerifCJKkr(0)/m/n/8.5 교착되는 방식이 아니라, 행동 목표
를 완료하면서
 []


Underfull \hbox (badness 1668) in paragraph at lines 34--35
[]\TU/NotoSerifCJKkr(0)/m/n/8.5 동일한 장면에서 실행 조건만 바꾸
는 쌍대 계약 평가와,
 []


Underfull \hbox (badness 2486) in paragraph at lines 36--37
[]\TU/NotoSerifCJKkr(0)/m/n/8.5 한 난수 초기값(seed)의 정적 후보 
실험과 데이터 생성
 []


Underfull \hbox (badness 1226) in paragraph at lines 36--37
\TU/NotoSerifCJKkr(0)/m/n/8.5 및 학습 난수를 함께 바꾼 세 난수 
초기값의 시간ㆍ다중
 []


Underfull \hbox (badness 1533) in paragraph at lines 36--37
\TU/NotoSerifCJKkr(0)/m/n/8.5 주행 과제를 통해, 소형 VLM의 가드 
기반 후보 선택이
 []


Underfull \hbox (badness 10000) in paragraph at lines 37--38
[]\TU/NotoSerifCJKkr(0)/m/n/8.5 저장한 세 난수 초기값의 어댑터를 
원본ㆍ단색ㆍ충돌
 []


Underfull \hbox (badness 10000) in paragraph at lines 37--38
\TU/NotoSerifCJKkr(0)/m/n/8.5 영상에서 다시 평가하여, 표준 시간 
과제는 영상에
 []


Underfull \hbox (badness 1009) in paragraph at lines 41--42
\TU/NotoSerifCJKkr(0)/m/n/8.5 유지하면서 누락되기 쉬운 허용ㆍ금
지ㆍ해제 조건을 자연어로
 []


Underfull \hbox (badness 1072) in paragraph at lines 41--42
\TU/NotoSerifCJKkr(0)/m/n/8.5 셋째, 가드 위반률과 목표 완료ㆍ교
착ㆍ과도한 보수성을 함께
 []


Underfull \hbox (badness 2253) in paragraph at lines 43--44
\TU/NotoSerifCJKkr(0)/m/n/8.5 표준 시간 과제는 여러 시점을 이어 
붙인 연속 장면 영상에
 []


Underfull \hbox (badness 1721) in paragraph at lines 43--44
\TU/NotoSerifCJKkr(0)/m/n/8.5 도로의 시각적 근거화를 입증하지는 
않는다. 실험에 사용한
 []

) (./sections/02-related-work.tex
Underfull \hbox (badness 1270) in paragraph at lines 45--1
[]\TU/NotoSerifCJKkr(0)/m/n/8.5 이후 논문의 흐름은 다음과 같다. 
󴩆장은 driv-ing VLM과
 []


Underfull \hbox (badness 1552) in paragraph at lines 45--1
\TU/NotoSerifCJKkr(0)/m/n/8.5 실행 검증 연구 사이의 공백을 정리
하고, 󴩇장은 행동 목표와
 []


Underfull \hbox (badness 3977) in paragraph at lines 6--7
[]\TU/NotoSerifCJKkr(0)/m/n/8.5 Driv-eLM은 주행 장면을 그래프 기반 
시각 질의응답으로
 []


Underfull \hbox (badness 5607) in paragraph at lines 6--7
\TU/NotoSerifCJKkr(0)/m/n/8.5 구조화하고 [[]], DriveVLM은 VLM의 장면 
이해와 계획을
 []


Underfull \hbox (badness 1642) in paragraph at lines 6--7
\TU/NotoSerifCJKkr(0)/m/n/8.5 지표 및 데이터 품질 문제를 지적한
다 [[]]. 본 연구는 객체
 []


Underfull \vbox (badness 10000) has occurred while \output is active []

 [2<../latex-kiee-review-2022/figures/fig01_concept.png>]
Underfull \hbox (badness 7925) in paragraph at lines 10--11
[]\TU/NotoSerifCJKkr(0)/m/n/8.5 자율주행 안전 연구는 안전거리, 
책임 민감 안전 모델,
 []


Underfull \hbox (badness 10000) in paragraph at lines 10--11
\TU/NotoSerifCJKkr(0)/m/n/8.5 도달 가능성, 실행시간 감시기(run-time mon-i-tor)
와
 []


Underfull \hbox (badness 1515) in paragraph at lines 10--11
\TU/NotoSerifCJKkr(0)/m/n/8.5 차단장치(shield)처럼 실행 단계에서 
제약을 검사하는 방법을
 []


Underfull \hbox (badness 10000) in paragraph at lines 14--15
[]\TU/NotoSerifCJKkr(0)/m/n/8.5 자연어는 사전학습 VLM이 처리하기 
쉬우며 사람에게
 []


Underfull \hbox (badness 1721) in paragraph at lines 14--15
\TU/NotoSerifCJKkr(0)/m/n/8.5 판정은 모델 외부의 결정적 검증기
로 계산한다. 자연어에서
 []


Underfull \hbox (badness 2990) in paragraph at lines 18--19
[]\TU/NotoSerifCJKkr(0)/m/n/8.5 본 연구는 실제 사고 궤적을 필요
로 하지 않는다. 정적
 []

) (./sections/03-problem.tex
Underfull \hbox (badness 1540) in paragraph at lines 4--5
\TU/NotoSerifCJKkr(0)/m/n/8.5 행동 목표를 달성했는지와 그 행동
이 현재 실행 가드 안에서
 []

LaTeX Font Info:    Calculating math sizes for size <8.5> on input line 6.

LaTeX Font Warning: Font shape `OML/cmm/m/it' in size <8.5> not available
(Font)              size <8> substituted on input line 6.


LaTeX Font Warning: Font shape `OML/cmm/m/it' in size <4.25> not available
(Font)              size <5> substituted on input line 6.


LaTeX Font Warning: Font shape `OMS/cmsy/m/n' in size <8.5> not available
(Font)              size <8> substituted on input line 6.


LaTeX Font Warning: Font shape `OMS/cmsy/m/n' in size <4.25> not available
(Font)              size <5> substituted on input line 6.


LaTeX Font Warning: Font shape `OT1/cmr/m/n' in size <8.5> not available
(Font)              size <8> substituted on input line 6.


LaTeX Font Warning: Font shape `OT1/cmr/m/n' in size <4.25> not available
(Font)              size <5> substituted on input line 6.


Underfull \hbox (badness 10000) in paragraph at lines 51--52
[]\TU/NotoSerifCJKkr(0)/b/n/8.5 보행자 양보 예.[] \TU/NotoSerifCJKkr(0)/m
/n/8.5 기본 CoC가 ”보행자에게 양보한 뒤
 []


Underfull \hbox (badness 2065) in paragraph at lines 51--52
\TU/NotoSerifCJKkr(0)/m/n/8.5 진행한다”라면 활성화, 불변 조건, 
수치 경계, 해제 조건 및
 []


Underfull \hbox (badness 1515) in paragraph at lines 54--55
[]\TU/NotoSerifCJKkr(0)/m/n/8 보행자가 상충 구역에 있으면 양보 
의무를 활성화한다.
 []


Underfull \hbox (badness 10000) in paragraph at lines 59--60
[]\TU/NotoSerifCJKkr(0)/b/n/8.5 차선 변경 예.[] \TU/NotoSerifCJKkr(0)/m/n/
8.5 기본 CoC가 ”안전하게 목표 차선으로
 []


Underfull \hbox (badness 2744) in paragraph at lines 62--63
[]\TU/NotoSerifCJKkr(0)/m/n/8 목표 차선의 차량 간격이 󴩊 m 미만
이면 차선 변경을
 []

) (./sections/04-method.tex
Underfull \hbox (badness 1895) in paragraph at lines 66--1
\TU/NotoSerifCJKkr(0)/m/n/8.5 구조화한 부분 계약이며, 완전한 도
로 안전 명세를 의미하지
 []

[3]
<../latex-kiee-review-2022/figures/fig02_pipeline.png, id=205, 468.1125pt x 156
.0375pt>
File: ../latex-kiee-review-2022/figures/fig02_pipeline.png Graphic file (type p
ng)
<use ../latex-kiee-review-2022/figures/fig02_pipeline.png>
Package luatex.def Info: ../latex-kiee-review-2022/figures/fig02_pipeline.png  
used on input line 16.
(luatex.def)             Requested size: 485.11855pt x 161.71088pt.

Underfull \hbox (badness 1859) in paragraph at lines 23--24
\TU/NotoSerifCJKkr(0)/m/n/8.5 예를 들어 기본 CoC가 ”횡단보도 앞 
보행자에게 양보한 뒤,
 []


Underfull \hbox (badness 1062) in paragraph at lines 26--27
[]\TU/NotoSerifCJKkr(0)/m/n/8 정지선을 넘지 않는다. 최대 감속도
는 $\OT1/cmr/m/n/8 3\OML/cmm/m/it/8 :\OT1/cmr/m/n/8 8 []$\TU/NotoSerifCJKkr(0)
/m/n/8 , 최대
 []


LaTeX Font Warning: Font shape `TU/NotoSerifCJKkr(0)/m/it' undefined
(Font)              using `TU/NotoSerifCJKkr(0)/m/n' instead on input line 29.


Underfull \hbox (badness 1983) in paragraph at lines 29--30
[]\TU/NotoSerifCJKkr(0)/m/it/8.5 이 실행 가드를 기본 CoC 뒤에 이어
서 한 문장 묶음으로
 []


Underfull \hbox (badness 2469) in paragraph at lines 29--30
\TU/NotoSerifCJKkr(0)/m/it/8.5 함께 읽는다. 다만 성능이 좋아지더
라도 그 이유가 가드의
 []


Underfull \hbox (badness 1365) in paragraph at lines 49--50
[]\TU/NotoSerifCJKkr(0)/m/it/8.5 특히 \TU/NotoSerifCJKkr(0)/b/n/8.5 제약--
정답 대응 교란\TU/NotoSerifCJKkr(0)/m/it/8.5 은 음성 통제군이지 
제안 방법이
 []


Underfull \hbox (badness 1817) in paragraph at lines 49--50
\TU/NotoSerifCJKkr(0)/m/it/8.5 아니다. 이 조건에도 동일한 제약 
문장 집합이 들어가지만,
 []


Underfull \hbox (badness 1895) in paragraph at lines 49--50
\TU/NotoSerifCJKkr(0)/m/it/8.5 대응을 학습한 조건만 높은 성능을 
보인다면, 단순히 문장이
 []


Underfull \hbox (badness 1365) in paragraph at lines 51--52
\TU/NotoSerifCJKkr(0)/m/it/8.5 정답, 󴩇󴩌󴩈개 학습 예, 󴩇 epoch 
및 최적화 설정을 사용한다.
 []


Underfull \hbox (badness 5878) in paragraph at lines 51--52
\TU/NotoSerifCJKkr(0)/m/it/8.5 차이는 가드를 기본 CoC 문장 뒤에 
이어 붙이는지, 동일
 []


Underfull \hbox (badness 1418) in paragraph at lines 51--52
\TU/NotoSerifCJKkr(0)/m/it/8.5 올바른 의미 대응의 필요성을 측정
한다. 이 두 대비는 위치
 []

[4]
Underfull \hbox (badness 1019) in paragraph at lines 59--60
\TU/NotoSerifCJKkr(0)/m/it/8.5 모델이 두 문제에 같은 후보를 답하
면 적어도 하나는 틀린다.
 []

<../latex-kiee-review-2022/figures/fig03_paired_contract.png, id=220, 600.8265p
t x 250.317pt>
File: ../latex-kiee-review-2022/figures/fig03_paired_contract.png Graphic file 
(type png)
<use ../latex-kiee-review-2022/figures/fig03_paired_contract.png>
Package luatex.def Info: ../latex-kiee-review-2022/figures/fig03_paired_contrac
t.png  used on input line 63.
(luatex.def)             Requested size: 485.11855pt x 202.11397pt.

Underfull \hbox (badness 1275) in paragraph at lines 91--92
\TU/NotoSerifCJKkr(0)/m/it/8.5 학습하지 않고 일부 추가 매개변수
만 조정하는 LoRA 방식을
 []

[5<../latex-kiee-review-2022/figures/fig02_pipeline.png>]
Underfull \hbox (badness 1603) in paragraph at lines 151--152
\OT1/cmr/m/n/8.5 0\OML/cmm/m/it/8.5 :\OT1/cmr/m/n/8.5 75$\TU/NotoSerifCJKkr(0)/
m/it/8.5 이지만 계약 쌍 정확도는 $\OT1/cmr/m/n/8.5 1/2 = 0\OML/cmm/m/
it/8.5 :\OT1/cmr/m/n/8.5 50$\TU/NotoSerifCJKkr(0)/m/it/8.5 이다. 두 계약
에
 []


Underfull \hbox (badness 2469) in paragraph at lines 157--158
\TU/NotoSerifCJKkr(0)/m/it/8.5 다르기 때문이다. 학습된 가드 준수
는 유한한 합성 후보와
 []

[6<../latex-kiee-review-2022/figures/fig03_paired_contract.png>])
(./sections/05-experiments.tex
Underfull \hbox (badness 2469) in paragraph at lines 4--5
\TU/NotoSerifCJKkr(0)/m/it/8.5 적용한다. 먼저 추가 학습 없이 가
드 문장에 반응하는지를
 []


Underfull \hbox (badness 1122) in paragraph at lines 4--5
\TU/NotoSerifCJKkr(0)/m/it/8.5 그다음 동일 목표의 정적 후보, 시
간 유지ㆍ해제, 정지ㆍ차선
 []


Underfull \hbox (badness 1215) in paragraph at lines 13--14
\TU/NotoSerifCJKkr(0)/m/it/8.5 틀은 유지하되 학습에 없던 속도ㆍ
거리ㆍ시간 값을 사용하며,
 []


Underfull \hbox (badness 1838) in paragraph at lines 13--14
\TU/NotoSerifCJKkr(0)/b/n/8.5 변화 평가\TU/NotoSerifCJKkr(0)/m/it/8.5 는 
경계값 등호, 부정ㆍ금지 표현, 절 순서 변경과
 []


Underfull \hbox (badness 1221) in paragraph at lines 13--14
\TU/NotoSerifCJKkr(0)/m/it/8.5 m--cm 단위 변환을 한 평가 집합에 함
께 포함한다. 따라서
 []


Underfull \hbox (badness 1859) in paragraph at lines 15--16
\TU/NotoSerifCJKkr(0)/m/it/8.5 모집단 표준편차($\OML/cmm/m/it/8.5 N$\TU/
NotoSerifCJKkr(0)/m/it/8.5 으로 나눔), 정지ㆍ차선 변경 과제는 
표본
 []


Underfull \hbox (badness 3713) in paragraph at lines 20--21
\TU/NotoSerifCJKkr(0)/m/it/8.5 문장을 Alpamayo-R󴩅의 CoC에 추가하면, 
관찰한 장면에서
 []


Underfull \hbox (badness 5316) in paragraph at lines 23--24
[]\TU/NotoSerifCJKkr(0)/b/n/8.5 비교 방법.[] \TU/NotoSerifCJKkr(0)/m/it/8.5
 장면과 기본 CoC는 그대로 두고 추가 문장만
 []


Underfull \hbox (badness 1721) in paragraph at lines 23--24
\TU/NotoSerifCJKkr(0)/m/it/8.5 진행을 허용하는 가드이다. 행동과 
관계없는 문장도 비교에
 []


Underfull \hbox (badness 1895) in paragraph at lines 23--24
\TU/NotoSerifCJKkr(0)/m/it/8.5 것에 반응한 것이 아니라, 기다림과 
진행이라는 반대 의미를
 []


Underfull \hbox (badness 1237) in paragraph at lines 29--30
\TU/NotoSerifCJKkr(0)/m/it/8.5 그쳤다. 이 변위는 준수 여부가 아
니라 󴩆초 뒤 궤적 차이를
 []


Underfull \hbox (badness 1418) in paragraph at lines 29--30
\TU/NotoSerifCJKkr(0)/m/it/8.5 일반화할 수 없다. 다만 이 진단만
으로는 가드 문장을 넣는
 []

<../latex-kiee-review-2022/figures/fig04_r1_diagnostic.png, id=246, 355.1085pt 
x 225.0225pt>
File: ../latex-kiee-review-2022/figures/fig04_r1_diagnostic.png Graphic file (t
ype png)
<use ../latex-kiee-review-2022/figures/fig04_r1_diagnostic.png>
Package luatex.def Info: ../latex-kiee-review-2022/figures/fig04_r1_diagnostic.
png  used on input line 33.
(luatex.def)             Requested size: 221.96225pt x 140.65587pt.

Underfull \hbox (badness 6396) in paragraph at lines 41--42
[]\TU/NotoSerifCJKkr(0)/b/n/8.5 확인 목적.[] \TU/NotoSerifCJKkr(0)/m/it/8.5
 두 번째 실험은 작은 VLM이 ”이 가드에서는
 []

[7]
Underfull \hbox (badness 6641) in paragraph at lines 49--50
[]\TU/NotoSerifCJKkr(0)/m/it/8.5 또한 학습 자료가 충분한 쉬운 과
제에서는 기존 CoC만
 []


Underfull \hbox (badness 4096) in paragraph at lines 80--81
[]\TU/NotoSerifCJKkr(0)/b/n/8.5 비교 방법.[] \TU/NotoSerifCJKkr(0)/m/it/8.5
 두 후보 모두 교차로를 통과하지만 최대 속도,
 []


Underfull \hbox (badness 1158) in paragraph at lines 82--83
[]\TU/NotoSerifCJKkr(0)/m/it/8.5 이 정적 결과는 난수 초기값(seed) 
󴩈󴩆를 사용한 단일 학습
 []


Underfull \hbox (badness 1540) in paragraph at lines 103--104
\TU/NotoSerifCJKkr(0)/m/it/8.5 위반했고 완화ㆍ엄격 계약을 모두 
맞힌 장면은 없어 계약 쌍
 []


Underfull \hbox (badness 1708) in paragraph at lines 107--108
\TU/NotoSerifCJKkr(0)/m/it/8.5 󴩄.󴩍󴩉󴩅/󴩄.󴩍󴩄󴩇, 󴩄.󴩍
󴩆󴩈/󴩄.󴩌󴩈󴩋이었다. 여기서 슬래시 앞은 개별
 []


Underfull \hbox (badness 5548) in paragraph at lines 115--116
[]\TU/NotoSerifCJKkr(0)/b/n/8.5 확인 목적.[] \TU/NotoSerifCJKkr(0)/m/it/8.5
 앞 실험은 속도나 거리처럼 한 시점의 기준을
 []

[8<../latex-kiee-review-2022/figures/fig04_r1_diagnostic.png>]
Underfull \hbox (badness 1558) in paragraph at lines 141--142
\TU/NotoSerifCJKkr(0)/m/it/8.5 후자는 위치를 고정했을 때 올바른 
가드--행동 대응의 효과를
 []


Underfull \hbox (badness 1701) in paragraph at lines 145--146
\TU/NotoSerifCJKkr(0)/m/it/8.5 원본 영상 결과는 표 []󴩍[]과 모든 
지표에서 정확히 일치하였다.
 []


Underfull \hbox (badness 3635) in paragraph at lines 145--146
\TU/NotoSerifCJKkr(0)/m/it/8.5 시간 과제는 원본 󴩅.󴩄󴩄󴩄/󴩅.
󴩄󴩄󴩄에서 단색 영상 󴩄.󴩊󴩋󴩄/󴩄.󴩈󴩄󴩇,
 []


Underfull \hbox (badness 10000) in paragraph at lines 145--146
\TU/NotoSerifCJKkr(0)/m/it/8.5 상충 구역이 비기 시작한 시각이 실
제와 다른 충돌 영상
 []


Underfull \hbox (badness 2608) in paragraph at lines 145--146
\TU/NotoSerifCJKkr(0)/m/it/8.5 󴩄.󴩊󴩄󴩌/󴩄.󴩇󴩈󴩄으로 낮
아졌다. 단색 영상과 시간 충돌 영상의
 []

[9]
Underfull \hbox (badness 1297) in paragraph at lines 187--188
[]\TU/NotoSerifCJKkr(0)/m/it/8.5 복합 표현 변화 평가에서 제약 통
합 CoC의 가드 위반률은
 []


Underfull \hbox (badness 1681) in paragraph at lines 187--188
\TU/NotoSerifCJKkr(0)/m/it/8.5 경우였다. 나머지 󴩇개는 난수 초
기값 󴩅󴩋과 󴩅󴩆󴩇에서 감속도
 []


Underfull \hbox (badness 5274) in paragraph at lines 189--190
\TU/NotoSerifCJKkr(0)/m/it/8.5 회복되었고 회귀한 정답은 없었다. 
이에 따라 전체 후보
 []


Underfull \hbox (badness 1320) in paragraph at lines 189--190
\TU/NotoSerifCJKkr(0)/m/it/8.5 가드 위반률은 󴩄.󴩄󴩅󴩄에서 
󴩄.󴩄󴩄󴩄으로 낮아졌다. 그러나 난수
 []


Underfull \hbox (badness 1377) in paragraph at lines 193--194
[]\TU/NotoSerifCJKkr(0)/m/it/8.5 다중 주행의 표준 평가와 미관측 
수치 평가는 단색 영상과
 []


Underfull \hbox (badness 4036) in paragraph at lines 193--194
\TU/NotoSerifCJKkr(0)/m/it/8.5 반대 행동 영상에서도 세 난수 초기
값 모두 후보 정확도와
 []


Underfull \hbox (badness 2469) in paragraph at lines 213--214
\TU/NotoSerifCJKkr(0)/m/it/8.5 정지와 차선 변경에서도 나타났다. 
그러나 복합 표현 변화
 []

<../latex-kiee-review-2022/figures/fig05_temporal_pair.png, id=295, 616.266pt x
 275.6115pt>
File: ../latex-kiee-review-2022/figures/fig05_temporal_pair.png Graphic file (t
ype png)
<use ../latex-kiee-review-2022/figures/fig05_temporal_pair.png>
Package luatex.def Info: ../latex-kiee-review-2022/figures/fig05_temporal_pair.
png  used on input line 217.
(luatex.def)             Requested size: 485.11855pt x 216.96109pt.
[10]
Underfull \hbox (badness 2005) in paragraph at lines 225--226
[]\TU/NotoSerifCJKkr(0)/b/n/8.5 확인 목적.[] \TU/NotoSerifCJKkr(0)/m/it/8.5
 앞의 실험은 VLM이 미리 주어진 후보를 한 번
 []


Underfull \hbox (badness 4120) in paragraph at lines 230--231
[]\TU/NotoSerifCJKkr(0)/m/it/8.5 해제 후 재위험 episode의 핵심 상태
전이는 $[] \OMS/cmsy/m/n/8.5 !
 []


Underfull \hbox (badness 2469) in paragraph at lines 234--235
\TU/NotoSerifCJKkr(0)/m/it/8.5 대리 지표다. 이 평가는 개별 개입
이 반드시 필요했는지를
 []

<../latex-kiee-review-2022/figures/fig06_release_reversal.png, id=307, 687.5505
pt x 282.8385pt>
File: ../latex-kiee-review-2022/figures/fig06_release_reversal.png Graphic file
 (type png)
<use ../latex-kiee-review-2022/figures/fig06_release_reversal.png>
Package luatex.def Info: ../latex-kiee-review-2022/figures/fig06_release_revers
al.png  used on input line 238.
(luatex.def)             Requested size: 485.11855pt x 199.56516pt.

Underfull \hbox (badness 2213) in paragraph at lines 244--245
\TU/NotoSerifCJKkr(0)/m/it/8.5 단조 단계 계약과 계약+차단장치는 
모두 󴩄%였다. 이 경우
 []


Underfull \hbox (badness 5345) in paragraph at lines 248--249
[]\TU/NotoSerifCJKkr(0)/m/it/8.5 같은 해제 후 재위험 bank에서 동적 
계약은 단조 단계
 []

[11]
Underfull \hbox (badness 2772) in paragraph at lines 250--251
[]\TU/NotoSerifCJKkr(0)/m/it/8.5 모든 조건의 목표 완료율은 󴩅󴩄
󴩄%였으므로 낮은 위반률이
 []


Underfull \hbox (badness 1742) in paragraph at lines 269--270
\TU/NotoSerifCJKkr(0)/m/it/8.5 ID와 OOD 조건은 차단장치 없이도 위
반과 충돌이 󴩄이었다.
 []


Underfull \hbox (badness 3428) in paragraph at lines 269--270
\TU/NotoSerifCJKkr(0)/m/it/8.5 차단장치는 추가적인 이진 안전 이
득 없이 episode당 각각
 []


Underfull \hbox (badness 1019) in paragraph at lines 272--273
\TU/NotoSerifCJKkr(0)/m/it/8.5 때 문장에 적히지 않은 일부 제약도 
행동 예에서 학습되었다.
 []

) (./sections/07-discussion.tex [12<../latex-kiee-review-2022/figures/fig05_temp
oral_pair.png><../latex-kiee-review-2022/figures/fig06_release_reversal.png>]
Underfull \hbox (badness 2368) in paragraph at lines 4--5
\TU/NotoSerifCJKkr(0)/m/it/8.5 어디까지 해석할 수 있는지 설명한
다. 핵심은 기본 CoC를
 []


Underfull \hbox (badness 1953) in paragraph at lines 8--9
[]\TU/NotoSerifCJKkr(0)/m/it/8.5 기본 CoC는 ”보행자에게 양보한 
뒤 진행한다”처럼 달성할
 []


Underfull \hbox (badness 1102) in paragraph at lines 8--9
\TU/NotoSerifCJKkr(0)/m/it/8.5 그 행동을 언제, 어느 범위에서 허
용할지를 정한다. Safety-
 []


Underfull \hbox (badness 1009) in paragraph at lines 10--11
[]\TU/NotoSerifCJKkr(0)/m/it/8.5 표준 시간 과제에서 기본 CoC(제약 
없음)의 가드 위반률은
 []


Underfull \hbox (badness 2088) in paragraph at lines 16--17
[]\TU/NotoSerifCJKkr(0)/m/it/8.5 표준 시간 과제의 position-only ab-la-tio
n에서 제약 통합
 []


Underfull \hbox (badness 1418) in paragraph at lines 16--17
\TU/NotoSerifCJKkr(0)/m/it/8.5 수 없다. 한편 위치를 별도 필드로 
고정하면 올바른 대응과
 []


Underfull \hbox (badness 10000) in paragraph at lines 18--19
[]\TU/NotoSerifCJKkr(0)/m/it/8.5 그러나 이 결과만으로 자연어가 
논리식보다 본질적으로
 []


Underfull \hbox (badness 1584) in paragraph at lines 18--19
\TU/NotoSerifCJKkr(0)/m/it/8.5 제약도 위반률 󴩄.󴩄󴩄󴩄과 계약 
쌍 정확도 󴩅.󴩄󴩄󴩄을 기록하였다.
 []


Underfull \hbox (badness 1163) in paragraph at lines 22--23
[]\TU/NotoSerifCJKkr(0)/m/it/8.5 다중 주행의 복합 표현 변화 평가
에서 관찰된 오답 󴩅󴩉개는
 []


Underfull \hbox (badness 6708) in paragraph at lines 24--25
[]\TU/NotoSerifCJKkr(0)/m/it/8.5 먼저 모델은 자연어 Safety-Constrained 
CoC에서 행동
 []


Underfull \hbox (badness 2762) in paragraph at lines 26--27
[]\TU/NotoSerifCJKkr(0)/m/it/8.5 저장 어댑터의 재평가는 이 구조
의 실용적 이점과 한계를
 []


Underfull \hbox (badness 1418) in paragraph at lines 26--27
\TU/NotoSerifCJKkr(0)/m/it/8.5 과도하게 보수적인 차선 변경 선택
이었다. []즉 이 복합 표현
 []


Underfull \hbox (badness 7221) in paragraph at lines 28--29
[]\TU/NotoSerifCJKkr(0)/m/it/8.5 이 과정에서는 ”미만”과 ”이하
”처럼 경계값 포함 여부를
 []

<../latex-kiee-review-2022/figures/fig05_typed_contract.png, id=330, 218.781pt 
x 261.8145pt>
File: ../latex-kiee-review-2022/figures/fig05_typed_contract.png Graphic file (
type png)
<use ../latex-kiee-review-2022/figures/fig05_typed_contract.png>
Package luatex.def Info: ../latex-kiee-review-2022/figures/fig05_typed_contract
.png  used on input line 32.
(luatex.def)             Requested size: 221.96225pt x 264.50566pt.

Underfull \hbox (badness 2012) in paragraph at lines 39--40
\TU/NotoSerifCJKkr(0)/m/it/8.5 계약은 가드 위반률을 󴩈󴩊.󴩊%에
서 󴩆󴩅.󴩈%로 줄였지만 위반을
 []


Underfull \vbox (badness 10000) has occurred while \output is active []

 [13]
Underfull \hbox (badness 1546) in paragraph at lines 41--42
[]\TU/NotoSerifCJKkr(0)/m/it/8.5 차단장치도 모든 문제를 해결하지
는 못한다. 계약 정보가
 []


Underfull \hbox (badness 1803) in paragraph at lines 41--42
\TU/NotoSerifCJKkr(0)/m/it/8.5 󴩄.󴩈초 늦게 도착했을 때 계약+차
단장치의 위반률은 󴩇󴩈.󴩌%로
 []


Underfull \hbox (badness 1418) in paragraph at lines 41--42
\TU/NotoSerifCJKkr(0)/m/it/8.5 상태로 돌아갈 수 있어야 한다. 계
약이 어느 시점의 상황을
 []


Underfull \hbox (badness 2469) in paragraph at lines 43--44
\TU/NotoSerifCJKkr(0)/m/it/8.5 드러낸다. 출발 허용은 영구적인 단
계 완료가 아니라 현재
 []


Underfull \hbox (badness 2181) in paragraph at lines 43--44
\TU/NotoSerifCJKkr(0)/m/it/8.5 󴩅󴩅.󴩊%p 낮췄다. 반대로 계약 갱
신이 󴩄.󴩈초 늦어지면 동적
 []


Underfull \hbox (badness 1721) in paragraph at lines 45--46
\TU/NotoSerifCJKkr(0)/m/it/8.5 판단해야 함을 보여준다. 해제 후 
재위험에서는 위반ㆍ충돌
 []


Underfull \hbox (badness 10000) in paragraph at lines 45--46
\TU/NotoSerifCJKkr(0)/m/it/8.5 감소가 있었지만 episode당 󴩍.󴩍󴩇
󴩉회 개입과 가가속도
 []


Underfull \hbox (badness 3942) in paragraph at lines 45--46
\TU/NotoSerifCJKkr(0)/m/it/8.5 증가가 동반되었다. 반대로 phase-comple
te bank에서는
 []


Underfull \hbox (badness 10000) in paragraph at lines 45--46
\TU/NotoSerifCJKkr(0)/m/it/8.5 󴩅.󴩆󴩊󴩍--󴩆.󴩉󴩇󴩍회 개입
하고 진행거리와 가가속도가 소폭
 []


Underfull \hbox (badness 1721) in paragraph at lines 45--46
\TU/NotoSerifCJKkr(0)/m/it/8.5 악화되었지만 추가적인 이진 안전 
이득은 없었다. 그러므로
 []


Underfull \vbox (badness 10000) has occurred while \output is active []


Underfull \hbox (badness 4036) in paragraph at lines 49--50
\TU/NotoSerifCJKkr(0)/m/it/8.5 합성 이미지와 수치가 적힌 궤적 후
보를 주고 그중 하나를
 []


Underfull \hbox (badness 1418) in paragraph at lines 49--50
\TU/NotoSerifCJKkr(0)/m/it/8.5 선택하게 한 실험이다. 따라서 이 
실험이 직접 확인한 것은
 []


Underfull \hbox (badness 2762) in paragraph at lines 57--58
[]\TU/NotoSerifCJKkr(0)/m/it/8.5 후보 문자를 장면마다 바꾸어 같
은 문자만 고르는 암기를
 []


Underfull \hbox (badness 1418) in paragraph at lines 57--58
\TU/NotoSerifCJKkr(0)/m/it/8.5 구분하였다. 시간 및 다중 주행 과
제는 세 난수 초기값으로
 []


Underfull \hbox (badness 3312) in paragraph at lines 59--60
[]\TU/NotoSerifCJKkr(0)/m/it/8.5 다만 반복 횟수가 세 번으로 적고, 
정적 후보 결과는 한
 []


Underfull \hbox (badness 1418) in paragraph at lines 59--60
\TU/NotoSerifCJKkr(0)/m/it/8.5 난수 초기값만 사용하였다. []시간 
표와 다중 주행 표는 기존
 []


Underfull \hbox (badness 6944) in paragraph at lines 59--60
\TU/NotoSerifCJKkr(0)/m/it/8.5 보고한다. 두 정의의 차이와 해석 
범위는 󴩉장 도입부에
 []

[14<../latex-kiee-review-2022/figures/fig05_typed_contract.png>]
Underfull \hbox (badness 1377) in paragraph at lines 61--62
\TU/NotoSerifCJKkr(0)/m/it/8.5 가능성이 있다. 따라서 󴩅.󴩄󴩄
󴩄은 해당 표준 분포에서의 가드
 []


Underfull \hbox (badness 1895) in paragraph at lines 61--62
\TU/NotoSerifCJKkr(0)/m/it/8.5 조건화 학습을 보여주지만, 일반적
인 수치 추론 능력이나 더
 []


Underfull \hbox (badness 1048) in paragraph at lines 61--62
\TU/NotoSerifCJKkr(0)/m/it/8.5 어려운 조건에서의 성능을 입증하
지 않는다. 표 []󴩅󴩄[]의 hard-
 []


Underfull \hbox (badness 1540) in paragraph at lines 61--62
\TU/NotoSerifCJKkr(0)/m/it/8.5 있으므로 하락을 특정 난이도 요인 
하나의 효과로 단정할 수
 []


Underfull \hbox (badness 1297) in paragraph at lines 65--66
[]\TU/NotoSerifCJKkr(0)/m/it/8.5 본 논문은 주어진 실행 가드를 CoC
와 결합했을 때 모델의
 []


Underfull \hbox (badness 1895) in paragraph at lines 67--68
\TU/NotoSerifCJKkr(0)/m/it/8.5 도메인 전문가의 검토와 출처 추적
을 거친 뒤, 시뮬레이션과
 []

) (./sections/08-conclusion.tex
Underfull \hbox (badness 7851) in paragraph at lines 73--1
[]\TU/NotoSerifCJKkr(0)/m/it/8.5 또한 본 논문의 실행 가드는 도로 
안전 전체가 아니라
 []


Underfull \hbox (badness 4492) in paragraph at lines 73--1
\TU/NotoSerifCJKkr(0)/m/it/8.5 실제 도로에서는 센서에 보행자나 
차량이 실제로 보이는지,
 []


Underfull \hbox (badness 4846) in paragraph at lines 73--1
\TU/NotoSerifCJKkr(0)/m/it/8.5 보행자·자전거·차량의 위치와 이
동 경로가 어떻게 겹치는지,
 []


Underfull \hbox (badness 10000) in paragraph at lines 73--1
\TU/NotoSerifCJKkr(0)/m/it/8.5 센서의 어느 시점과 대응하는지 기
록하고, 사람의 검토나
 []


Underfull \hbox (badness 2875) in paragraph at lines 73--1
\TU/NotoSerifCJKkr(0)/m/it/8.5 따라서 다음 단계는 작은 VLM 결과를 
실제 안전으로 확대
 []


Underfull \hbox (badness 2626) in paragraph at lines 4--5
[]\TU/NotoSerifCJKkr(0)/m/it/8.5 기본 CoC는 주행 장면에서 선택한 
행동의 이유와 목표를
 []


Underfull \hbox (badness 1454) in paragraph at lines 4--5
\TU/NotoSerifCJKkr(0)/m/it/8.5 허용 조건을 보완하기 위해 기본 CoC
와 실행 가드를 하나의
 []


Underfull \hbox (badness 1019) in paragraph at lines 6--7
\TU/NotoSerifCJKkr(0)/m/it/8.5 합성 연속 장면 영상의 시간 정보에 
대한 의존성을 보였지만,
 []


Underfull \hbox (badness 1377) in paragraph at lines 8--9
\TU/NotoSerifCJKkr(0)/m/it/8.5 쌍 정확도는 모두 󴩅.󴩄󴩄󴩄이었
다. 정적 과제의 목표 완료율과
 []


Underfull \hbox (badness 1796) in paragraph at lines 10--11
\TU/NotoSerifCJKkr(0)/m/it/8.5 학습과 준수를 다루었을 뿐, 실제 CoC
와 주행 환경으로부터
 []

[15]
Underfull \hbox (badness 1184) in paragraph at lines 12--13
\TU/NotoSerifCJKkr(0)/m/it/8.5 개입, 진행거리 󴩄.󴩄󴩇󴩄 m 감소 
및 평균 절대 가가속도 󴩄.󴩇󴩄󴩊
 []

)
Underfull \hbox (badness 1014) in paragraph at lines 14--36
\TU/NotoSerifCJKkr(0)/m/it/8.5 제약 후보를 생성할 필요가 있다. 
생성된 후보는 값과 단위,
 []


(/home/jinhyun/prj_ws/prj_jin/guardsynth-cc/artifacts/projects/safety-constrain
ed-coc/public/kiee-review-002/revision-2026-09-30-001/main.bbl
Underfull \hbox (badness 2547) in paragraph at lines 4--8
\TU/NotoSerifCJKkr(0)/m/it/8 Vi-sion and Pat-tern Recog-ni-tion, pages 󴩅
󴩋󴩌󴩉󴩇--󴩅󴩋󴩌󴩊󴩆,
 []


Underfull \hbox (badness 1184) in paragraph at lines 17--20
[]\TU/NotoSerifCJKkr(0)/m/it/8 Chong-hao Sima, Ka-trin Renz, Kashyap Chitta, et al.
 []


Underfull \hbox (badness 1762) in paragraph at lines 35--40
\TU/NotoSerifCJKkr(0)/m/it/8 VLMs ready for au-tonomous driv-ing? an em-pir-i-ca
l
 []


Underfull \hbox (badness 1472) in paragraph at lines 42--45
[]\TU/NotoSerifCJKkr(0)/m/it/8 Shai Shalev-Shwartz, Shaked Shammah, and Am-non
 []


Underfull \hbox (badness 1205) in paragraph at lines 60--63
[]\TU/NotoSerifCJKkr(0)/m/it/8 Lin-rui Zhang, Zheng-hao Peng, Quanyi Li, and Bol
ei
 []

) [16]
(/home/jinhyun/prj_ws/prj_jin/guardsynth-cc/artifacts/projects/safety-constrain
ed-coc/public/kiee-review-002/revision-2026-09-30-001/main.aux)

LaTeX Font Warning: Size substitutions with differences
(Font)              up to 0.75pt have occurred.


LaTeX Font Warning: Some font shapes were not available, defaults substituted.

Package rerunfilecheck Info: File `main.out' has not changed.
(rerunfilecheck)             Checksum: <no file>.
)

Here is how much of LuaTeX's memory you used:
 16685 strings out of 478382
 156267,1977958 words of node,token memory allocated
 515 words of node memory still in use:
   6 hlist, 2 vlist, 2 rule, 2 glue, 4 kern, 1 glyph, 10 attribute, 55 glue_spec
, 10 attribute_list, 1 write nodes
   avail lists: 1:1,2:1816,3:702,4:64,5:1463,6:250,7:13156,8:57,9:1738,10:29,11:
580
 36015 multiletter control sequences out of 65536+600000
 87 fonts using 237208519 bytes
 87i,13n,92p,1733b,435s stack positions out of 10000i,1000n,20000p,200000b,200000s
</usr/share/texmf/fonts/opentype/public/lm/lmmono9-regular.otf><../latex-kiee-re
view-2022/fonts/NotoSerifCJKkr-Regular.otf><../latex-kiee-review-2022/fonts/Noto
SerifCJKkr-Bold.otf></usr/share/texlive/texmf-dist/fonts/type1/public/amsfonts/c
mextra/cmex9.pfb></usr/share/texlive/texmf-dist/fonts/type1/public/amsfonts/cm/c
mmi6.pfb></usr/share/texlive/texmf-dist/fonts/type1/public/amsfonts/cm/cmmi7.pfb
></usr/share/texlive/texmf-dist/fonts/type1/public/amsfonts/cm/cmmi8.pfb></usr/s
hare/texlive/texmf-dist/fonts/type1/public/amsfonts/cm/cmr5.pfb></usr/share/texl
ive/texmf-dist/fonts/type1/public/amsfonts/cm/cmr6.pfb></usr/share/texlive/texmf
-dist/fonts/type1/public/amsfonts/cm/cmr7.pfb></usr/share/texlive/texmf-dist/fon
ts/type1/public/amsfonts/cm/cmr8.pfb></usr/share/texlive/texmf-dist/fonts/type1/
public/amsfonts/cm/cmsy6.pfb></usr/share/texlive/texmf-dist/fonts/type1/public/a
msfonts/cm/cmsy7.pfb></usr/share/texlive/texmf-dist/fonts/type1/public/amsfonts/
cm/cmsy8.pfb>
Output written on main.pdf (16 pages, 801839 bytes).

PDF statistics: 420 PDF objects out of 1000 (max. 8388607)
 363 compressed objects within 4 object streams
 124 named destinations out of 1000 (max. 131072)
 267 words of extra memory for PDF output out of 10000 (max. 100000000)

