\BOOKMARK [1][-]{section*.4}{\376\377\0001\000\040\310\034\272\251\254\374\000\040\311\021\302\354\000\040\310\374\307\245}{}% 1
\BOOKMARK [1][-]{section*.6}{\376\377\0002\000\040\315\010\270\135\000\040\315\010\305\110}{}% 2
\BOOKMARK [1][-]{section*.8}{\376\377\0003\000\040\305\360\255\154\000\040\311\310\273\070\254\374\000\040\255\374\254\160}{}% 3
\BOOKMARK [1][-]{section*.10}{\376\377\0004\000\040\310\034\305\175\307\130\000\040\274\224\307\004\306\100\000\040\322\271\301\061\000\040\274\017\000\040\306\224\301\214}{}% 4
\BOOKMARK [1][-]{section*.15}{\376\377\0005\000\040\274\051\274\225\254\374\000\040\300\254\267\214\307\130\000\040\305\355\325\140}{}% 5
\BOOKMARK [1][-]{section*.17}{\376\377\0006\000\040\264\120\000\040\302\344\325\211\000\040\325\004\270\134\323\014\307\174}{}% 6
\BOOKMARK [1][-]{section*.21}{\376\377\0007\000\040\260\135\256\114\311\300\000\040\305\360\254\260\264\030\262\224\000\040\306\010\310\034}{}% 7
\BOOKMARK [1][-]{section*.26}{\376\377\0008\000\040\302\344\310\034\000\040\307\245\272\164\000\040\306\010\310\034\307\130\000\040\305\355\325\140}{}% 8
\BOOKMARK [1][-]{section*.28}{\376\377\0009\000\040\254\200\311\235\254\374\000\040\321\114\302\244\322\270\000\040\255\374\254\160}{}% 9
\BOOKMARK [1][-]{section*.31}{\376\377\0001\0000\000\040\302\344\325\330\000\040\255\154\301\061\254\374\000\040\324\134\274\370\000\040\262\350\307\004}{}% 10
\BOOKMARK [1][-]{section*.33}{\376\377\0001\0001\000\040\326\125\307\245\000\040\263\160\307\164\321\060\306\100\000\040\325\131\302\265\000\040\301\044\310\025}{}% 11
\BOOKMARK [1][-]{section*.38}{\376\377\0001\0002\000\040\311\300\324\134\306\100\000\040\321\265\254\304}{}% 12
\BOOKMARK [1][-]{section*.40}{\376\377\0001\0003\000\040\310\374\000\040\301\061\262\245\000\040\276\104\255\120}{}% 13
\BOOKMARK [1][-]{section*.45}{\376\377\0001\0004\000\040\305\354\301\057\000\040\310\160\254\164\307\130\000\040\274\364\315\251\000\040\302\030\316\130}{}% 14
\BOOKMARK [1][-]{section*.47}{\376\377\0001\0005\000\040\272\205\301\070\000\040\256\060\274\030\000\040\276\104\306\251\000\040\325\131\302\265}{}% 15
\BOOKMARK [1][-]{section*.49}{\376\377\0001\0006\000\040\315\224\254\000\000\040\325\211\263\331\000\040\311\300\324\134\306\100\000\040\314\230\271\254\000\040\302\334\254\004}{}% 16
\BOOKMARK [1][-]{section*.51}{\376\377\0001\0007\000\040\300\254\310\004\000\040\323\020\310\025\254\374\000\040\274\364\254\340\000\040\315\010\310\020}{}% 17
\BOOKMARK [1][-]{section*.53}{\376\377\0001\0008\000\040\310\374\307\245\254\374\000\040\255\374\254\160\307\130\000\040\254\275\254\304}{}% 18
\BOOKMARK [1][-]{section*.55}{\376\377\0001\0009\000\040\255\000\270\050\000\040\305\360\255\154\307\130\000\040\305\360\254\260\000\040\315\225}{}% 19
\BOOKMARK [1][-]{section*.57}{\376\377\0002\0000\000\040\274\370\273\070\254\374\000\040\274\364\315\251\307\220\270\314\000\040\255\154\301\061}{}% 20
\BOOKMARK [1][-]{section*.59}{\376\377\0002\0001\000\040\307\254\326\004\000\040\307\220\270\314\000\040\300\311\307\170}{}% 21
\BOOKMARK [1][-]{section*.61}{\376\377\0002\0002\000\040\322\054\254\340\000\040\310\004\000\040\260\250\307\100\000\040\311\321\325\104\000\040\307\221\305\305}{}% 22
\BOOKMARK [1][-]{section*.63}{\376\377\0002\0003\000\040\000I\000E\000E\000E\000\040\000A\000c\000c\000e\000s\000s\000\040\306\320\254\340\000\040\311\000\276\104}{}% 23
