\BOOKMARK [1][-]{section.1}{\376\377\301\034\270\140}{}% 1
\BOOKMARK [1][-]{section.2}{\376\377\255\000\270\050\000\040\305\360\255\154}{}% 2
\BOOKMARK [2][-]{subsection.2.1}{\376\377\315\224\270\140\000\040\256\060\274\030\000\040\307\220\307\050\310\374\325\211\254\374\000\040\000C\000o\000C}{section.2}% 3
\BOOKMARK [2][-]{subsection.2.2}{\376\377\255\120\321\265\000\040\255\334\316\131\307\130\000\040\272\205\301\070\306\100\000\040\255\334\310\025\000\040\256\060\274\030\000\040\323\020\262\350}{section.2}% 4
\BOOKMARK [2][-]{subsection.2.3}{\376\377\307\220\305\360\305\264\040\023\310\025\326\025\000\040\272\205\301\070\000\040\274\300\326\130\254\374\000\040\310\034\305\264\000\040\307\220\305\360\305\264}{section.2}% 5
\BOOKMARK [2][-]{subsection.2.4}{\376\377\274\370\000\040\305\360\255\154\307\130\000\040\307\004\316\130}{section.2}% 6
\BOOKMARK [1][-]{section.3}{\376\377\274\060\254\275}{}% 7
\BOOKMARK [2][-]{subsection.3.1}{\376\377\302\334\254\001\305\270\305\264\272\250\263\170\254\374\000\040\000C\000h\000a\000i\000n\000\040\000o\000f\000\040\000C\000a\000u\000s\000a\000t\000i\000o\000n}{section.3}% 8
\BOOKMARK [2][-]{subsection.3.2}{\376\377\261\174\271\254\000\040\272\205\301\070\306\100\000\040\271\314\310\161\000\040\254\000\262\245\301\061\000\040\256\060\274\030\000\040\254\200\311\235}{section.3}% 9
\BOOKMARK [3][-]{subsubsection.3.2.1}{\376\377\271\314\310\161\000\040\254\000\262\245\301\061\254\374\000\040\274\030\270\100}{subsection.3.2}% 10
\BOOKMARK [3][-]{subsubsection.3.2.2}{\376\377\307\040\325\134\000\040\302\334\254\004\000\040\274\224\307\004\306\100\000\040\254\000\310\025}{subsection.3.2}% 11
\BOOKMARK [2][-]{subsection.3.3}{\376\377\321\265\310\034\000\040\307\220\305\360\305\264}{section.3}% 12
\BOOKMARK [2][-]{subsection.3.4}{\376\377\310\000\267\255\320\154\000\040\310\001\307\121\000\040\325\131\302\265}{section.3}% 13
\BOOKMARK [1][-]{section.4}{\376\377\310\034\305\110\000\040\274\051\274\225}{}% 14
\BOOKMARK [2][-]{subsection.4.1}{\376\377\310\004\314\264\000\040\310\021\255\374\254\374\000\040\307\205\315\234\270\045}{section.4}% 15
\BOOKMARK [2][-]{subsection.4.2}{\376\377\000E\000B\000L\000C\271\174\000\040\307\164\306\251\325\134\000\040\310\025\326\025\000\040\272\205\301\070}{section.4}% 16
\BOOKMARK [3][-]{subsubsection.4.2.1}{\376\377\272\205\301\070\000\040\274\224\307\004\306\100\000\040\255\154\301\061\000\040\306\224\301\214}{subsection.4.2}% 17
\BOOKMARK [3][-]{subsubsection.4.2.2}{\376\377\254\304\305\175\307\130\000\040\310\025\307\130\306\100\000\040\325\164\301\035}{subsection.4.2}% 18
\BOOKMARK [3][-]{subsubsection.4.2.3}{\376\377\302\334\254\004\000\040\325\004\270\134\323\014\307\174\307\130\000\040\255\154\273\070\254\374\000\040\307\130\273\370}{subsection.4.2}% 19
\BOOKMARK [3][-]{subsubsection.4.2.4}{\376\377\310\025\301\061\310\001\000\040\325\004\270\134\323\014\307\174\307\130\000\040\302\030\272\205\310\374\256\060\000\040\307\130\273\370}{subsection.4.2}% 20
\BOOKMARK [3][-]{subsubsection.4.2.5}{\376\377\000E\000B\000L\000C\000\040\325\004\270\134\323\014\307\174\307\104\000\040\300\254\306\251\325\130\262\224\000\040\307\164\307\040}{subsection.4.2}% 21
\BOOKMARK [2][-]{subsection.4.3}{\376\377\325\211\263\331\000\040\310\034\305\175\307\130\000\040\310\025\307\130\306\100\000\040\315\224\315\234}{section.4}% 22
\BOOKMARK [3][-]{subsubsection.4.3.1}{\376\377\310\034\305\175\000\040\326\304\274\364\306\100\000\040\255\374\254\160\307\130\000\040\275\204\271\254}{subsection.4.3}% 23
\BOOKMARK [3][-]{subsubsection.4.3.2}{\376\377\272\205\301\070\326\124\000\040\310\010\314\050\306\100\000\040\307\220\263\331\326\124\000\040\274\224\307\004}{subsection.4.3}% 24
\BOOKMARK [3][-]{subsubsection.4.3.3}{\376\377\307\164\305\264\311\300\262\224\000\040\302\334\254\004\000\040\306\010\310\034}{subsection.4.3}% 25
\BOOKMARK [3][-]{subsubsection.4.3.4}{\376\377\305\264\265\244\000\040\310\034\305\175\307\104\000\040\305\264\265\024\305\320\301\034\000\040\315\224\315\234\325\130\254\340\000\040\305\264\265\024\305\320\000\040\261\043\262\224\254\000}{subsection.4.3}% 26
\BOOKMARK [2][-]{subsection.4.4}{\376\377\000C\000o\000C\306\100\000\040\305\360\254\260\264\034\000\040\000E\000B\000L\000C\000\040\272\205\301\070\307\130\000\040\254\200\311\235}{section.4}% 27
\BOOKMARK [3][-]{subsubsection.4.4.1}{\376\377\305\360\254\260\000\040\326\125\307\170\254\374\000\040\000C\000o\000r\000e\000\040\274\300\326\130}{subsection.4.4}% 28
\BOOKMARK [3][-]{subsubsection.4.4.2}{\376\377\254\200\311\235\000\040\301\215\301\061\254\374\000\040\311\310\307\130}{subsection.4.4}% 29
\BOOKMARK [3][-]{subsubsection.4.4.3}{\376\377\000S\000M\000T\000\040\324\134\326\004\254\374\000\040\254\260\254\374\307\130\000\040\307\130\273\370}{subsection.4.4}% 30
\BOOKMARK [2][-]{subsection.4.5}{\376\377\000C\000N\000L\000\040\300\335\301\061\254\374\000\040\000C\000o\000C\000\040\274\364\254\025}{section.4}% 31
\BOOKMARK [3][-]{subsubsection.4.5.1}{\376\377\254\200\311\235\264\034\000\040\272\205\301\070\305\320\301\034\000\040\273\070\307\245\000\040\300\335\301\061}{subsection.4.5}% 32
\BOOKMARK [3][-]{subsubsection.4.5.2}{\376\377\307\130\273\370\000\040\263\000\307\121\307\130\000\040\274\224\307\004}{subsection.4.5}% 33
\BOOKMARK [3][-]{subsubsection.4.5.3}{\376\377\000C\000o\000C\306\100\000\040\325\131\302\265\000\040\307\205\270\045\307\130\000\040\254\260\325\151}{subsection.4.5}% 34
\BOOKMARK [2][-]{subsection.4.6}{\376\377\254\374\310\034\305\320\301\034\000\040\310\034\305\175\000\040\325\104\264\334\000\267\261\174\271\254\302\335\000\267\000C\000N\000L\000\267\323\311\254\000\000\040\323\020\310\025\256\114\311\300}{section.4}% 35
\BOOKMARK [1][-]{section.5}{\376\377\302\344\325\330\000\040\301\044\310\025}{}% 36
\BOOKMARK [2][-]{subsection.5.1}{\376\377\323\311\254\000\000\040\272\251\310\001\254\374\000\040\301\044\310\025}{section.5}% 37
\BOOKMARK [1][-]{section.6}{\376\377\254\260\254\374}{}% 38
\BOOKMARK [2][-]{subsection.6.1}{\376\377\305\354\267\354\000\040\325\211\263\331\000\040\254\374\310\034\307\130\000\040\301\061\262\245}{section.6}% 39
\BOOKMARK [2][-]{subsection.6.2}{\376\377\310\034\305\175\000\040\274\300\254\275\254\374\000\040\305\360\254\260\307\130\000\040\306\001\325\245}{section.6}% 40
\BOOKMARK [2][-]{subsection.6.3}{\376\377\272\205\301\070\306\100\000\040\000C\000N\000L\307\130\000\040\254\200\300\254\000\040\254\000\262\245\301\061}{section.6}% 41
\BOOKMARK [2][-]{subsection.6.4}{\376\377\273\370\325\131\302\265\000\040\310\160\254\164\254\374\000\040\325\164\301\035\000\040\274\224\307\004}{section.6}% 42
\BOOKMARK [1][-]{section.7}{\376\377\261\174\307\130}{}% 43
\BOOKMARK [2][-]{subsection.7.1}{\376\377\000C\000o\000C\305\320\301\034\000\040\272\205\302\334\310\001\000\040\325\211\263\331\000\040\310\034\305\175\307\130\000\040\305\355\325\140}{section.7}% 44
\BOOKMARK [2][-]{subsection.7.2}{\376\377\310\034\305\175\000\040\254\034\274\034\307\104\000\040\311\300\306\320\325\130\262\224\000\040\310\025\326\025\000\040\272\205\301\070\307\130\000\040\254\000\316\130}{section.7}% 45
\BOOKMARK [2][-]{subsection.7.3}{\376\377\255\374\254\160\307\130\000\040\320\300\262\371\301\061\000,\000\040\272\205\301\070\000\040\254\200\311\235\000,\000\040\325\211\263\331\000\040\311\000\302\030\307\130\000\040\255\154\274\304}{section.7}% 46
\BOOKMARK [2][-]{subsection.7.4}{\376\377\310\001\306\251\000\040\274\224\307\004\306\100\000\040\326\304\301\215\000\040\326\125\307\245}{section.7}% 47
\BOOKMARK [1][-]{section.8}{\376\377\254\260\270\140}{}% 48
