This is pdfTeX, Version 3.141592653-2.6-1.40.24 (TeX Live 2022/Debian) (preloaded format=pdflatex 2026.7.22)  30 SEP 2026 17:56
entering extended mode
 restricted \write18 enabled.
 %&-line parsing enabled.
**/home/jinhyun/prj_ws/prj_jin/guardsynth-cc/projects/04-guardsynth-coc/paper/m
ain.tex

(/home/jinhyun/prj_ws/prj_jin/guardsynth-cc/projects/04-guardsynth-coc/paper/ma
in.tex
LaTeX2e <2022-11-01> patch level 1
L3 programming layer <2023-01-16> (./ieeeaccess.cls
(/home/jinhyun/prj_ws/prj_jin/guardsynth-cc/projects/04-guardsynth-coc/paper/ie
ee-access-template//IEEEtran.cls

LaTeX Warning: You have requested document class `/home/jinhyun/prj_ws/prj_jin/
guardsynth-cc/projects/04-guardsynth-coc/paper/ieee-access-template//IEEEtran',

               but the document class provides `IEEEtran'.

Document Class: IEEEtran 2015/08/26 V1.8b by Michael Shell
-- See the "IEEEtran_HOWTO" manual for usage information.
-- http://www.michaelshell.org/tex/ieeetran/
\@IEEEtrantmpdimenA=\dimen140
\@IEEEtrantmpdimenB=\dimen141
\@IEEEtrantmpdimenC=\dimen142
\@IEEEtrantmpcountA=\count185
\@IEEEtrantmpcountB=\count186
\@IEEEtrantmpcountC=\count187
\@IEEEtrantmptoksA=\toks16
LaTeX Font Info:    Trying to load font information for OT1+ptm on input line 5
03.
(/usr/share/texlive/texmf-dist/tex/latex/psnfss/ot1ptm.fd
File: ot1ptm.fd 2001/06/04 font definitions for OT1/ptm.
)
-- Using 8.5in x 11in (letter) paper.
-- Using PDF output.
\@IEEEnormalsizeunitybaselineskip=\dimen143
-- This is a 10 point document.
\CLASSINFOnormalsizebaselineskip=\dimen144
\CLASSINFOnormalsizeunitybaselineskip=\dimen145
\IEEEnormaljot=\dimen146
LaTeX Font Info:    Font shape `OT1/ptm/bx/n' in size <5> not available
(Font)              Font shape `OT1/ptm/b/n' tried instead on input line 1090.
LaTeX Font Info:    Font shape `OT1/ptm/bx/it' in size <5> not available
(Font)              Font shape `OT1/ptm/b/it' tried instead on input line 1090.

LaTeX Font Info:    Font shape `OT1/ptm/bx/n' in size <7> not available
(Font)              Font shape `OT1/ptm/b/n' tried instead on input line 1090.
LaTeX Font Info:    Font shape `OT1/ptm/bx/it' in size <7> not available
(Font)              Font shape `OT1/ptm/b/it' tried instead on input line 1090.

LaTeX Font Info:    Font shape `OT1/ptm/bx/n' in size <8> not available
(Font)              Font shape `OT1/ptm/b/n' tried instead on input line 1090.
LaTeX Font Info:    Font shape `OT1/ptm/bx/it' in size <8> not available
(Font)              Font shape `OT1/ptm/b/it' tried instead on input line 1090.

LaTeX Font Info:    Font shape `OT1/ptm/bx/n' in size <9> not available
(Font)              Font shape `OT1/ptm/b/n' tried instead on input line 1090.
LaTeX Font Info:    Font shape `OT1/ptm/bx/it' in size <9> not available
(Font)              Font shape `OT1/ptm/b/it' tried instead on input line 1090.

LaTeX Font Info:    Font shape `OT1/ptm/bx/n' in size <10> not available
(Font)              Font shape `OT1/ptm/b/n' tried instead on input line 1090.
LaTeX Font Info:    Font shape `OT1/ptm/bx/it' in size <10> not available
(Font)              Font shape `OT1/ptm/b/it' tried instead on input line 1090.

LaTeX Font Info:    Font shape `OT1/ptm/bx/n' in size <11> not available
(Font)              Font shape `OT1/ptm/b/n' tried instead on input line 1090.
LaTeX Font Info:    Font shape `OT1/ptm/bx/it' in size <11> not available
(Font)              Font shape `OT1/ptm/b/it' tried instead on input line 1090.

LaTeX Font Info:    Font shape `OT1/ptm/bx/n' in size <12> not available
(Font)              Font shape `OT1/ptm/b/n' tried instead on input line 1090.
LaTeX Font Info:    Font shape `OT1/ptm/bx/it' in size <12> not available
(Font)              Font shape `OT1/ptm/b/it' tried instead on input line 1090.

LaTeX Font Info:    Font shape `OT1/ptm/bx/n' in size <17> not available
(Font)              Font shape `OT1/ptm/b/n' tried instead on input line 1090.
LaTeX Font Info:    Font shape `OT1/ptm/bx/it' in size <17> not available
(Font)              Font shape `OT1/ptm/b/it' tried instead on input line 1090.

LaTeX Font Info:    Font shape `OT1/ptm/bx/n' in size <20> not available
(Font)              Font shape `OT1/ptm/b/n' tried instead on input line 1090.
LaTeX Font Info:    Font shape `OT1/ptm/bx/it' in size <20> not available
(Font)              Font shape `OT1/ptm/b/it' tried instead on input line 1090.

LaTeX Font Info:    Font shape `OT1/ptm/bx/n' in size <24> not available
(Font)              Font shape `OT1/ptm/b/n' tried instead on input line 1090.
LaTeX Font Info:    Font shape `OT1/ptm/bx/it' in size <24> not available
(Font)              Font shape `OT1/ptm/b/it' tried instead on input line 1090.

\IEEEquantizedlength=\dimen147
\IEEEquantizedlengthdiff=\dimen148
\IEEEquantizedtextheightdiff=\dimen149
\IEEEilabelindentA=\dimen150
\IEEEilabelindentB=\dimen151
\IEEEilabelindent=\dimen152
\IEEEelabelindent=\dimen153
\IEEEdlabelindent=\dimen154
\IEEElabelindent=\dimen155
\IEEEiednormlabelsep=\dimen156
\IEEEiedmathlabelsep=\dimen157
\IEEEiedtopsep=\skip48
\c@section=\count188
\c@subsection=\count189
\c@subsubsection=\count190
\c@paragraph=\count191
\c@IEEEsubequation=\count192
\abovecaptionskip=\skip49
\belowcaptionskip=\skip50
\c@figure=\count193
\c@table=\count194
\@IEEEeqnnumcols=\count195
\@IEEEeqncolcnt=\count196
\@IEEEsubeqnnumrollback=\count197
\@IEEEquantizeheightA=\dimen158
\@IEEEquantizeheightB=\dimen159
\@IEEEquantizeheightC=\dimen160
\@IEEEquantizeprevdepth=\dimen161
\@IEEEquantizemultiple=\count198
\@IEEEquantizeboxA=\box51
\@IEEEtmpitemindent=\dimen162
\IEEEPARstartletwidth=\dimen163
\c@IEEEbiography=\count199
\@IEEEtranrubishbin=\box52
) (/usr/share/texlive/texmf-dist/tex/generic/iftex/ifpdf.sty
Package: ifpdf 2019/10/25 v3.4 ifpdf legacy package. Use iftex instead.

(/usr/share/texlive/texmf-dist/tex/generic/iftex/iftex.sty
Package: iftex 2022/02/03 v1.0f TeX engine tests
))
(/usr/share/texlive/texmf-dist/tex/latex/xkeyval/xkeyval.sty
Package: xkeyval 2022/06/16 v2.9 package option processing (HA)

(/usr/share/texlive/texmf-dist/tex/generic/xkeyval/xkeyval.tex
(/usr/share/texlive/texmf-dist/tex/generic/xkeyval/xkvutils.tex
\XKV@toks=\toks17
\XKV@tempa@toks=\toks18

(/usr/share/texlive/texmf-dist/tex/generic/xkeyval/keyval.tex))
\XKV@depth=\count266
File: xkeyval.tex 2014/12/03 v2.7a key=value parser (HA)
)){/home/jinhyun/.texlive2022/texmf-var/fonts/map/pdftex/updmap/pdftex.map}{t1-
times.map}{t1-formata.map}{t1-giovannistd.map}
\@draftversionrule=\dimen164

(/usr/share/texlive/texmf-dist/tex/latex/graphics/color.sty
Package: color 2022/01/06 v1.3d Standard LaTeX Color (DPC)

(/usr/share/texlive/texmf-dist/tex/latex/graphics-cfg/color.cfg
File: color.cfg 2016/01/02 v1.6 sample color configuration
)
Package color Info: Driver file: pdftex.def on input line 149.

(/usr/share/texlive/texmf-dist/tex/latex/graphics-def/pdftex.def
File: pdftex.def 2022/09/22 v1.2b Graphics/color driver for pdftex
)
(/usr/share/texlive/texmf-dist/tex/latex/graphics/mathcolor.ltx))
(./spotcolor.sty
Package: spotcolor 2006/11/15 v1.2 Package for adding Spot Color support to pdf
LaTeX.
 (/usr/share/texlive/texmf-dist/tex/latex/graphics/graphics.sty
Package: graphics 2022/03/10 v1.4e Standard LaTeX Graphics (DPC,SPQR)
(/usr/share/texlive/texmf-dist/tex/latex/graphics/trig.sty
Package: trig 2021/08/11 v1.11 sin cos tan (DPC)
)
(/usr/share/texlive/texmf-dist/tex/latex/graphics-cfg/graphics.cfg
File: graphics.cfg 2016/06/04 v1.11 sample graphics configuration
)
Package graphics Info: Driver file: pdftex.def on input line 107.
)
\thecolorprofile=\count267
\thecolor=\count268
)
\PANTONE=\toks19
Package color Info: Redefining color black on input line 287.
\figbox=\box53
\titlewidth=\skip51
\abstractwidth=\skip52
\c@addrCtr=\count269
\abstractbox=\box54
\indexbox=\box55
\absht=\dimen165
\kwdht=\dimen166
\@tempcntc=\count270
\titlepgskip=\skip53
\maketitlebox=\box56
)
(/usr/share/texlive/texmf-dist/tex/latex/amsmath/amsmath.sty
Package: amsmath 2022/04/08 v2.17n AMS math features
\@mathmargin=\skip54

For additional information on amsmath, use the `?' option.
(/usr/share/texlive/texmf-dist/tex/latex/amsmath/amstext.sty
Package: amstext 2021/08/26 v2.01 AMS text

(/usr/share/texlive/texmf-dist/tex/latex/amsmath/amsgen.sty
File: amsgen.sty 1999/11/30 v2.0 generic functions
\@emptytoks=\toks20
\ex@=\dimen167
))
(/usr/share/texlive/texmf-dist/tex/latex/amsmath/amsbsy.sty
Package: amsbsy 1999/11/29 v1.2d Bold Symbols
\pmbraise@=\dimen168
)
(/usr/share/texlive/texmf-dist/tex/latex/amsmath/amsopn.sty
Package: amsopn 2022/04/08 v2.04 operator names
)
\inf@bad=\count271
LaTeX Info: Redefining \frac on input line 234.
\uproot@=\count272
\leftroot@=\count273
LaTeX Info: Redefining \overline on input line 399.
LaTeX Info: Redefining \colon on input line 410.
\classnum@=\count274
\DOTSCASE@=\count275
LaTeX Info: Redefining \ldots on input line 496.
LaTeX Info: Redefining \dots on input line 499.
LaTeX Info: Redefining \cdots on input line 620.
\Mathstrutbox@=\box57
\strutbox@=\box58
LaTeX Info: Redefining \big on input line 722.
LaTeX Info: Redefining \Big on input line 723.
LaTeX Info: Redefining \bigg on input line 724.
LaTeX Info: Redefining \Bigg on input line 725.
\big@size=\dimen169
LaTeX Font Info:    Redeclaring font encoding OML on input line 743.
LaTeX Font Info:    Redeclaring font encoding OMS on input line 744.
\macc@depth=\count276
LaTeX Info: Redefining \bmod on input line 905.
LaTeX Info: Redefining \pmod on input line 910.
LaTeX Info: Redefining \smash on input line 940.
LaTeX Info: Redefining \relbar on input line 970.
LaTeX Info: Redefining \Relbar on input line 971.
\c@MaxMatrixCols=\count277
\dotsspace@=\muskip16
\c@parentequation=\count278
\dspbrk@lvl=\count279
\tag@help=\toks21
\row@=\count280
\column@=\count281
\maxfields@=\count282
\andhelp@=\toks22
\eqnshift@=\dimen170
\alignsep@=\dimen171
\tagshift@=\dimen172
\tagwidth@=\dimen173
\totwidth@=\dimen174
\lineht@=\dimen175
\@envbody=\toks23
\multlinegap=\skip55
\multlinetaggap=\skip56
\mathdisplay@stack=\toks24
LaTeX Info: Redefining \[ on input line 2953.
LaTeX Info: Redefining \] on input line 2954.
)
(/usr/share/texlive/texmf-dist/tex/latex/amsfonts/amssymb.sty
Package: amssymb 2013/01/14 v3.01 AMS font symbols

(/usr/share/texlive/texmf-dist/tex/latex/amsfonts/amsfonts.sty
Package: amsfonts 2013/01/14 v3.01 Basic AMSFonts support
\symAMSa=\mathgroup4
\symAMSb=\mathgroup5
LaTeX Font Info:    Redeclaring math symbol \hbar on input line 98.
LaTeX Font Info:    Overwriting math alphabet `\mathfrak' in version `bold'
(Font)                  U/euf/m/n --> U/euf/b/n on input line 106.
))
(/usr/share/texlive/texmf-dist/tex/latex/booktabs/booktabs.sty
Package: booktabs 2020/01/12 v1.61803398 Publication quality tables
\heavyrulewidth=\dimen176
\lightrulewidth=\dimen177
\cmidrulewidth=\dimen178
\belowrulesep=\dimen179
\belowbottomsep=\dimen180
\aboverulesep=\dimen181
\abovetopsep=\dimen182
\cmidrulesep=\dimen183
\cmidrulekern=\dimen184
\defaultaddspace=\dimen185
\@cmidla=\count283
\@cmidlb=\count284
\@aboverulesep=\dimen186
\@belowrulesep=\dimen187
\@thisruleclass=\count285
\@lastruleclass=\count286
\@thisrulewidth=\dimen188
)
(/usr/share/texlive/texmf-dist/tex/latex/tools/array.sty
Package: array 2022/09/04 v2.5g Tabular extension package (FMi)
\col@sep=\dimen189
\ar@mcellbox=\box59
\extrarowheight=\dimen190
\NC@list=\toks25
\extratabsurround=\skip57
\backup@length=\skip58
\ar@cellbox=\box60
)
(/usr/share/texlive/texmf-dist/tex/latex/xcolor/xcolor.sty
Package: xcolor 2022/06/12 v2.14 LaTeX color extensions (UK)

(/usr/share/texlive/texmf-dist/tex/latex/graphics-cfg/color.cfg
File: color.cfg 2016/01/02 v1.6 sample color configuration
)
Package xcolor Info: Driver file: pdftex.def on input line 227.
LaTeX Info: Redefining \color on input line 711.

(/usr/share/texlive/texmf-dist/tex/latex/graphics/mathcolor.ltx)
Package xcolor Info: Model `cmy' substituted by `cmy0' on input line 1353.
Package xcolor Info: Model `hsb' substituted by `rgb' on input line 1357.
Package xcolor Info: Model `RGB' extended on input line 1369.
Package xcolor Info: Model `HTML' substituted by `rgb' on input line 1371.
Package xcolor Info: Model `Hsb' substituted by `hsb' on input line 1372.
Package xcolor Info: Model `tHsb' substituted by `hsb' on input line 1373.
Package xcolor Info: Model `HSB' substituted by `hsb' on input line 1374.
Package xcolor Info: Model `Gray' substituted by `gray' on input line 1375.
Package xcolor Info: Model `wave' substituted by `hsb' on input line 1376.
)
(/usr/share/texlive/texmf-dist/tex/latex/graphics/graphicx.sty
Package: graphicx 2021/09/16 v1.2d Enhanced LaTeX Graphics (DPC,SPQR)
\Gin@req@height=\dimen191
\Gin@req@width=\dimen192
)
(/usr/share/texlive/texmf-dist/tex/latex/hyperref/hyperref.sty
Package: hyperref 2022-11-13 v7.00u Hypertext links for LaTeX

(/usr/share/texlive/texmf-dist/tex/generic/ltxcmds/ltxcmds.sty
Package: ltxcmds 2020-05-10 v1.25 LaTeX kernel commands for general use (HO)
)
(/usr/share/texlive/texmf-dist/tex/generic/pdftexcmds/pdftexcmds.sty
Package: pdftexcmds 2020-06-27 v0.33 Utility functions of pdfTeX for LuaTeX (HO
)

(/usr/share/texlive/texmf-dist/tex/generic/infwarerr/infwarerr.sty
Package: infwarerr 2019/12/03 v1.5 Providing info/warning/error messages (HO)
)
Package pdftexcmds Info: \pdf@primitive is available.
Package pdftexcmds Info: \pdf@ifprimitive is available.
Package pdftexcmds Info: \pdfdraftmode found.
)
(/usr/share/texlive/texmf-dist/tex/latex/kvsetkeys/kvsetkeys.sty
Package: kvsetkeys 2022-10-05 v1.19 Key value parser (HO)
)
(/usr/share/texlive/texmf-dist/tex/generic/kvdefinekeys/kvdefinekeys.sty
Package: kvdefinekeys 2019-12-19 v1.6 Define keys (HO)
)
(/usr/share/texlive/texmf-dist/tex/generic/pdfescape/pdfescape.sty
Package: pdfescape 2019/12/09 v1.15 Implements pdfTeX's escape features (HO)
)
(/usr/share/texlive/texmf-dist/tex/latex/hycolor/hycolor.sty
Package: hycolor 2020-01-27 v1.10 Color options for hyperref/bookmark (HO)
)
(/usr/share/texlive/texmf-dist/tex/latex/letltxmacro/letltxmacro.sty
Package: letltxmacro 2019/12/03 v1.6 Let assignment for LaTeX macros (HO)
)
(/usr/share/texlive/texmf-dist/tex/latex/auxhook/auxhook.sty
Package: auxhook 2019-12-17 v1.6 Hooks for auxiliary files (HO)
)
(/usr/share/texlive/texmf-dist/tex/latex/hyperref/nameref.sty
Package: nameref 2022-05-17 v2.50 Cross-referencing by name of section

(/usr/share/texlive/texmf-dist/tex/latex/refcount/refcount.sty
Package: refcount 2019/12/15 v3.6 Data extraction from label references (HO)
)
(/usr/share/texlive/texmf-dist/tex/generic/gettitlestring/gettitlestring.sty
Package: gettitlestring 2019/12/15 v1.6 Cleanup title references (HO)

(/usr/share/texlive/texmf-dist/tex/latex/kvoptions/kvoptions.sty
Package: kvoptions 2022-06-15 v3.15 Key value format for package options (HO)
))
\c@section@level=\count287
)
\@linkdim=\dimen193
\Hy@linkcounter=\count288
\Hy@pagecounter=\count289

(/usr/share/texlive/texmf-dist/tex/latex/hyperref/pd1enc.def
File: pd1enc.def 2022-11-13 v7.00u Hyperref: PDFDocEncoding definition (HO)
Now handling font encoding PD1 ...
... no UTF-8 mapping file for font encoding PD1
)
(/usr/share/texlive/texmf-dist/tex/generic/intcalc/intcalc.sty
Package: intcalc 2019/12/15 v1.3 Expandable calculations with integers (HO)
)
(/usr/share/texlive/texmf-dist/tex/generic/etexcmds/etexcmds.sty
Package: etexcmds 2019/12/15 v1.7 Avoid name clashes with e-TeX commands (HO)
)
\Hy@SavedSpaceFactor=\count290

(/usr/share/texlive/texmf-dist/tex/latex/hyperref/puenc.def
File: puenc.def 2022-11-13 v7.00u Hyperref: PDF Unicode definition (HO)
Now handling font encoding PU ...
... no UTF-8 mapping file for font encoding PU
)
Package hyperref Info: Hyper figures OFF on input line 4162.
Package hyperref Info: Link nesting OFF on input line 4167.
Package hyperref Info: Hyper index ON on input line 4170.
Package hyperref Info: Plain pages OFF on input line 4177.
Package hyperref Info: Backreferencing OFF on input line 4182.
Package hyperref Info: Implicit mode ON; LaTeX internals redefined.
Package hyperref Info: Bookmarks ON on input line 4410.
\c@Hy@tempcnt=\count291

(/usr/share/texlive/texmf-dist/tex/latex/url/url.sty
\Urlmuskip=\muskip17
Package: url 2013/09/16  ver 3.4  Verb mode for urls, etc.
)
LaTeX Info: Redefining \url on input line 4748.
\XeTeXLinkMargin=\dimen194

(/usr/share/texlive/texmf-dist/tex/generic/bitset/bitset.sty
Package: bitset 2019/12/09 v1.3 Handle bit-vector datatype (HO)

(/usr/share/texlive/texmf-dist/tex/generic/bigintcalc/bigintcalc.sty
Package: bigintcalc 2019/12/15 v1.5 Expandable calculations on big integers (HO
)
))
\Fld@menulength=\count292
\Field@Width=\dimen195
\Fld@charsize=\dimen196
Package hyperref Info: Hyper figures OFF on input line 6027.
Package hyperref Info: Link nesting OFF on input line 6032.
Package hyperref Info: Hyper index ON on input line 6035.
Package hyperref Info: backreferencing OFF on input line 6042.
Package hyperref Info: Link coloring OFF on input line 6047.
Package hyperref Info: Link coloring with OCG OFF on input line 6052.
Package hyperref Info: PDF/A mode OFF on input line 6057.

(/usr/share/texlive/texmf-dist/tex/latex/base/atbegshi-ltx.sty
Package: atbegshi-ltx 2021/01/10 v1.0c Emulation of the original atbegshi
package with kernel methods
)
\Hy@abspage=\count293
\c@Item=\count294
\c@Hfootnote=\count295
)
Package hyperref Info: Driver (autodetected): hpdftex.

(/usr/share/texlive/texmf-dist/tex/latex/hyperref/hpdftex.def
File: hpdftex.def 2022-11-13 v7.00u Hyperref driver for pdfTeX

(/usr/share/texlive/texmf-dist/tex/latex/base/atveryend-ltx.sty
Package: atveryend-ltx 2020/08/19 v1.0a Emulation of the original atveryend pac
kage
with kernel methods
)
\Fld@listcount=\count296
\c@bookmark@seq@number=\count297

(/usr/share/texlive/texmf-dist/tex/latex/rerunfilecheck/rerunfilecheck.sty
Package: rerunfilecheck 2022-07-10 v1.10 Rerun checks for auxiliary files (HO)

(/usr/share/texlive/texmf-dist/tex/generic/uniquecounter/uniquecounter.sty
Package: uniquecounter 2019/12/15 v1.4 Provide unlimited unique counter (HO)
)
Package uniquecounter Info: New unique counter `rerunfilecheck' on input line 2
85.
)
\Hy@SectionHShift=\skip59
)
(/usr/share/texlive/texmf-dist/tex/latex/base/fontenc.sty
Package: fontenc 2021/04/29 v2.0v Standard LaTeX package
LaTeX Font Info:    Trying to load font information for T1+ptm on input line 11
2.

(/usr/share/texlive/texmf-dist/tex/latex/psnfss/t1ptm.fd
File: t1ptm.fd 2001/06/04 font definitions for T1/ptm.
))
(/usr/share/texlive/texmf-dist/tex/latex/etoolbox/etoolbox.sty
Package: etoolbox 2020/10/05 v2.5k e-TeX tools for LaTeX (JAW)
\etb@tempcnta=\count298
)
(/usr/share/texlive/texmf-dist/tex/latex/l3backend/l3backend-pdftex.def
File: l3backend-pdftex.def 2023-01-16 L3 backend support: PDF output (pdfTeX)
\l__color_backend_stack_int=\count299
\l__pdf_internal_box=\box61
)
(./main.aux)
\openout1 = `main.aux'.

LaTeX Font Info:    Checking defaults for OML/cmm/m/it on input line 18.
LaTeX Font Info:    ... okay on input line 18.
LaTeX Font Info:    Checking defaults for OMS/cmsy/m/n on input line 18.
LaTeX Font Info:    ... okay on input line 18.
LaTeX Font Info:    Checking defaults for OT1/cmr/m/n on input line 18.
LaTeX Font Info:    ... okay on input line 18.
LaTeX Font Info:    Checking defaults for T1/cmr/m/n on input line 18.
LaTeX Font Info:    ... okay on input line 18.
LaTeX Font Info:    Checking defaults for TS1/cmr/m/n on input line 18.
LaTeX Font Info:    ... okay on input line 18.
LaTeX Font Info:    Checking defaults for OMX/cmex/m/n on input line 18.
LaTeX Font Info:    ... okay on input line 18.
LaTeX Font Info:    Checking defaults for U/cmr/m/n on input line 18.
LaTeX Font Info:    ... okay on input line 18.
LaTeX Font Info:    Checking defaults for PD1/pdf/m/n on input line 18.
LaTeX Font Info:    ... okay on input line 18.
LaTeX Font Info:    Checking defaults for PU/pdf/m/n on input line 18.
LaTeX Font Info:    ... okay on input line 18.

-- Lines per column: 56 (exact).
\symNewLetters=\mathgroup6
\symxsymbols=\mathgroup7
LaTeX Font Info:    Redeclaring math symbol \ddagger on input line 18.
LaTeX Font Info:    Redeclaring math symbol \dagger on input line 18.
\c@mv@regular=\count300
LaTeX Font Info:    Encoding `OT1' has changed to `T1' for symbol font
(Font)              `operators' in the math version `regular' on input line 18.

LaTeX Font Info:    Overwriting symbol font `operators' in version `regular'
(Font)                  OT1/cmr/m/n --> T1/formata/n/n on input line 18.
LaTeX Font Info:    Overwriting symbol font `NewLetters' in version `regular'
(Font)                  T1/times/n/it --> T1/formata/n/it on input line 18.
LaTeX Font Info:    Overwriting math alphabet `\mathrm' in version `regular'
(Font)                  T1/formata/n/n --> T1/formata/n/n on input line 18.
LaTeX Font Info:    Overwriting math alphabet `\mathit' in version `regular'
(Font)                  OT1/cmr/m/it --> T1/formata/n/it on input line 18.
LaTeX Font Info:    Overwriting math alphabet `\mathbf' in version `regular'
(Font)                  OT1/cmr/bx/n --> T1/formata/m/n on input line 18.
LaTeX Font Info:    Overwriting math alphabet `\mathtt' in version `regular'
(Font)                  OT1/cmtt/m/n --> OT1/pcr/m/n on input line 18.
\c@mv@medium=\count301
LaTeX Font Info:    Encoding `OT1' has changed to `T1' for symbol font
(Font)              `operators' in the math version `medium' on input line 18.
LaTeX Font Info:    Overwriting symbol font `operators' in version `medium'
(Font)                  OT1/cmr/m/n --> T1/formata/m/n on input line 18.
LaTeX Font Info:    Overwriting symbol font `NewLetters' in version `medium'
(Font)                  T1/times/n/it --> T1/formata/m/it on input line 18.
LaTeX Font Info:    Overwriting math alphabet `\mathrm' in version `medium'
(Font)                  > T1/formata/m/n on input line 18.
LaTeX Font Info:    Overwriting math alphabet `\mathit' in version `medium'
(Font)                  OT1/cmr/m/it --> T1/formata/m/it on input line 18.
LaTeX Font Info:    Overwriting math alphabet `\mathbf' in version `medium'
(Font)                  OT1/cmr/bx/n --> T1/formata/b/n on input line 18.
LaTeX Font Info:    Overwriting math alphabet `\mathtt' in version `medium'
(Font)                  OT1/cmtt/m/n --> OT1/pcr/b/n on input line 18.
\c@mv@black=\count302
LaTeX Font Info:    Encoding `OT1' has changed to `T1' for symbol font
(Font)              `operators' in the math version `black' on input line 18.
LaTeX Font Info:    Overwriting symbol font `operators' in version `black'
(Font)                  OT1/cmr/m/n --> T1/formata/b/n on input line 18.
LaTeX Font Info:    Overwriting symbol font `NewLetters' in version `black'
(Font)                  T1/times/n/it --> T1/formata/b/it on input line 18.
LaTeX Font Info:    Overwriting math alphabet `\mathrm' in version `black'
(Font)                  > T1/formata/b/n on input line 18.
LaTeX Font Info:    Overwriting math alphabet `\mathit' in version `black'
(Font)                  OT1/cmr/m/it --> T1/formata/b/it on input line 18.
LaTeX Font Info:    Overwriting math alphabet `\mathbf' in version `black'
(Font)                  OT1/cmr/bx/n --> T1/formata/b/n on input line 18.
LaTeX Font Info:    Overwriting math alphabet `\mathtt' in version `black'
(Font)                  OT1/cmtt/m/n --> OT1/pcr/b/n on input line 18.
LaTeX Font Info:    Trying to load font information for T1+times on input line 
18.
(./t1times.fd)
(/usr/share/texlive/texmf-dist/tex/context/base/mkii/supp-pdf.mkii
[Loading MPS to PDF converter (version 2006.09.02).]
\scratchcounter=\count303
\scratchdimen=\dimen197
\scratchbox=\box62
\nofMPsegments=\count304
\nofMParguments=\count305
\everyMPshowfont=\toks26
\MPscratchCnt=\count306
\MPscratchDim=\dimen198
\MPnumerator=\count307
\makeMPintoPDFobject=\count308
\everyMPtoPDFconversion=\toks27
) (/usr/share/texlive/texmf-dist/tex/latex/epstopdf-pkg/epstopdf-base.sty
Package: epstopdf-base 2020-01-24 v2.11 Base part for package epstopdf
Package epstopdf-base Info: Redefining graphics rule for `.eps' on input line 4
85.

(/usr/share/texlive/texmf-dist/tex/latex/latexconfig/epstopdf-sys.cfg
File: epstopdf-sys.cfg 2010/07/13 v1.3 Configuration of (r)epstopdf for TeX Liv
e
))
Package hyperref Info: Link coloring OFF on input line 18.

(./main.out) (./main.out)
\@outlinefile=\write3
\openout3 = `main.out'.

<bullet.png, id=202, 12.045pt x 35.38219pt>
File: bullet.png Graphic file (type png)
<use bullet.png>
Package pdftex.def Info: bullet.png  used on input line 24.
(pdftex.def)             Requested size: 5.0pt x 14.6871pt.
File: bullet.png Graphic file (type png)
<use bullet.png>
Package pdftex.def Info: bullet.png  used on input line 25.
(pdftex.def)             Requested size: 5.0pt x 14.6871pt.
LaTeX Font Info:    Trying to load font information for U+msa on input line 27.


(/usr/share/texlive/texmf-dist/tex/latex/amsfonts/umsa.fd
File: umsa.fd 2013/01/14 v3.01 AMS symbols A
)
LaTeX Font Info:    Trying to load font information for U+msb on input line 27.


(/usr/share/texlive/texmf-dist/tex/latex/amsfonts/umsb.fd
File: umsb.fd 2013/01/14 v3.01 AMS symbols B
)
LaTeX Font Info:    Calculating math sizes for size <6.6> on input line 27.

Overfull \hbox (9.2679pt too wide) in paragraph at lines 27--27
[]  
 []


Overfull \hbox (9.2679pt too wide) in paragraph at lines 27--27
[]  
 []

<logo.png, id=207, 206.27063pt x 53.44969pt>
File: logo.png Graphic file (type png)
<use logo.png>
Package pdftex.def Info: logo.png  used on input line 36.
(pdftex.def)             Requested size: 91.32pt x 23.66309pt.
[1


 <./logo.png> <./bullet.png>]
Underfull \hbox (badness 1533) in paragraph at lines 48--49
\T1/times/n/n/10 CNL map-pings, and de-fined in-ser-tion into model-
 []


Underfull \hbox (badness 2035) in paragraph at lines 49--50
[]\T1/times/n/n/10 A task-to-verdict eval-u-a-tion link-ing six be-hav-ioral
 []


Package xcolor Warning: Incompatible color definition on input line 55.


Package xcolor Warning: Incompatible color definition on input line 61.

<notaglinelogo.png, id=228, 169.38281pt x 42.91031pt>
File: notaglinelogo.png Graphic file (type png)
<use notaglinelogo.png>
Package pdftex.def Info: notaglinelogo.png  used on input line 65.
(pdftex.def)             Requested size: 91.32pt x 23.1352pt.
[2 <./notaglinelogo.png>]

Package xcolor Warning: Incompatible color definition on input line 67.


Underfull \hbox (badness 10000) in paragraph at lines 69--69
\T1/times/n/n/10 Translating natural-language re-quire-ments into for-mal
 []


Underfull \hbox (badness 1436) in paragraph at lines 69--69
\T1/times/n/n/10 spec-i-fi-ca-tions con-nects human-readable de-scrip-tions wit
h
 []


Underfull \hbox (badness 1360) in paragraph at lines 69--69
\T1/times/n/n/10 lan-guage into tem-po-ral logic, sep-a-rat-ing domain-specific

 []


Package xcolor Warning: Incompatible color definition on input line 73.


Underfull \hbox (badness 3428) in paragraph at lines 99--99
\T1/times/n/n/10 This sec-tion in-tro-duces es-tab-lished con-cepts needed to
 []


Underfull \hbox (badness 2469) in paragraph at lines 99--99
\T1/times/n/n/10 tions: vision--language mod-els and Chain of Cau-sa-tion,
 []


Package xcolor Warning: Incompatible color definition on input line 101.

File: notaglinelogo.png Graphic file (type png)
<use notaglinelogo.png>
Package pdftex.def Info: notaglinelogo.png  used on input line 109.
(pdftex.def)             Requested size: 91.32pt x 23.1352pt.
[3]

Package xcolor Warning: Incompatible color definition on input line 111.


Package xcolor Warning: Incompatible color definition on input line 115.


Package xcolor Warning: Incompatible color definition on input line 127.


Package xcolor Warning: Incompatible color definition on input line 133.

File: notaglinelogo.png Graphic file (type png)
<use notaglinelogo.png>
Package pdftex.def Info: notaglinelogo.png  used on input line 139.
(pdftex.def)             Requested size: 91.32pt x 23.1352pt.
[4]

Package xcolor Warning: Incompatible color definition on input line 143.


Underfull \hbox (badness 1789) in paragraph at lines 147--147
[]\T1/times/n/n/10 Low-Rank Adap-ta-tion (LoRA) fine-tunes a model by
 []


Package xcolor Warning: Incompatible color definition on input line 158.


Underfull \hbox (badness 1565) in paragraph at lines 162--162
\T1/times/n/n/10 Struc-tural and se-man-tic checks pre-cede con-ver-sion to a
 []

</home/jinhyun/prj_ws/prj_jin/guardsynth-cc/artifacts/projects/guardsynth-coc/p
ublic/paper1-method-preservation-001/manuscript-revision-2026-09-30-001/figures
/method-flow-en.pdf, id=285, 572.37839pt x 202.356pt>
File: /home/jinhyun/prj_ws/prj_jin/guardsynth-cc/artifacts/projects/guardsynth-
coc/public/paper1-method-preservation-001/manuscript-revision-2026-09-30-001/fi
gures/method-flow-en.pdf Graphic file (type pdf)
<use /home/jinhyun/prj_ws/prj_jin/guardsynth-cc/artifacts/projects/guardsynth-c
oc/public/paper1-method-preservation-001/manuscript-revision-2026-09-30-001/fig
ures/method-flow-en.pdf>
Package pdftex.def Info: /home/jinhyun/prj_ws/prj_jin/guardsynth-cc/artifacts/p
rojects/guardsynth-coc/public/paper1-method-preservation-001/manuscript-revisio
n-2026-09-30-001/figures/method-flow-en.pdf  used on input line 165.
(pdftex.def)             Requested size: 474.81192pt x 167.8628pt.
File: notaglinelogo.png Graphic file (type png)
<use notaglinelogo.png>
Package pdftex.def Info: notaglinelogo.png  used on input line 179.
(pdftex.def)             Requested size: 91.32pt x 23.1352pt.
[5]

Package xcolor Warning: Incompatible color definition on input line 181.


Package xcolor Warning: Incompatible color definition on input line 183.


Package xcolor Warning: Incompatible color definition on input line 206.


Package xcolor Warning: Incompatible color definition on input line 216.

LaTeX Font Info:    Trying to load font information for T1+pcr on input line 23
9.
(/usr/share/texlive/texmf-dist/tex/latex/psnfss/t1pcr.fd
File: t1pcr.fd 2001/06/04 font definitions for T1/pcr.
)

LaTeX Font Warning: Font shape `T1/pcr/n/n' undefined
(Font)              using `T1/pcr/m/n' instead on input line 239.

File: notaglinelogo.png Graphic file (type png)
<use notaglinelogo.png>
Package pdftex.def Info: notaglinelogo.png  used on input line 240.
(pdftex.def)             Requested size: 91.32pt x 23.1352pt.
[6 </home/jinhyun/prj_ws/prj_jin/guardsynth-cc/artifacts/projects/guardsynth-co
c/public/paper1-method-preservation-001/manuscript-revision-2026-09-30-001/figu
res/method-flow-en.pdf>]
Underfull \hbox (badness 1622) in paragraph at lines 249--249
\T1/times/n/n/10 The in-clu-sive com-par-i-son ad-mits 11500ms but ex-cludes
 []


Package xcolor Warning: Incompatible color definition on input line 255.

File: notaglinelogo.png Graphic file (type png)
<use notaglinelogo.png>
Package pdftex.def Info: notaglinelogo.png  used on input line 273.
(pdftex.def)             Requested size: 91.32pt x 23.1352pt.
[7]
</home/jinhyun/prj_ws/prj_jin/guardsynth-cc/artifacts/projects/guardsynth-coc/p
ublic/paper1-method-preservation-001/manuscript-revision-2026-09-30-001/figures
/lifecycle-en.pdf, id=375, 572.37839pt x 282.14209pt>
File: /home/jinhyun/prj_ws/prj_jin/guardsynth-cc/artifacts/projects/guardsynth-
coc/public/paper1-method-preservation-001/manuscript-revision-2026-09-30-001/fi
gures/lifecycle-en.pdf Graphic file (type pdf)
<use /home/jinhyun/prj_ws/prj_jin/guardsynth-cc/artifacts/projects/guardsynth-c
oc/public/paper1-method-preservation-001/manuscript-revision-2026-09-30-001/fig
ures/lifecycle-en.pdf>
Package pdftex.def Info: /home/jinhyun/prj_ws/prj_jin/guardsynth-cc/artifacts/p
rojects/guardsynth-coc/public/paper1-method-preservation-001/manuscript-revisio
n-2026-09-30-001/figures/lifecycle-en.pdf  used on input line 278.
(pdftex.def)             Requested size: 408.98543pt x 201.6009pt.

Underfull \hbox (badness 10000) in paragraph at lines 282--282
[]\T1/times/n/n/10 The pol-icy is \T1/pcr/m/n/8 entry_permitted[t] = AND_j
 []


Underfull \hbox (badness 5050) in paragraph at lines 282--282
\T1/pcr/m/n/8 clear[j,t]\T1/times/n/n/10 ; EN-TER_ZONE re-quires this value to 
be
 []


Underfull \hbox (badness 1968) in paragraph at lines 282--282
\T1/pcr/m/n/8 review_required\T1/times/n/n/10 . For ex-am-ple, start-ing from i
n-ac-tiv-ity,
 []


Underfull \hbox (badness 2564) in paragraph at lines 282--282
\T1/times/n/n/10 yields ac-tive $\OMS/cmsy/m/n/10 !$ \T1/times/n/n/10 ac-tive $
\OMS/cmsy/m/n/10 !$ \T1/times/n/n/10 in-ac-tive $\OMS/cmsy/m/n/10 !$ \T1/times/
n/n/10 ac-tive. En-try is
 []


Package xcolor Warning: Incompatible color definition on input line 284.


Underfull \hbox (badness 1715) in paragraph at lines 286--286
\T1/times/n/n/10 con-di-tions, and hand-written rules can im-ple-ment them.
 []


Package xcolor Warning: Incompatible color definition on input line 290.


Package xcolor Warning: Incompatible color definition on input line 292.


Package xcolor Warning: Incompatible color definition on input line 298.


Underfull \hbox (badness 1953) in paragraph at lines 300--300
\T1/times/n/n/10 per-sis-tence, re-lease, tim-ing, and as-sump-tions are sub-se
-
 []

</home/jinhyun/prj_ws/prj_jin/guardsynth-cc/artifacts/projects/guardsynth-coc/p
ublic/paper1-method-preservation-001/manuscript-revision-2026-09-30-001/figures
/evidence-map-en.pdf, id=378, 572.37839pt x 160.72849pt>
File: /home/jinhyun/prj_ws/prj_jin/guardsynth-cc/artifacts/projects/guardsynth-
coc/public/paper1-method-preservation-001/manuscript-revision-2026-09-30-001/fi
gures/evidence-map-en.pdf Graphic file (type pdf)
<use /home/jinhyun/prj_ws/prj_jin/guardsynth-cc/artifacts/projects/guardsynth-c
oc/public/paper1-method-preservation-001/manuscript-revision-2026-09-30-001/fig
ures/evidence-map-en.pdf>
Package pdftex.def Info: /home/jinhyun/prj_ws/prj_jin/guardsynth-cc/artifacts/p
rojects/guardsynth-coc/public/paper1-method-preservation-001/manuscript-revisio
n-2026-09-30-001/figures/evidence-map-en.pdf  used on input line 307.
(pdftex.def)             Requested size: 474.81192pt x 133.33101pt.

Package xcolor Warning: Incompatible color definition on input line 311.


Package xcolor Warning: Incompatible color definition on input line 330.


Underfull \hbox (badness 2828) in paragraph at lines 332--332
\T1/times/n/n/10 Constraint ex-trac-tion here means se-lect-ing and bind-ing
 []

File: notaglinelogo.png Graphic file (type png)
<use notaglinelogo.png>
Package pdftex.def Info: notaglinelogo.png  used on input line 347.
(pdftex.def)             Requested size: 91.32pt x 23.1352pt.
[8]

Package xcolor Warning: Incompatible color definition on input line 351.


Package xcolor Warning: Incompatible color definition on input line 353.


Underfull \hbox (badness 1867) in paragraph at lines 355--355
\T1/times/n/n/10 Verification re-quires se-man-tic in-put bind-ing and log-i-ca
l
 []

File: notaglinelogo.png Graphic file (type png)
<use notaglinelogo.png>
Package pdftex.def Info: notaglinelogo.png  used on input line 359.
(pdftex.def)             Requested size: 91.32pt x 23.1352pt.
[9 </home/jinhyun/prj_ws/prj_jin/guardsynth-cc/artifacts/projects/guardsynth-co
c/public/paper1-method-preservation-001/manuscript-revision-2026-09-30-001/figu
res/lifecycle-en.pdf> </home/jinhyun/prj_ws/prj_jin/guardsynth-cc/artifacts/pro
jects/guardsynth-coc/public/paper1-method-preservation-001/manuscript-revision-
2026-09-30-001/figures/evidence-map-en.pdf>]

Package xcolor Warning: Incompatible color definition on input line 359.

</home/jinhyun/prj_ws/prj_jin/guardsynth-cc/artifacts/projects/guardsynth-coc/p
ublic/paper1-method-preservation-001/manuscript-revision-2026-09-30-001/figures
/temporal-boundary-en.pdf, id=509, 536.08998pt x 201.26442pt>
File: /home/jinhyun/prj_ws/prj_jin/guardsynth-cc/artifacts/projects/guardsynth-
coc/public/paper1-method-preservation-001/manuscript-revision-2026-09-30-001/fi
gures/temporal-boundary-en.pdf Graphic file (type pdf)
<use /home/jinhyun/prj_ws/prj_jin/guardsynth-cc/artifacts/projects/guardsynth-c
oc/public/paper1-method-preservation-001/manuscript-revision-2026-09-30-001/fig
ures/temporal-boundary-en.pdf>
Package pdftex.def Info: /home/jinhyun/prj_ws/prj_jin/guardsynth-cc/artifacts/p
rojects/guardsynth-coc/public/paper1-method-preservation-001/manuscript-revisio
n-2026-09-30-001/figures/temporal-boundary-en.pdf  used on input line 362.
(pdftex.def)             Requested size: 474.83633pt x 178.26793pt.

Package xcolor Warning: Incompatible color definition on input line 387.


Package xcolor Warning: Incompatible color definition on input line 416.


Package xcolor Warning: Incompatible color definition on input line 418.

File: notaglinelogo.png Graphic file (type png)
<use notaglinelogo.png>
Package pdftex.def Info: notaglinelogo.png  used on input line 420.
(pdftex.def)             Requested size: 91.32pt x 23.1352pt.
[10]
</home/jinhyun/prj_ws/prj_jin/guardsynth-cc/artifacts/projects/guardsynth-coc/p
ublic/paper1-method-preservation-001/manuscript-revision-2026-09-30-001/figures
/cnl-map-en.pdf, id=518, 572.37839pt x 160.72849pt>
File: /home/jinhyun/prj_ws/prj_jin/guardsynth-cc/artifacts/projects/guardsynth-
coc/public/paper1-method-preservation-001/manuscript-revision-2026-09-30-001/fi
gures/cnl-map-en.pdf Graphic file (type pdf)
<use /home/jinhyun/prj_ws/prj_jin/guardsynth-cc/artifacts/projects/guardsynth-c
oc/public/paper1-method-preservation-001/manuscript-revision-2026-09-30-001/fig
ures/cnl-map-en.pdf>
Package pdftex.def Info: /home/jinhyun/prj_ws/prj_jin/guardsynth-cc/artifacts/p
rojects/guardsynth-coc/public/paper1-method-preservation-001/manuscript-revisio
n-2026-09-30-001/figures/cnl-map-en.pdf  used on input line 443.
(pdftex.def)             Requested size: 474.81192pt x 133.33101pt.


Package xcolor Warning: Incompatible color definition on input line 447.

File: notaglinelogo.png Graphic file (type png)
<use notaglinelogo.png>
Package pdftex.def Info: notaglinelogo.png  used on input line 451.
(pdftex.def)             Requested size: 91.32pt x 23.1352pt.
[11 </home/jinhyun/prj_ws/prj_jin/guardsynth-cc/artifacts/projects/guardsynth-c
oc/public/paper1-method-preservation-001/manuscript-revision-2026-09-30-001/fig
ures/temporal-boundary-en.pdf>]

Package xcolor Warning: Incompatible color definition on input line 453.


Package xcolor Warning: Incompatible color definition on input line 477.

File: notaglinelogo.png Graphic file (type png)
<use notaglinelogo.png>
Package pdftex.def Info: notaglinelogo.png  used on input line 501.
(pdftex.def)             Requested size: 91.32pt x 23.1352pt.
[12 </home/jinhyun/prj_ws/prj_jin/guardsynth-cc/artifacts/projects/guardsynth-c
oc/public/paper1-method-preservation-001/manuscript-revision-2026-09-30-001/fig
ures/cnl-map-en.pdf>]

Package xcolor Warning: Incompatible color definition on input line 506.


Underfull \hbox (badness 1577) in paragraph at lines 508--508
\T1/times/n/n/10 We dis-tin-guish the be-hav-ioral ef-fects of adding ex-plicit

 []


Underfull \hbox (badness 2913) in paragraph at lines 527--527
[]\T1/times/n/n/10 The main met-rics are \T1/times/b/n/10 ac-cu-racy \T1/times/
n/n/10 against the highest-
 []

File: notaglinelogo.png Graphic file (type png)
<use notaglinelogo.png>
Package pdftex.def Info: notaglinelogo.png  used on input line 527.
(pdftex.def)             Requested size: 91.32pt x 23.1352pt.
[13]

Package xcolor Warning: Incompatible color definition on input line 530.


Underfull \hbox (badness 1354) in paragraph at lines 532--532
\T1/times/n/n/10 The six task rows cor-re-spond di-rectly to Ta-ble []7[]: each

 []

</home/jinhyun/prj_ws/prj_jin/guardsynth-cc/artifacts/projects/guardsynth-coc/p
ublic/paper1-method-preservation-001/manuscript-revision-2026-09-30-001/figures
/task-performance-en.pdf, id=646, 598.15909pt x 230.95523pt>
File: /home/jinhyun/prj_ws/prj_jin/guardsynth-cc/artifacts/projects/guardsynth-
coc/public/paper1-method-preservation-001/manuscript-revision-2026-09-30-001/fi
gures/task-performance-en.pdf Graphic file (type pdf)
<use /home/jinhyun/prj_ws/prj_jin/guardsynth-cc/artifacts/projects/guardsynth-c
oc/public/paper1-method-preservation-001/manuscript-revision-2026-09-30-001/fig
ures/task-performance-en.pdf>
Package pdftex.def Info: /home/jinhyun/prj_ws/prj_jin/guardsynth-cc/artifacts/p
rojects/guardsynth-coc/public/paper1-method-preservation-001/manuscript-revisio
n-2026-09-30-001/figures/task-performance-en.pdf  used on input line 553.
(pdftex.def)             Requested size: 474.81317pt x 183.33011pt.

Package xcolor Warning: Incompatible color definition on input line 559.

</home/jinhyun/prj_ws/prj_jin/guardsynth-cc/artifacts/projects/guardsynth-coc/p
ublic/paper1-method-preservation-001/manuscript-revision-2026-09-30-001/figures
/contract-linkage-en.pdf, id=647, 598.34337pt x 169.9579pt>
File: /home/jinhyun/prj_ws/prj_jin/guardsynth-cc/artifacts/projects/guardsynth-
coc/public/paper1-method-preservation-001/manuscript-revision-2026-09-30-001/fi
gures/contract-linkage-en.pdf Graphic file (type pdf)
<use /home/jinhyun/prj_ws/prj_jin/guardsynth-cc/artifacts/projects/guardsynth-c
oc/public/paper1-method-preservation-001/manuscript-revision-2026-09-30-001/fig
ures/contract-linkage-en.pdf>
Package pdftex.def Info: /home/jinhyun/prj_ws/prj_jin/guardsynth-cc/artifacts/p
rojects/guardsynth-coc/public/paper1-method-preservation-001/manuscript-revisio
n-2026-09-30-001/figures/contract-linkage-en.pdf  used on input line 566.
(pdftex.def)             Requested size: 474.83162pt x 134.8747pt.

Package xcolor Warning: Incompatible color definition on input line 572.

</home/jinhyun/prj_ws/prj_jin/guardsynth-cc/artifacts/projects/guardsynth-coc/p
ublic/paper1-method-preservation-001/manuscript-revision-2026-09-30-001/figures
/smt-boundary-en.pdf, id=648, 487.64183pt x 97.81744pt>
File: /home/jinhyun/prj_ws/prj_jin/guardsynth-cc/artifacts/projects/guardsynth-
coc/public/paper1-method-preservation-001/manuscript-revision-2026-09-30-001/fi
gures/smt-boundary-en.pdf Graphic file (type pdf)
<use /home/jinhyun/prj_ws/prj_jin/guardsynth-cc/artifacts/projects/guardsynth-c
oc/public/paper1-method-preservation-001/manuscript-revision-2026-09-30-001/fig
ures/smt-boundary-en.pdf>
Package pdftex.def Info: /home/jinhyun/prj_ws/prj_jin/guardsynth-cc/artifacts/p
rojects/guardsynth-coc/public/paper1-method-preservation-001/manuscript-revisio
n-2026-09-30-001/figures/smt-boundary-en.pdf  used on input line 594.
(pdftex.def)             Requested size: 474.82755pt x 95.24696pt.

Package xcolor Warning: Incompatible color definition on input line 600.


Underfull \hbox (badness 10000) in paragraph at lines 619--619
[]\T1/times/n/n/10 Overall, mul-ti-ple ac-tion tasks show ben-e-fits from
 []


Underfull \hbox (badness 10000) in paragraph at lines 619--619
\T1/times/n/n/10 constraint-enhanced CoC, while the EBLC-supported
 []


Underfull \hbox (badness 10000) in paragraph at lines 619--619
\T1/times/n/n/10 de-vel-op-ment path com-bines high action-selection
 []


Underfull \hbox (badness 7203) in paragraph at lines 619--619
\T1/times/n/n/10 per-for-mance with ex-plicit checks of con-straint er-rors
 []

File: notaglinelogo.png Graphic file (type png)
<use notaglinelogo.png>
Package pdftex.def Info: notaglinelogo.png  used on input line 620.
(pdftex.def)             Requested size: 91.32pt x 23.1352pt.
[14]
File: notaglinelogo.png Graphic file (type png)
<use notaglinelogo.png>
Package pdftex.def Info: notaglinelogo.png  used on input line 620.
(pdftex.def)             Requested size: 91.32pt x 23.1352pt.
 [15 </home/jinhyun/prj_ws/prj_jin/guardsynth-cc/artifacts/projects/guardsynth-
coc/public/paper1-method-preservation-001/manuscript-revision-2026-09-30-001/fi
gures/task-performance-en.pdf> </home/jinhyun/prj_ws/prj_jin/guardsynth-cc/arti
facts/projects/guardsynth-coc/public/paper1-method-preservation-001/manuscript-
revision-2026-09-30-001/figures/contract-linkage-en.pdf>]
File: notaglinelogo.png Graphic file (type png)
<use notaglinelogo.png>
Package pdftex.def Info: notaglinelogo.png  used on input line 620.
(pdftex.def)             Requested size: 91.32pt x 23.1352pt.
 [16 </home/jinhyun/prj_ws/prj_jin/guardsynth-cc/artifacts/projects/guardsynth-
coc/public/paper1-method-preservation-001/manuscript-revision-2026-09-30-001/fi
gures/smt-boundary-en.pdf>]

Package xcolor Warning: Incompatible color definition on input line 623.


Package xcolor Warning: Incompatible color definition on input line 629.


Package xcolor Warning: Incompatible color definition on input line 637.

File: notaglinelogo.png Graphic file (type png)
<use notaglinelogo.png>
Package pdftex.def Info: notaglinelogo.png  used on input line 639.
(pdftex.def)             Requested size: 91.32pt x 23.1352pt.
[17

]

Package xcolor Warning: Incompatible color definition on input line 643.


Underfull \hbox (badness 1448) in paragraph at lines 647--647
\T1/times/n/n/10 checks, and lan-guage gen-er-a-tion to ma-chine pro-cess-ing.
 []

LaTeX Font Info:    Calculating math sizes for size <7.61> on input line 656.

Underfull \hbox (badness 1394) in paragraph at lines 662--663
\T1/times/n/n/7.61 Decision-Making for Au-tonomous Driv-ing with Retrieval-Augm
ented
 []

File: bullet.png Graphic file (type png)
<use bullet.png>
Package pdftex.def Info: bullet.png  used on input line 672.
(pdftex.def)             Requested size: 5.0pt x 14.6871pt.
File: notaglinelogo.png Graphic file (type png)
<use notaglinelogo.png>
Package pdftex.def Info: notaglinelogo.png  used on input line 673.
(pdftex.def)             Requested size: 91.32pt x 23.1352pt.
[18] (./main.aux)

LaTeX Font Warning: Some font shapes were not available, defaults substituted.

Package rerunfilecheck Info: File `main.out' has not changed.
(rerunfilecheck)             Checksum: 580B77DA606177D6C8D57569A9A93F1D;11282.
 ) 
Here is how much of TeX's memory you used:
 12285 strings out of 478051
 198961 string characters out of 5840943
 1877330 words of memory out of 5000000
 32104 multiletter control sequences out of 15000+600000
 654221 words of font info for 195 fonts, out of 8000000 for 9000
 14 hyphenation exceptions out of 8191
 75i,13n,76p,1679b,451s stack positions out of 10000i,1000n,20000p,200000b,200000s

pdfTeX warning (dest): name{section*.2} has been referenced but does not exist,
 replaced by a fixed one

{/usr/share/texlive/texmf-dist/fonts/enc/dvips/base/8r.enc}</usr/share/texlive/
texmf-dist/fonts/type1/public/amsfonts/cm/cmex10.pfb></usr/share/texlive/texmf-
dist/fonts/type1/public/amsfonts/cmextra/cmex8.pfb></usr/share/texlive/texmf-di
st/fonts/type1/public/amsfonts/cm/cmmi10.pfb></usr/share/texlive/texmf-dist/fon
ts/type1/public/amsfonts/cm/cmr10.pfb></usr/share/texlive/texmf-dist/fonts/type
1/public/amsfonts/cm/cmr6.pfb></usr/share/texlive/texmf-dist/fonts/type1/public
/amsfonts/cm/cmr7.pfb></usr/share/texlive/texmf-dist/fonts/type1/public/amsfont
s/cm/cmr8.pfb></usr/share/texlive/texmf-dist/fonts/type1/public/amsfonts/cm/cms
y10.pfb></usr/share/texlive/texmf-dist/fonts/type1/public/amsfonts/cm/cmsy8.pfb
></usr/share/texlive/texmf-dist/fonts/type1/public/amsfonts/cm/cmti10.pfb><./t1
-formata-bold.pfb><./t1-formata-condmedium.pfb><./t1-formata-medium.pfb><./t1-f
ormata-mediumitalic.pfb><./t1-formata-regular.pfb><./t1-giovannistd-bookitalic.
pfb><./t1-times-bold.pfb><./t1-times-italic.pfb><./t1-times.pfb></usr/share/tex
live/texmf-dist/fonts/type1/urw/courier/ucrr8a.pfb>
Output written on main.pdf (18 pages, 539130 bytes).
PDF statistics:
 996 PDF objects out of 1000 (max. 8388607)
 522 compressed objects within 6 object streams
 107 named destinations out of 1000 (max. 500000)
 456 words of extra memory for PDF output out of 10000 (max. 10000000)

