This is LuaHBTeX, Version 1.15.0 (TeX Live 2022/Debian)  (format=lualatex 2026.7.22)  1 OCT 2026 09:25
 restricted system commands enabled.
**main.tex
(./main.tex
LaTeX2e <2022-11-01> patch level 1
Lua module: luaotfload 2022-10-03 3.23 Lua based OpenType font support
Lua module: lualibs 2022-10-04 2.75 ConTeXt Lua standard libraries.
Lua module: lualibs-extended 2022-10-04 2.75 ConTeXt Lua libraries -- extended c
ollection.
luaotfload | conf : Root cache directory is "/home/jinhyun/prj_ws/prj_jin/guards
ynth-cc-worktrees/sequential-coc-review-20260930/projects/03-sequential-coc-veri
fication/paper/manuscript/latex-kiee-review-2022-coc-audit-10pages/.texlive-cach
e/luatex-cache/generic/names".
luaotfload | init : Loading fontloader "fontloader-2022-10-03.lua" from kpse-res
olved path "/home/jinhyun/texmf/tex/luatex/luaotfload/fontloader-2022-10-03.lua"
.
Lua-only attribute luaotfload@noligature = 1
luaotfload | init : Context OpenType loader version 3.120
Inserting `luaotfload.node_processor' in `pre_linebreak_filter'.
Inserting `luaotfload.node_processor' in `hpack_filter'.
Inserting `luaotfload.glyph_stream' in `glyph_stream_provider'.
Inserting `luaotfload.define_font' in `define_font'.
Lua-only attribute luaotfload_color_attribute = 2
luaotfload | conf : Root cache directory is "/home/jinhyun/prj_ws/prj_jin/guards
ynth-cc-worktrees/sequential-coc-review-20260930/projects/03-sequential-coc-veri
fication/paper/manuscript/latex-kiee-review-2022-coc-audit-10pages/.texlive-cach
e/luatex-cache/generic/names".
Inserting `luaotfload.harf.strip_prefix' in `find_opentype_file'.
Inserting `luaotfload.harf.strip_prefix' in `find_truetype_file'.
Removing  `luaotfload.glyph_stream' from `glyph_stream_provider'.
Inserting `luaotfload.harf.glyphstream' in `glyph_stream_provider'.
Inserting `luaotfload.harf.finalize_vlist' in `post_linebreak_filter'.
Inserting `luaotfload.harf.finalize_hlist' in `hpack_filter'.
Inserting `luaotfload.cleanup_files' in `wrapup_run'.
Inserting `luaotfload.harf.finalize_unicode' in `finish_pdffile'.
Inserting `luaotfload.glyphinfo' in `glyph_info'.
Lua-only attribute luaotfload.letterspace_done = 3
Inserting `luaotfload.aux.set_sscale_dimens' in `luaotfload.patch_font'.
Inserting `luaotfload.aux.set_font_index' in `luaotfload.patch_font'.
Inserting `luaotfload.aux.patch_cambria_domh' in `luaotfload.patch_font'.
Inserting `luaotfload.aux.fixup_fontdata' in `luaotfload.patch_font_unsafe'.
Inserting `luaotfload.aux.set_capheight' in `luaotfload.patch_font'.
Inserting `luaotfload.aux.set_xheight' in `luaotfload.patch_font'.
Inserting `luaotfload.rewrite_fontname' in `luaotfload.patch_font'. L3 programm
ing layer <2023-01-16>
Inserting `tracingstacklevels' in `input_level_string'.
(/usr/share/texlive/texmf-dist/tex/latex/extsizes/extarticle.cls
Document Class: extarticle 1996/10/08 v1.0 Non Standard LaTeX document class
(/usr/share/texlive/texmf-dist/tex/latex/extsizes/size9.clo
File: size9.clo 1999/11/11 v1.4a NON-Standard LaTeX file (size option)
luaotfload | db : Font names database loaded from /home/jinhyun/prj_ws/prj_jin/g
uardsynth-cc-worktrees/sequential-coc-review-20260930/projects/03-sequential-coc
-verification/paper/manuscript/latex-kiee-review-2022-coc-audit-10pages/.texlive
-cache/luatex-cache/generic/names/luaotfload-names.luc.gz)
(/usr/share/texlive/texmf-dist/tex/latex/base/exscale.sty
Package: exscale 2018/09/24 v2.1i Standard LaTeX package exscale
LaTeX Font Info:    Redeclaring symbol font `largesymbols' on input line 57.
LaTeX Font Info:    Overwriting symbol font `largesymbols' in version `normal'
(Font)                  OMX/cmex/m/n --> OMX/cmex/m/n on input line 57.
LaTeX Font Info:    Overwriting symbol font `largesymbols' in version `bold'
(Font)                  OMX/cmex/m/n --> OMX/cmex/m/n on input line 57.
\big@size=\dimen139
)
\c@part=\count183
\c@section=\count184
\c@subsection=\count185
\c@subsubsection=\count186
\c@paragraph=\count187
\c@subparagraph=\count188
\c@figure=\count189
\c@table=\count190
\abovecaptionskip=\skip48
\belowcaptionskip=\skip49
\bibindent=\dimen140
) (./kiee-review.sty
Package: kiee-review 2026/08/05 KIEE 2022 anonymous review format

(/usr/share/texlive/texmf-dist/tex/latex/fontspec/fontspec.sty
(/usr/share/texlive/texmf-dist/tex/latex/l3packages/xparse/xparse.sty
(/usr/share/texlive/texmf-dist/tex/latex/l3kernel/expl3.sty
Package: expl3 2023-01-16 L3 programming layer (loader) 

(/usr/share/texlive/texmf-dist/tex/latex/l3backend/l3backend-luatex.def
File: l3backend-luatex.def 2023-01-16 L3 backend support: PDF output (LuaTeX)
\l__color_backend_stack_int=\count191
\l__pdf_internal_box=\box51
))
Package: xparse 2023-01-16 L3 Experimental document command parser
)
Package: fontspec 2022/01/15 v2.8a Font selection for XeLaTeX and LuaLaTeX
Lua module: fontspec 2022/01/15 2.8a Font selection for XeLaTeX and LuaLaTeX
(/usr/share/texlive/texmf-dist/tex/latex/fontspec/fontspec-luatex.sty
Package: fontspec-luatex 2022/01/15 v2.8a Font selection for XeLaTeX and LuaLaT
eX
\l__fontspec_script_int=\count192
\l__fontspec_language_int=\count193
\l__fontspec_strnum_int=\count194
\l__fontspec_tmp_int=\count195
\l__fontspec_tmpa_int=\count196
\l__fontspec_tmpb_int=\count197
\l__fontspec_tmpc_int=\count198
\l__fontspec_em_int=\count199
\l__fontspec_emdef_int=\count266
\l__fontspec_strong_int=\count267
\l__fontspec_strongdef_int=\count268
\l__fontspec_tmpa_dim=\dimen141
\l__fontspec_tmpb_dim=\dimen142
\l__fontspec_tmpc_dim=\dimen143

(/usr/share/texlive/texmf-dist/tex/latex/base/fontenc.sty
Package: fontenc 2021/04/29 v2.0v Standard LaTeX package
)
(/usr/share/texlive/texmf-dist/tex/latex/fontspec/fontspec.cfg)))
(/usr/share/texlive/texmf-dist/tex/latex/geometry/geometry.sty
Package: geometry 2020/01/02 v5.9 Page Geometry

(/usr/share/texlive/texmf-dist/tex/latex/graphics/keyval.sty
Package: keyval 2022/05/29 v1.15 key=value parser (DPC)
\KV@toks@=\toks16
)
(/usr/share/texlive/texmf-dist/tex/generic/iftex/ifvtex.sty
Package: ifvtex 2019/10/25 v1.7 ifvtex legacy package. Use iftex instead.

(/usr/share/texlive/texmf-dist/tex/generic/iftex/iftex.sty
Package: iftex 2022/02/03 v1.0f TeX engine tests
))
\Gm@cnth=\count269
\Gm@cntv=\count270
\c@Gm@tempcnt=\count271
\Gm@bindingoffset=\dimen144
\Gm@wd@mp=\dimen145
\Gm@odd@mp=\dimen146
\Gm@even@mp=\dimen147
\Gm@layoutwidth=\dimen148
\Gm@layoutheight=\dimen149
\Gm@layouthoffset=\dimen150
\Gm@layoutvoffset=\dimen151
\Gm@dimlist=\toks17
)
(/usr/share/texlive/texmf-dist/tex/latex/amsmath/amsmath.sty
Package: amsmath 2022/04/08 v2.17n AMS math features
\@mathmargin=\skip50

For additional information on amsmath, use the `?' option.
(/usr/share/texlive/texmf-dist/tex/latex/amsmath/amstext.sty
Package: amstext 2021/08/26 v2.01 AMS text

(/usr/share/texlive/texmf-dist/tex/latex/amsmath/amsgen.sty
File: amsgen.sty 1999/11/30 v2.0 generic functions
\@emptytoks=\toks18
\ex@=\dimen152
))
(/usr/share/texlive/texmf-dist/tex/latex/amsmath/amsbsy.sty
Package: amsbsy 1999/11/29 v1.2d Bold Symbols
\pmbraise@=\dimen153
)
(/usr/share/texlive/texmf-dist/tex/latex/amsmath/amsopn.sty
Package: amsopn 2022/04/08 v2.04 operator names
)
\inf@bad=\count272
LaTeX Info: Redefining \frac on input line 236.
\uproot@=\count273
\leftroot@=\count274
LaTeX Info: Redefining \overline on input line 399.
LaTeX Info: Redefining \colon on input line 410.
\classnum@=\count275
\DOTSCASE@=\count276
LaTeX Info: Redefining \ldots on input line 496.
LaTeX Info: Redefining \dots on input line 499.
LaTeX Info: Redefining \cdots on input line 620.
\Mathstrutbox@=\box52
\strutbox@=\box53
LaTeX Info: Redefining \big on input line 722.
LaTeX Info: Redefining \Big on input line 723.
LaTeX Info: Redefining \bigg on input line 724.
LaTeX Info: Redefining \Bigg on input line 725.
\big@size=\dimen154
LaTeX Font Info:    Redeclaring font encoding OML on input line 743.
LaTeX Font Info:    Redeclaring font encoding OMS on input line 744.
\macc@depth=\count277
LaTeX Info: Redefining \bmod on input line 905.
LaTeX Info: Redefining \pmod on input line 910.
LaTeX Info: Redefining \smash on input line 940.
LaTeX Info: Redefining \relbar on input line 970.
LaTeX Info: Redefining \Relbar on input line 971.
\c@MaxMatrixCols=\count278
\dotsspace@=\muskip16
\c@parentequation=\count279
\dspbrk@lvl=\count280
\tag@help=\toks19
\row@=\count281
\column@=\count282
\maxfields@=\count283
\andhelp@=\toks20
\eqnshift@=\dimen155
\alignsep@=\dimen156
\tagshift@=\dimen157
\tagwidth@=\dimen158
\totwidth@=\dimen159
\lineht@=\dimen160
\@envbody=\toks21
\multlinegap=\skip51
\multlinetaggap=\skip52
\mathdisplay@stack=\toks22
LaTeX Info: Redefining \[ on input line 2953.
LaTeX Info: Redefining \] on input line 2954.
)
(/usr/share/texlive/texmf-dist/tex/latex/amsfonts/amssymb.sty
Package: amssymb 2013/01/14 v3.01 AMS font symbols

(/usr/share/texlive/texmf-dist/tex/latex/amsfonts/amsfonts.sty
Package: amsfonts 2013/01/14 v3.01 Basic AMSFonts support
\symAMSa=\mathgroup4
\symAMSb=\mathgroup5
LaTeX Font Info:    Redeclaring math symbol \hbar on input line 98.
LaTeX Font Info:    Overwriting math alphabet `\mathfrak' in version `bold'
(Font)                  U/euf/m/n --> U/euf/b/n on input line 106.
))
(/usr/share/texlive/texmf-dist/tex/latex/booktabs/booktabs.sty
Package: booktabs 2020/01/12 v1.61803398 Publication quality tables
\heavyrulewidth=\dimen161
\lightrulewidth=\dimen162
\cmidrulewidth=\dimen163
\belowrulesep=\dimen164
\belowbottomsep=\dimen165
\aboverulesep=\dimen166
\abovetopsep=\dimen167
\cmidrulesep=\dimen168
\cmidrulekern=\dimen169
\defaultaddspace=\dimen170
\@cmidla=\count284
\@cmidlb=\count285
\@aboverulesep=\dimen171
\@belowrulesep=\dimen172
\@thisruleclass=\count286
\@lastruleclass=\count287
\@thisrulewidth=\dimen173
)
(/usr/share/texlive/texmf-dist/tex/latex/tools/tabularx.sty
Package: tabularx 2020/01/15 v2.11c `tabularx' package (DPC)

(/usr/share/texlive/texmf-dist/tex/latex/tools/array.sty
Package: array 2022/09/04 v2.5g Tabular extension package (FMi)
\col@sep=\dimen174
\ar@mcellbox=\box54
\extrarowheight=\dimen175
\NC@list=\toks23
\extratabsurround=\skip53
\backup@length=\skip54
\ar@cellbox=\box55
)
\TX@col@width=\dimen176
\TX@old@table=\dimen177
\TX@old@col=\dimen178
\TX@target=\dimen179
\TX@delta=\dimen180
\TX@cols=\count288
\TX@ftn=\toks24
)
(/usr/share/texlive/texmf-dist/tex/latex/graphics/graphicx.sty
Package: graphicx 2021/09/16 v1.2d Enhanced LaTeX Graphics (DPC,SPQR)

(/usr/share/texlive/texmf-dist/tex/latex/graphics/graphics.sty
Package: graphics 2022/03/10 v1.4e Standard LaTeX Graphics (DPC,SPQR)

(/usr/share/texlive/texmf-dist/tex/latex/graphics/trig.sty
Package: trig 2021/08/11 v1.11 sin cos tan (DPC)
)
(/usr/share/texlive/texmf-dist/tex/latex/graphics-cfg/graphics.cfg
File: graphics.cfg 2016/06/04 v1.11 sample graphics configuration
)
Package graphics Info: Driver file: luatex.def on input line 107.

(/usr/share/texlive/texmf-dist/tex/latex/graphics-def/luatex.def
File: luatex.def 2022/09/22 v1.2d Graphics/color driver for luatex
))
\Gin@req@height=\dimen181
\Gin@req@width=\dimen182
)
(/usr/share/texlive/texmf-dist/tex/latex/float/float.sty
Package: float 2001/11/08 v1.3d Float enhancements (AL)
\c@float@type=\count289
\float@exts=\toks25
\float@box=\box56
\@float@everytoks=\toks26
\@floatcapt=\box57
)
(/usr/share/texlive/texmf-dist/tex/latex/xcolor/xcolor.sty
Package: xcolor 2022/06/12 v2.14 LaTeX color extensions (UK)

(/usr/share/texlive/texmf-dist/tex/latex/graphics-cfg/color.cfg
File: color.cfg 2016/01/02 v1.6 sample color configuration
)
Package xcolor Info: Driver file: luatex.def on input line 227.

(/usr/share/texlive/texmf-dist/tex/latex/graphics/mathcolor.ltx)
Package xcolor Info: Model `cmy' substituted by `cmy0' on input line 1353.
Package xcolor Info: Model `hsb' substituted by `rgb' on input line 1357.
Package xcolor Info: Model `RGB' extended on input line 1369.
Package xcolor Info: Model `HTML' substituted by `rgb' on input line 1371.
Package xcolor Info: Model `Hsb' substituted by `hsb' on input line 1372.
Package xcolor Info: Model `tHsb' substituted by `hsb' on input line 1373.
Package xcolor Info: Model `HSB' substituted by `hsb' on input line 1374.
Package xcolor Info: Model `Gray' substituted by `gray' on input line 1375.
Package xcolor Info: Model `wave' substituted by `hsb' on input line 1376.
)
(/home/jinhyun/prj_ws/prj_jin/guardsynth-cc-worktrees/sequential-coc-review-202
60930/projects/03-sequential-coc-verification/paper/manuscript/latex-kiee-revie
w-2022-coc-audit-10pages/.texlive-local/tex/latex/pgf/frontendlayer/tikz.sty
(/home/jinhyun/prj_ws/prj_jin/guardsynth-cc-worktrees/sequential-coc-review-202
60930/projects/03-sequential-coc-verification/paper/manuscript/latex-kiee-revie
w-2022-coc-audit-10pages/.texlive-local/tex/latex/pgf/basiclayer/pgf.sty
(/home/jinhyun/prj_ws/prj_jin/guardsynth-cc-worktrees/sequential-coc-review-202
60930/projects/03-sequential-coc-verification/paper/manuscript/latex-kiee-revie
w-2022-coc-audit-10pages/.texlive-local/tex/latex/pgf/utilities/pgfrcs.sty
(/home/jinhyun/prj_ws/prj_jin/guardsynth-cc-worktrees/sequential-coc-review-202
60930/projects/03-sequential-coc-verification/paper/manuscript/latex-kiee-revie
w-2022-coc-audit-10pages/.texlive-local/tex/generic/pgf/utilities/pgfutil-commo
n.tex
\pgfutil@everybye=\toks27
\pgfutil@tempdima=\dimen183
\pgfutil@tempdimb=\dimen184
)
(/home/jinhyun/prj_ws/prj_jin/guardsynth-cc-worktrees/sequential-coc-review-202
60930/projects/03-sequential-coc-verification/paper/manuscript/latex-kiee-revie
w-2022-coc-audit-10pages/.texlive-local/tex/generic/pgf/utilities/pgfutil-latex
.def
\pgfutil@abb=\box58
)
(/home/jinhyun/prj_ws/prj_jin/guardsynth-cc-worktrees/sequential-coc-review-202
60930/projects/03-sequential-coc-verification/paper/manuscript/latex-kiee-revie
w-2022-coc-audit-10pages/.texlive-local/tex/generic/pgf/utilities/pgfrcs.code.t
ex
(/home/jinhyun/prj_ws/prj_jin/guardsynth-cc-worktrees/sequential-coc-review-202
60930/projects/03-sequential-coc-verification/paper/manuscript/latex-kiee-revie
w-2022-coc-audit-10pages/.texlive-local/tex/generic/pgf/pgf.revision.tex)
Package: pgfrcs 2023-01-15 v3.1.10 (3.1.10)
))
Package: pgf 2023-01-15 v3.1.10 (3.1.10)

(/home/jinhyun/prj_ws/prj_jin/guardsynth-cc-worktrees/sequential-coc-review-202
60930/projects/03-sequential-coc-verification/paper/manuscript/latex-kiee-revie
w-2022-coc-audit-10pages/.texlive-local/tex/latex/pgf/basiclayer/pgfcore.sty
(/home/jinhyun/prj_ws/prj_jin/guardsynth-cc-worktrees/sequential-coc-review-202
60930/projects/03-sequential-coc-verification/paper/manuscript/latex-kiee-revie
w-2022-coc-audit-10pages/.texlive-local/tex/latex/pgf/systemlayer/pgfsys.sty
(/home/jinhyun/prj_ws/prj_jin/guardsynth-cc-worktrees/sequential-coc-review-202
60930/projects/03-sequential-coc-verification/paper/manuscript/latex-kiee-revie
w-2022-coc-audit-10pages/.texlive-local/tex/generic/pgf/systemlayer/pgfsys.code
.tex
Package: pgfsys 2023-01-15 v3.1.10 (3.1.10)

(/home/jinhyun/prj_ws/prj_jin/guardsynth-cc-worktrees/sequential-coc-review-202
60930/projects/03-sequential-coc-verification/paper/manuscript/latex-kiee-revie
w-2022-coc-audit-10pages/.texlive-local/tex/generic/pgf/utilities/pgfkeys.code.
tex
\pgfkeys@pathtoks=\toks28
\pgfkeys@temptoks=\toks29

(/home/jinhyun/prj_ws/prj_jin/guardsynth-cc-worktrees/sequential-coc-review-202
60930/projects/03-sequential-coc-verification/paper/manuscript/latex-kiee-revie
w-2022-coc-audit-10pages/.texlive-local/tex/generic/pgf/utilities/pgfkeyslibrar
yfiltered.code.tex
\pgfkeys@tmptoks=\toks30
))
\pgf@x=\dimen185
\pgf@y=\dimen186
\pgf@xa=\dimen187
\pgf@ya=\dimen188
\pgf@xb=\dimen189
\pgf@yb=\dimen190
\pgf@xc=\dimen191
\pgf@yc=\dimen192
\pgf@xd=\dimen193
\pgf@yd=\dimen194
\w@pgf@writea=\write3
\r@pgf@reada=\read2
\c@pgf@counta=\count290
\c@pgf@countb=\count291
\c@pgf@countc=\count292
\c@pgf@countd=\count293
\t@pgf@toka=\toks31
\t@pgf@tokb=\toks32
\t@pgf@tokc=\toks33
\pgf@sys@id@count=\count294

(/home/jinhyun/prj_ws/prj_jin/guardsynth-cc-worktrees/sequential-coc-review-202
60930/projects/03-sequential-coc-verification/paper/manuscript/latex-kiee-revie
w-2022-coc-audit-10pages/.texlive-local/tex/generic/pgf/systemlayer/pgf.cfg
File: pgf.cfg 2023-01-15 v3.1.10 (3.1.10)
)
Driver file for pgf: pgfsys-luatex.def

(/home/jinhyun/prj_ws/prj_jin/guardsynth-cc-worktrees/sequential-coc-review-202
60930/projects/03-sequential-coc-verification/paper/manuscript/latex-kiee-revie
w-2022-coc-audit-10pages/.texlive-local/tex/generic/pgf/systemlayer/pgfsys-luat
ex.def
File: pgfsys-luatex.def 2023-01-15 v3.1.10 (3.1.10)

(/home/jinhyun/prj_ws/prj_jin/guardsynth-cc-worktrees/sequential-coc-review-202
60930/projects/03-sequential-coc-verification/paper/manuscript/latex-kiee-revie
w-2022-coc-audit-10pages/.texlive-local/tex/generic/pgf/systemlayer/pgfsys-comm
on-pdf.def
File: pgfsys-common-pdf.def 2023-01-15 v3.1.10 (3.1.10)
)))
(/home/jinhyun/prj_ws/prj_jin/guardsynth-cc-worktrees/sequential-coc-review-202
60930/projects/03-sequential-coc-verification/paper/manuscript/latex-kiee-revie
w-2022-coc-audit-10pages/.texlive-local/tex/generic/pgf/systemlayer/pgfsyssoftp
ath.code.tex
File: pgfsyssoftpath.code.tex 2023-01-15 v3.1.10 (3.1.10)
\pgfsyssoftpath@smallbuffer@items=\count295
\pgfsyssoftpath@bigbuffer@items=\count296
)
(/home/jinhyun/prj_ws/prj_jin/guardsynth-cc-worktrees/sequential-coc-review-202
60930/projects/03-sequential-coc-verification/paper/manuscript/latex-kiee-revie
w-2022-coc-audit-10pages/.texlive-local/tex/generic/pgf/systemlayer/pgfsysproto
col.code.tex
File: pgfsysprotocol.code.tex 2023-01-15 v3.1.10 (3.1.10)
))
(/home/jinhyun/prj_ws/prj_jin/guardsynth-cc-worktrees/sequential-coc-review-202
60930/projects/03-sequential-coc-verification/paper/manuscript/latex-kiee-revie
w-2022-coc-audit-10pages/.texlive-local/tex/generic/pgf/basiclayer/pgfcore.code
.tex
Package: pgfcore 2023-01-15 v3.1.10 (3.1.10)

(/home/jinhyun/prj_ws/prj_jin/guardsynth-cc-worktrees/sequential-coc-review-202
60930/projects/03-sequential-coc-verification/paper/manuscript/latex-kiee-revie
w-2022-coc-audit-10pages/.texlive-local/tex/generic/pgf/math/pgfmath.code.tex
(/home/jinhyun/prj_ws/prj_jin/guardsynth-cc-worktrees/sequential-coc-review-202
60930/projects/03-sequential-coc-verification/paper/manuscript/latex-kiee-revie
w-2022-coc-audit-10pages/.texlive-local/tex/generic/pgf/math/pgfmathutil.code.t
ex)
(/home/jinhyun/prj_ws/prj_jin/guardsynth-cc-worktrees/sequential-coc-review-202
60930/projects/03-sequential-coc-verification/paper/manuscript/latex-kiee-revie
w-2022-coc-audit-10pages/.texlive-local/tex/generic/pgf/math/pgfmathparser.code
.tex
\pgfmath@dimen=\dimen195
\pgfmath@count=\count297
\pgfmath@box=\box59
\pgfmath@toks=\toks34
\pgfmath@stack@operand=\toks35
\pgfmath@stack@operation=\toks36
)
(/home/jinhyun/prj_ws/prj_jin/guardsynth-cc-worktrees/sequential-coc-review-202
60930/projects/03-sequential-coc-verification/paper/manuscript/latex-kiee-revie
w-2022-coc-audit-10pages/.texlive-local/tex/generic/pgf/math/pgfmathfunctions.c
ode.tex)
(/home/jinhyun/prj_ws/prj_jin/guardsynth-cc-worktrees/sequential-coc-review-202
60930/projects/03-sequential-coc-verification/paper/manuscript/latex-kiee-revie
w-2022-coc-audit-10pages/.texlive-local/tex/generic/pgf/math/pgfmathfunctions.b
asic.code.tex)
(/home/jinhyun/prj_ws/prj_jin/guardsynth-cc-worktrees/sequential-coc-review-202
60930/projects/03-sequential-coc-verification/paper/manuscript/latex-kiee-revie
w-2022-coc-audit-10pages/.texlive-local/tex/generic/pgf/math/pgfmathfunctions.t
rigonometric.code.tex)
(/home/jinhyun/prj_ws/prj_jin/guardsynth-cc-worktrees/sequential-coc-review-202
60930/projects/03-sequential-coc-verification/paper/manuscript/latex-kiee-revie
w-2022-coc-audit-10pages/.texlive-local/tex/generic/pgf/math/pgfmathfunctions.r
andom.code.tex)
(/home/jinhyun/prj_ws/prj_jin/guardsynth-cc-worktrees/sequential-coc-review-202
60930/projects/03-sequential-coc-verification/paper/manuscript/latex-kiee-revie
w-2022-coc-audit-10pages/.texlive-local/tex/generic/pgf/math/pgfmathfunctions.c
omparison.code.tex)
(/home/jinhyun/prj_ws/prj_jin/guardsynth-cc-worktrees/sequential-coc-review-202
60930/projects/03-sequential-coc-verification/paper/manuscript/latex-kiee-revie
w-2022-coc-audit-10pages/.texlive-local/tex/generic/pgf/math/pgfmathfunctions.b
ase.code.tex)
(/home/jinhyun/prj_ws/prj_jin/guardsynth-cc-worktrees/sequential-coc-review-202
60930/projects/03-sequential-coc-verification/paper/manuscript/latex-kiee-revie
w-2022-coc-audit-10pages/.texlive-local/tex/generic/pgf/math/pgfmathfunctions.r
ound.code.tex)
(/home/jinhyun/prj_ws/prj_jin/guardsynth-cc-worktrees/sequential-coc-review-202
60930/projects/03-sequential-coc-verification/paper/manuscript/latex-kiee-revie
w-2022-coc-audit-10pages/.texlive-local/tex/generic/pgf/math/pgfmathfunctions.m
isc.code.tex)
(/home/jinhyun/prj_ws/prj_jin/guardsynth-cc-worktrees/sequential-coc-review-202
60930/projects/03-sequential-coc-verification/paper/manuscript/latex-kiee-revie
w-2022-coc-audit-10pages/.texlive-local/tex/generic/pgf/math/pgfmathfunctions.i
ntegerarithmetics.code.tex)
(/home/jinhyun/prj_ws/prj_jin/guardsynth-cc-worktrees/sequential-coc-review-202
60930/projects/03-sequential-coc-verification/paper/manuscript/latex-kiee-revie
w-2022-coc-audit-10pages/.texlive-local/tex/generic/pgf/math/pgfmathcalc.code.t
ex)
(/home/jinhyun/prj_ws/prj_jin/guardsynth-cc-worktrees/sequential-coc-review-202
60930/projects/03-sequential-coc-verification/paper/manuscript/latex-kiee-revie
w-2022-coc-audit-10pages/.texlive-local/tex/generic/pgf/math/pgfmathfloat.code.
tex
\c@pgfmathroundto@lastzeros=\count298
))
(/home/jinhyun/prj_ws/prj_jin/guardsynth-cc-worktrees/sequential-coc-review-202
60930/projects/03-sequential-coc-verification/paper/manuscript/latex-kiee-revie
w-2022-coc-audit-10pages/.texlive-local/tex/generic/pgf/math/pgfint.code.tex)
(/home/jinhyun/prj_ws/prj_jin/guardsynth-cc-worktrees/sequential-coc-review-202
60930/projects/03-sequential-coc-verification/paper/manuscript/latex-kiee-revie
w-2022-coc-audit-10pages/.texlive-local/tex/generic/pgf/basiclayer/pgfcorepoint
s.code.tex
File: pgfcorepoints.code.tex 2023-01-15 v3.1.10 (3.1.10)
\pgf@picminx=\dimen196
\pgf@picmaxx=\dimen197
\pgf@picminy=\dimen198
\pgf@picmaxy=\dimen199
\pgf@pathminx=\dimen256
\pgf@pathmaxx=\dimen257
\pgf@pathminy=\dimen258
\pgf@pathmaxy=\dimen259
\pgf@xx=\dimen260
\pgf@xy=\dimen261
\pgf@yx=\dimen262
\pgf@yy=\dimen263
\pgf@zx=\dimen264
\pgf@zy=\dimen265
)
(/home/jinhyun/prj_ws/prj_jin/guardsynth-cc-worktrees/sequential-coc-review-202
60930/projects/03-sequential-coc-verification/paper/manuscript/latex-kiee-revie
w-2022-coc-audit-10pages/.texlive-local/tex/generic/pgf/basiclayer/pgfcorepathc
onstruct.code.tex
File: pgfcorepathconstruct.code.tex 2023-01-15 v3.1.10 (3.1.10)
\pgf@path@lastx=\dimen266
\pgf@path@lasty=\dimen267
)
(/home/jinhyun/prj_ws/prj_jin/guardsynth-cc-worktrees/sequential-coc-review-202
60930/projects/03-sequential-coc-verification/paper/manuscript/latex-kiee-revie
w-2022-coc-audit-10pages/.texlive-local/tex/generic/pgf/basiclayer/pgfcorepathu
sage.code.tex
File: pgfcorepathusage.code.tex 2023-01-15 v3.1.10 (3.1.10)
\pgf@shorten@end@additional=\dimen268
\pgf@shorten@start@additional=\dimen269
)
(/home/jinhyun/prj_ws/prj_jin/guardsynth-cc-worktrees/sequential-coc-review-202
60930/projects/03-sequential-coc-verification/paper/manuscript/latex-kiee-revie
w-2022-coc-audit-10pages/.texlive-local/tex/generic/pgf/basiclayer/pgfcorescope
s.code.tex
File: pgfcorescopes.code.tex 2023-01-15 v3.1.10 (3.1.10)
\pgfpic=\box60
\pgf@hbox=\box61
\pgf@layerbox@main=\box62
\pgf@picture@serial@count=\count299
)
(/home/jinhyun/prj_ws/prj_jin/guardsynth-cc-worktrees/sequential-coc-review-202
60930/projects/03-sequential-coc-verification/paper/manuscript/latex-kiee-revie
w-2022-coc-audit-10pages/.texlive-local/tex/generic/pgf/basiclayer/pgfcoregraph
icstate.code.tex
File: pgfcoregraphicstate.code.tex 2023-01-15 v3.1.10 (3.1.10)
\pgflinewidth=\dimen270
)
(/home/jinhyun/prj_ws/prj_jin/guardsynth-cc-worktrees/sequential-coc-review-202
60930/projects/03-sequential-coc-verification/paper/manuscript/latex-kiee-revie
w-2022-coc-audit-10pages/.texlive-local/tex/generic/pgf/basiclayer/pgfcoretrans
formations.code.tex
File: pgfcoretransformations.code.tex 2023-01-15 v3.1.10 (3.1.10)
\pgf@pt@x=\dimen271
\pgf@pt@y=\dimen272
\pgf@pt@temp=\dimen273
)
(/home/jinhyun/prj_ws/prj_jin/guardsynth-cc-worktrees/sequential-coc-review-202
60930/projects/03-sequential-coc-verification/paper/manuscript/latex-kiee-revie
w-2022-coc-audit-10pages/.texlive-local/tex/generic/pgf/basiclayer/pgfcorequick
.code.tex
File: pgfcorequick.code.tex 2023-01-15 v3.1.10 (3.1.10)
)
(/home/jinhyun/prj_ws/prj_jin/guardsynth-cc-worktrees/sequential-coc-review-202
60930/projects/03-sequential-coc-verification/paper/manuscript/latex-kiee-revie
w-2022-coc-audit-10pages/.texlive-local/tex/generic/pgf/basiclayer/pgfcoreobjec
ts.code.tex
File: pgfcoreobjects.code.tex 2023-01-15 v3.1.10 (3.1.10)
)
(/home/jinhyun/prj_ws/prj_jin/guardsynth-cc-worktrees/sequential-coc-review-202
60930/projects/03-sequential-coc-verification/paper/manuscript/latex-kiee-revie
w-2022-coc-audit-10pages/.texlive-local/tex/generic/pgf/basiclayer/pgfcorepathp
rocessing.code.tex
File: pgfcorepathprocessing.code.tex 2023-01-15 v3.1.10 (3.1.10)
)
(/home/jinhyun/prj_ws/prj_jin/guardsynth-cc-worktrees/sequential-coc-review-202
60930/projects/03-sequential-coc-verification/paper/manuscript/latex-kiee-revie
w-2022-coc-audit-10pages/.texlive-local/tex/generic/pgf/basiclayer/pgfcorearrow
s.code.tex
File: pgfcorearrows.code.tex 2023-01-15 v3.1.10 (3.1.10)
\pgfarrowsep=\dimen274
)
(/home/jinhyun/prj_ws/prj_jin/guardsynth-cc-worktrees/sequential-coc-review-202
60930/projects/03-sequential-coc-verification/paper/manuscript/latex-kiee-revie
w-2022-coc-audit-10pages/.texlive-local/tex/generic/pgf/basiclayer/pgfcoreshade
.code.tex
File: pgfcoreshade.code.tex 2023-01-15 v3.1.10 (3.1.10)
\pgf@max=\dimen275
\pgf@sys@shading@range@num=\count300
\pgf@shadingcount=\count301
)
(/home/jinhyun/prj_ws/prj_jin/guardsynth-cc-worktrees/sequential-coc-review-202
60930/projects/03-sequential-coc-verification/paper/manuscript/latex-kiee-revie
w-2022-coc-audit-10pages/.texlive-local/tex/generic/pgf/basiclayer/pgfcoreimage
.code.tex
File: pgfcoreimage.code.tex 2023-01-15 v3.1.10 (3.1.10)
)
(/home/jinhyun/prj_ws/prj_jin/guardsynth-cc-worktrees/sequential-coc-review-202
60930/projects/03-sequential-coc-verification/paper/manuscript/latex-kiee-revie
w-2022-coc-audit-10pages/.texlive-local/tex/generic/pgf/basiclayer/pgfcoreexter
nal.code.tex
File: pgfcoreexternal.code.tex 2023-01-15 v3.1.10 (3.1.10)
\pgfexternal@startupbox=\box63
)
(/home/jinhyun/prj_ws/prj_jin/guardsynth-cc-worktrees/sequential-coc-review-202
60930/projects/03-sequential-coc-verification/paper/manuscript/latex-kiee-revie
w-2022-coc-audit-10pages/.texlive-local/tex/generic/pgf/basiclayer/pgfcorelayer
s.code.tex
File: pgfcorelayers.code.tex 2023-01-15 v3.1.10 (3.1.10)
)
(/home/jinhyun/prj_ws/prj_jin/guardsynth-cc-worktrees/sequential-coc-review-202
60930/projects/03-sequential-coc-verification/paper/manuscript/latex-kiee-revie
w-2022-coc-audit-10pages/.texlive-local/tex/generic/pgf/basiclayer/pgfcoretrans
parency.code.tex
File: pgfcoretransparency.code.tex 2023-01-15 v3.1.10 (3.1.10)
)
(/home/jinhyun/prj_ws/prj_jin/guardsynth-cc-worktrees/sequential-coc-review-202
60930/projects/03-sequential-coc-verification/paper/manuscript/latex-kiee-revie
w-2022-coc-audit-10pages/.texlive-local/tex/generic/pgf/basiclayer/pgfcorepatte
rns.code.tex
File: pgfcorepatterns.code.tex 2023-01-15 v3.1.10 (3.1.10)
)
(/home/jinhyun/prj_ws/prj_jin/guardsynth-cc-worktrees/sequential-coc-review-202
60930/projects/03-sequential-coc-verification/paper/manuscript/latex-kiee-revie
w-2022-coc-audit-10pages/.texlive-local/tex/generic/pgf/basiclayer/pgfcorerdf.c
ode.tex
File: pgfcorerdf.code.tex 2023-01-15 v3.1.10 (3.1.10)
)))
(/home/jinhyun/prj_ws/prj_jin/guardsynth-cc-worktrees/sequential-coc-review-202
60930/projects/03-sequential-coc-verification/paper/manuscript/latex-kiee-revie
w-2022-coc-audit-10pages/.texlive-local/tex/generic/pgf/modules/pgfmoduleshapes
.code.tex
File: pgfmoduleshapes.code.tex 2023-01-15 v3.1.10 (3.1.10)
\pgfnodeparttextbox=\box64
)
(/home/jinhyun/prj_ws/prj_jin/guardsynth-cc-worktrees/sequential-coc-review-202
60930/projects/03-sequential-coc-verification/paper/manuscript/latex-kiee-revie
w-2022-coc-audit-10pages/.texlive-local/tex/generic/pgf/modules/pgfmoduleplot.c
ode.tex
File: pgfmoduleplot.code.tex 2023-01-15 v3.1.10 (3.1.10)
)
(/home/jinhyun/prj_ws/prj_jin/guardsynth-cc-worktrees/sequential-coc-review-202
60930/projects/03-sequential-coc-verification/paper/manuscript/latex-kiee-revie
w-2022-coc-audit-10pages/.texlive-local/tex/latex/pgf/compatibility/pgfcomp-ver
sion-0-65.sty
Package: pgfcomp-version-0-65 2023-01-15 v3.1.10 (3.1.10)
\pgf@nodesepstart=\dimen276
\pgf@nodesepend=\dimen277
)
(/home/jinhyun/prj_ws/prj_jin/guardsynth-cc-worktrees/sequential-coc-review-202
60930/projects/03-sequential-coc-verification/paper/manuscript/latex-kiee-revie
w-2022-coc-audit-10pages/.texlive-local/tex/latex/pgf/compatibility/pgfcomp-ver
sion-1-18.sty
Package: pgfcomp-version-1-18 2023-01-15 v3.1.10 (3.1.10)
))
(/home/jinhyun/prj_ws/prj_jin/guardsynth-cc-worktrees/sequential-coc-review-202
60930/projects/03-sequential-coc-verification/paper/manuscript/latex-kiee-revie
w-2022-coc-audit-10pages/.texlive-local/tex/latex/pgf/utilities/pgffor.sty
(/home/jinhyun/prj_ws/prj_jin/guardsynth-cc-worktrees/sequential-coc-review-202
60930/projects/03-sequential-coc-verification/paper/manuscript/latex-kiee-revie
w-2022-coc-audit-10pages/.texlive-local/tex/latex/pgf/utilities/pgfkeys.sty
(/home/jinhyun/prj_ws/prj_jin/guardsynth-cc-worktrees/sequential-coc-review-202
60930/projects/03-sequential-coc-verification/paper/manuscript/latex-kiee-revie
w-2022-coc-audit-10pages/.texlive-local/tex/generic/pgf/utilities/pgfkeys.code.
tex))
(/home/jinhyun/prj_ws/prj_jin/guardsynth-cc-worktrees/sequential-coc-review-202
60930/projects/03-sequential-coc-verification/paper/manuscript/latex-kiee-revie
w-2022-coc-audit-10pages/.texlive-local/tex/latex/pgf/math/pgfmath.sty
(/home/jinhyun/prj_ws/prj_jin/guardsynth-cc-worktrees/sequential-coc-review-202
60930/projects/03-sequential-coc-verification/paper/manuscript/latex-kiee-revie
w-2022-coc-audit-10pages/.texlive-local/tex/generic/pgf/math/pgfmath.code.tex))
(/home/jinhyun/prj_ws/prj_jin/guardsynth-cc-worktrees/sequential-coc-review-202
60930/projects/03-sequential-coc-verification/paper/manuscript/latex-kiee-revie
w-2022-coc-audit-10pages/.texlive-local/tex/generic/pgf/utilities/pgffor.code.t
ex
Package: pgffor 2023-01-15 v3.1.10 (3.1.10)
\pgffor@iter=\dimen278
\pgffor@skip=\dimen279
\pgffor@stack=\toks37
\pgffor@toks=\toks38
))
(/home/jinhyun/prj_ws/prj_jin/guardsynth-cc-worktrees/sequential-coc-review-202
60930/projects/03-sequential-coc-verification/paper/manuscript/latex-kiee-revie
w-2022-coc-audit-10pages/.texlive-local/tex/generic/pgf/frontendlayer/tikz/tikz
.code.tex
Package: tikz 2023-01-15 v3.1.10 (3.1.10)

(/home/jinhyun/prj_ws/prj_jin/guardsynth-cc-worktrees/sequential-coc-review-202
60930/projects/03-sequential-coc-verification/paper/manuscript/latex-kiee-revie
w-2022-coc-audit-10pages/.texlive-local/tex/generic/pgf/libraries/pgflibraryplo
thandlers.code.tex
File: pgflibraryplothandlers.code.tex 2023-01-15 v3.1.10 (3.1.10)
\pgf@plot@mark@count=\count302
\pgfplotmarksize=\dimen280
)
\tikz@lastx=\dimen281
\tikz@lasty=\dimen282
\tikz@lastxsaved=\dimen283
\tikz@lastysaved=\dimen284
\tikz@lastmovetox=\dimen285
\tikz@lastmovetoy=\dimen286
\tikzleveldistance=\dimen287
\tikzsiblingdistance=\dimen288
\tikz@figbox=\box65
\tikz@figbox@bg=\box66
\tikz@tempbox=\box67
\tikz@tempbox@bg=\box68
\tikztreelevel=\count303
\tikznumberofchildren=\count304
\tikznumberofcurrentchild=\count305
\tikz@fig@count=\count306

(/home/jinhyun/prj_ws/prj_jin/guardsynth-cc-worktrees/sequential-coc-review-202
60930/projects/03-sequential-coc-verification/paper/manuscript/latex-kiee-revie
w-2022-coc-audit-10pages/.texlive-local/tex/generic/pgf/modules/pgfmodulematrix
.code.tex
File: pgfmodulematrix.code.tex 2023-01-15 v3.1.10 (3.1.10)
\pgfmatrixcurrentrow=\count307
\pgfmatrixcurrentcolumn=\count308
\pgf@matrix@numberofcolumns=\count309
)
\tikz@expandcount=\count310

(/home/jinhyun/prj_ws/prj_jin/guardsynth-cc-worktrees/sequential-coc-review-202
60930/projects/03-sequential-coc-verification/paper/manuscript/latex-kiee-revie
w-2022-coc-audit-10pages/.texlive-local/tex/generic/pgf/frontendlayer/tikz/libr
aries/tikzlibrarytopaths.code.tex
File: tikzlibrarytopaths.code.tex 2023-01-15 v3.1.10 (3.1.10)
)))
(/usr/share/texlive/texmf-dist/tex/latex/url/url.sty
\Urlmuskip=\muskip17
Package: url 2013/09/16  ver 3.4  Verb mode for urls, etc.
)
(/usr/share/texlive/texmf-dist/tex/latex/tools/xspace.sty
Package: xspace 2014/10/28 v1.13 Space after command names (DPC,MH)
)
(/usr/share/texlive/texmf-dist/tex/latex/listings/listings.sty
\lst@mode=\count311
\lst@gtempboxa=\box69
\lst@token=\toks39
\lst@length=\count312
\lst@currlwidth=\dimen289
\lst@column=\count313
\lst@pos=\count314
\lst@lostspace=\dimen290
\lst@width=\dimen291
\lst@newlines=\count315
\lst@lineno=\count316
\lst@maxwidth=\dimen292

(/usr/share/texlive/texmf-dist/tex/latex/listings/lstmisc.sty
File: lstmisc.sty 2020/03/24 1.8d (Carsten Heinz)
\c@lstnumber=\count317
\lst@skipnumbers=\count318
\lst@framebox=\box70
)
(/usr/share/texlive/texmf-dist/tex/latex/listings/listings.cfg
File: listings.cfg 2020/03/24 1.8d listings configuration
))
Package: listings 2020/03/24 1.8d (Carsten Heinz)

(/usr/share/texlive/texmf-dist/tex/latex/caption/caption.sty
Package: caption 2022/03/01 v3.6b Customizing captions (AR)

(/usr/share/texlive/texmf-dist/tex/latex/caption/caption3.sty
Package: caption3 2022/03/17 v2.3b caption3 kernel (AR)
\caption@tempdima=\dimen293
\captionmargin=\dimen294
\caption@leftmargin=\dimen295
\caption@rightmargin=\dimen296
\caption@width=\dimen297
\caption@indent=\dimen298
\caption@parindent=\dimen299
\caption@hangindent=\dimen300
Package caption Info: Standard document class detected.
)
\c@caption@flags=\count319
\c@continuedfloat=\count320
Package caption Info: float package is loaded.
Package caption Info: listings package is loaded.
)
(/usr/share/texlive/texmf-dist/tex/latex/hyperref/hyperref.sty
Package: hyperref 2022-11-13 v7.00u Hypertext links for LaTeX

(/usr/share/texlive/texmf-dist/tex/generic/ltxcmds/ltxcmds.sty
Package: ltxcmds 2020-05-10 v1.25 LaTeX kernel commands for general use (HO)
)
(/usr/share/texlive/texmf-dist/tex/generic/pdftexcmds/pdftexcmds.sty
Package: pdftexcmds 2020-06-27 v0.33 Utility functions of pdfTeX for LuaTeX (HO
)

(/usr/share/texlive/texmf-dist/tex/generic/infwarerr/infwarerr.sty
Package: infwarerr 2019/12/03 v1.5 Providing info/warning/error messages (HO)
)
Package pdftexcmds Info: \pdf@primitive is available.
Package pdftexcmds Info: \pdf@ifprimitive is available.
Package pdftexcmds Info: \pdfdraftmode found.
\pdftexcmds@toks=\toks40
)
(/usr/share/texlive/texmf-dist/tex/latex/kvsetkeys/kvsetkeys.sty
Package: kvsetkeys 2022-10-05 v1.19 Key value parser (HO)
)
(/usr/share/texlive/texmf-dist/tex/generic/kvdefinekeys/kvdefinekeys.sty
Package: kvdefinekeys 2019-12-19 v1.6 Define keys (HO)
)
(/usr/share/texlive/texmf-dist/tex/generic/pdfescape/pdfescape.sty
Package: pdfescape 2019/12/09 v1.15 Implements pdfTeX's escape features (HO)
)
(/usr/share/texlive/texmf-dist/tex/latex/hycolor/hycolor.sty
Package: hycolor 2020-01-27 v1.10 Color options for hyperref/bookmark (HO)
)
(/usr/share/texlive/texmf-dist/tex/latex/letltxmacro/letltxmacro.sty
Package: letltxmacro 2019/12/03 v1.6 Let assignment for LaTeX macros (HO)
)
(/usr/share/texlive/texmf-dist/tex/latex/auxhook/auxhook.sty
Package: auxhook 2019-12-17 v1.6 Hooks for auxiliary files (HO)
)
(/usr/share/texlive/texmf-dist/tex/latex/hyperref/nameref.sty
Package: nameref 2022-05-17 v2.50 Cross-referencing by name of section

(/usr/share/texlive/texmf-dist/tex/latex/refcount/refcount.sty
Package: refcount 2019/12/15 v3.6 Data extraction from label references (HO)
)
(/usr/share/texlive/texmf-dist/tex/generic/gettitlestring/gettitlestring.sty
Package: gettitlestring 2019/12/15 v1.6 Cleanup title references (HO)

(/usr/share/texlive/texmf-dist/tex/latex/kvoptions/kvoptions.sty
Package: kvoptions 2022-06-15 v3.15 Key value format for package options (HO)
))
\c@section@level=\count321
)
\@linkdim=\dimen301
\Hy@linkcounter=\count322
\Hy@pagecounter=\count323

(/usr/share/texlive/texmf-dist/tex/latex/hyperref/pd1enc.def
File: pd1enc.def 2022-11-13 v7.00u Hyperref: PDFDocEncoding definition (HO)
)
(/usr/share/texlive/texmf-dist/tex/generic/intcalc/intcalc.sty
Package: intcalc 2019/12/15 v1.3 Expandable calculations with integers (HO)
)
(/usr/share/texlive/texmf-dist/tex/generic/etexcmds/etexcmds.sty
Package: etexcmds 2019/12/15 v1.7 Avoid name clashes with e-TeX commands (HO)
)
\Hy@SavedSpaceFactor=\count324

(/usr/share/texlive/texmf-dist/tex/latex/hyperref/puenc.def
File: puenc.def 2022-11-13 v7.00u Hyperref: PDF Unicode definition (HO)
)
Package hyperref Info: Hyper figures OFF on input line 4162.
Package hyperref Info: Link nesting OFF on input line 4167.
Package hyperref Info: Hyper index ON on input line 4170.
Package hyperref Info: Plain pages OFF on input line 4177.
Package hyperref Info: Backreferencing OFF on input line 4182.
Package hyperref Info: Implicit mode ON; LaTeX internals redefined.
Package hyperref Info: Bookmarks ON on input line 4410.
\c@Hy@tempcnt=\count325
LaTeX Info: Redefining \url on input line 4748.
\XeTeXLinkMargin=\dimen302

(/usr/share/texlive/texmf-dist/tex/generic/bitset/bitset.sty
Package: bitset 2019/12/09 v1.3 Handle bit-vector datatype (HO)

(/usr/share/texlive/texmf-dist/tex/generic/bigintcalc/bigintcalc.sty
Package: bigintcalc 2019/12/15 v1.5 Expandable calculations on big integers (HO
)
))
\Fld@menulength=\count326
\Field@Width=\dimen303
\Fld@charsize=\dimen304
Package hyperref Info: Hyper figures OFF on input line 6027.
Package hyperref Info: Link nesting OFF on input line 6032.
Package hyperref Info: Hyper index ON on input line 6035.
Package hyperref Info: backreferencing OFF on input line 6042.
Package hyperref Info: Link coloring OFF on input line 6047.
Package hyperref Info: Link coloring with OCG OFF on input line 6052.
Package hyperref Info: PDF/A mode OFF on input line 6057.

(/usr/share/texlive/texmf-dist/tex/latex/base/atbegshi-ltx.sty
Package: atbegshi-ltx 2021/01/10 v1.0c Emulation of the original atbegshi
package with kernel methods
)
\Hy@abspage=\count327
\c@Item=\count328
\c@Hfootnote=\count329
)
Package hyperref Info: Driver (autodetected): hluatex.

(/usr/share/texlive/texmf-dist/tex/latex/hyperref/hluatex.def
File: hluatex.def 2022-11-13 v7.00u Hyperref driver for luaTeX

(/usr/share/texlive/texmf-dist/tex/generic/stringenc/stringenc.sty
Package: stringenc 2019/11/29 v1.12 Convert strings between diff. encodings (HO
)
)
(/usr/share/texlive/texmf-dist/tex/latex/base/atveryend-ltx.sty
Package: atveryend-ltx 2020/08/19 v1.0a Emulation of the original atveryend pac
kage
with kernel methods
)
\Fld@listcount=\count330
\c@bookmark@seq@number=\count331

(/usr/share/texlive/texmf-dist/tex/latex/rerunfilecheck/rerunfilecheck.sty
Package: rerunfilecheck 2022-07-10 v1.10 Rerun checks for auxiliary files (HO)

(/usr/share/texlive/texmf-dist/tex/generic/uniquecounter/uniquecounter.sty
Package: uniquecounter 2019/12/15 v1.4 Provide unlimited unique counter (HO)
)
Package uniquecounter Info: New unique counter `rerunfilecheck' on input line 2
85.
)
\Hy@SectionHShift=\skip55
)
luaotfload | aux : font no 19 (nil) does not define feature smcp for script latn
 with language dflt
luaotfload | aux : font no 20 (nil) does not define feature smcp for script latn
 with language dflt

Package fontspec Info: Font family 'NotoSerifCJKkr(0)' created for font
(fontspec)             'NotoSerifCJKkr' with options
(fontspec)             [Ligatures=TeX,Path=fonts/,Extension=.otf,UprightFont=*-
Regular,BoldFont=*-Bold].
(fontspec)              
(fontspec)              This font family consists of the following NFSS
(fontspec)             series/shapes:
(fontspec)              
(fontspec)             - 'normal' (m/n) with NFSS spec.:
(fontspec)             <->"[fonts/NotoSerifCJKkr-Regular.otf]:mode=node;script=
latn;language=dflt;+tlig;"
(fontspec)             - 'small caps'  (m/sc) with NFSS spec.: 
(fontspec)             - 'bold' (b/n) with NFSS spec.:
(fontspec)             <->"[fonts/NotoSerifCJKkr-Bold.otf]:mode=node;script=lat
n;language=dflt;+tlig;"
(fontspec)             - 'bold small caps'  (b/sc) with NFSS spec.: 


(/home/jinhyun/prj_ws/prj_jin/guardsynth-cc-worktrees/sequential-coc-review-202
60930/projects/03-sequential-coc-verification/paper/manuscript/latex-kiee-revie
w-2022-coc-audit-10pages/.texlive-local/tex/generic/pgf/libraries/pgflibraryarr
ows.meta.code.tex
File: pgflibraryarrows.meta.code.tex 2023-01-15 v3.1.10 (3.1.10)
\pgfarrowinset=\dimen305
\pgfarrowlength=\dimen306
\pgfarrowwidth=\dimen307
\pgfarrowlinewidth=\dimen308
)
(/home/jinhyun/prj_ws/prj_jin/guardsynth-cc-worktrees/sequential-coc-review-202
60930/projects/03-sequential-coc-verification/paper/manuscript/latex-kiee-revie
w-2022-coc-audit-10pages/.texlive-local/tex/generic/pgf/frontendlayer/tikz/libr
aries/tikzlibrarypositioning.code.tex
File: tikzlibrarypositioning.code.tex 2023-01-15 v3.1.10 (3.1.10)
)
(/home/jinhyun/prj_ws/prj_jin/guardsynth-cc-worktrees/sequential-coc-review-202
60930/projects/03-sequential-coc-verification/paper/manuscript/latex-kiee-revie
w-2022-coc-audit-10pages/.texlive-local/tex/generic/pgf/frontendlayer/tikz/libr
aries/tikzlibraryfit.code.tex
File: tikzlibraryfit.code.tex 2023-01-15 v3.1.10 (3.1.10)
)
(/home/jinhyun/prj_ws/prj_jin/guardsynth-cc-worktrees/sequential-coc-review-202
60930/projects/03-sequential-coc-verification/paper/manuscript/latex-kiee-revie
w-2022-coc-audit-10pages/.texlive-local/tex/generic/pgf/frontendlayer/tikz/libr
aries/tikzlibraryshapes.geometric.code.tex
File: tikzlibraryshapes.geometric.code.tex 2023-01-15 v3.1.10 (3.1.10)

(/home/jinhyun/prj_ws/prj_jin/guardsynth-cc-worktrees/sequential-coc-review-202
60930/projects/03-sequential-coc-verification/paper/manuscript/latex-kiee-revie
w-2022-coc-audit-10pages/.texlive-local/tex/generic/pgf/libraries/shapes/pgflib
raryshapes.geometric.code.tex
File: pgflibraryshapes.geometric.code.tex 2023-01-15 v3.1.10 (3.1.10)
))
(/home/jinhyun/prj_ws/prj_jin/guardsynth-cc-worktrees/sequential-coc-review-202
60930/projects/03-sequential-coc-verification/paper/manuscript/latex-kiee-revie
w-2022-coc-audit-10pages/.texlive-local/tex/generic/pgf/frontendlayer/tikz/libr
aries/tikzlibrarycalc.code.tex
File: tikzlibrarycalc.code.tex 2023-01-15 v3.1.10 (3.1.10)
))
(/home/jinhyun/prj_ws/prj_jin/guardsynth-cc-worktrees/sequential-coc-review-202
60930/artifacts/projects/sequential-coc-verification/public/kiee-review-revisio
n-001/manuscript-preview-2026-10-01-001/main.aux)
\openout1 = main.aux

LaTeX Font Info:    Checking defaults for OML/cmm/m/it on input line 7.
LaTeX Font Info:    ... okay on input line 7.
LaTeX Font Info:    Checking defaults for OMS/cmsy/m/n on input line 7.
LaTeX Font Info:    ... okay on input line 7.
LaTeX Font Info:    Checking defaults for OT1/cmr/m/n on input line 7.
LaTeX Font Info:    ... okay on input line 7.
LaTeX Font Info:    Checking defaults for T1/cmr/m/n on input line 7.
LaTeX Font Info:    ... okay on input line 7.
LaTeX Font Info:    Checking defaults for TS1/cmr/m/n on input line 7.
LaTeX Font Info:    Trying to load font information for TS1+cmr on input line 7
.

(/usr/share/texlive/texmf-dist/tex/latex/base/ts1cmr.fd
File: ts1cmr.fd 2022/07/10 v2.5l Standard LaTeX font definitions
)
LaTeX Font Info:    ... okay on input line 7.
LaTeX Font Info:    Checking defaults for TU/lmr/m/n on input line 7.
LaTeX Font Info:    ... okay on input line 7.
LaTeX Font Info:    Checking defaults for OMX/cmex/m/n on input line 7.
LaTeX Font Info:    ... okay on input line 7.
LaTeX Font Info:    Checking defaults for U/cmr/m/n on input line 7.
LaTeX Font Info:    ... okay on input line 7.
LaTeX Font Info:    Checking defaults for PD1/pdf/m/n on input line 7.
LaTeX Font Info:    ... okay on input line 7.
LaTeX Font Info:    Checking defaults for PU/pdf/m/n on input line 7.
LaTeX Font Info:    ... okay on input line 7.

Package fontspec Info: Adjusting the maths setup (use [no-math] to avoid
(fontspec)             this).

\symlegacymaths=\mathgroup6
LaTeX Font Info:    Overwriting symbol font `legacymaths' in version `bold'
(Font)                  OT1/cmr/m/n --> OT1/cmr/bx/n on input line 7.
LaTeX Font Info:    Redeclaring math accent \acute on input line 7.
LaTeX Font Info:    Redeclaring math accent \grave on input line 7.
LaTeX Font Info:    Redeclaring math accent \ddot on input line 7.
LaTeX Font Info:    Redeclaring math accent \tilde on input line 7.
LaTeX Font Info:    Redeclaring math accent \bar on input line 7.
LaTeX Font Info:    Redeclaring math accent \breve on input line 7.
LaTeX Font Info:    Redeclaring math accent \check on input line 7.
LaTeX Font Info:    Redeclaring math accent \hat on input line 7.
LaTeX Font Info:    Redeclaring math accent \dot on input line 7.
LaTeX Font Info:    Redeclaring math accent \mathring on input line 7.
LaTeX Font Info:    Redeclaring math symbol \Gamma on input line 7.
LaTeX Font Info:    Redeclaring math symbol \Delta on input line 7.
LaTeX Font Info:    Redeclaring math symbol \Theta on input line 7.
LaTeX Font Info:    Redeclaring math symbol \Lambda on input line 7.
LaTeX Font Info:    Redeclaring math symbol \Xi on input line 7.
LaTeX Font Info:    Redeclaring math symbol \Pi on input line 7.
LaTeX Font Info:    Redeclaring math symbol \Sigma on input line 7.
LaTeX Font Info:    Redeclaring math symbol \Upsilon on input line 7.
LaTeX Font Info:    Redeclaring math symbol \Phi on input line 7.
LaTeX Font Info:    Redeclaring math symbol \Psi on input line 7.
LaTeX Font Info:    Redeclaring math symbol \Omega on input line 7.
LaTeX Font Info:    Redeclaring math symbol \mathdollar on input line 7.
LaTeX Font Info:    Redeclaring symbol font `operators' on input line 7.
LaTeX Font Info:    Encoding `OT1' has changed to `TU' for symbol font
(Font)              `operators' in the math version `normal' on input line 7.
LaTeX Font Info:    Overwriting symbol font `operators' in version `normal'
(Font)                  OT1/cmr/m/n --> TU/NotoSerifCJKkr(0)/m/n on input line 
7.
LaTeX Font Info:    Encoding `OT1' has changed to `TU' for symbol font
(Font)              `operators' in the math version `bold' on input line 7.
LaTeX Font Info:    Overwriting symbol font `operators' in version `bold'
(Font)                  OT1/cmr/bx/n --> TU/NotoSerifCJKkr(0)/m/n on input line
 7.
LaTeX Font Info:    Overwriting symbol font `operators' in version `normal'
(Font)                  TU/NotoSerifCJKkr(0)/m/n --> TU/NotoSerifCJKkr(0)/m/n o
n input line 7.
LaTeX Font Info:    Overwriting math alphabet `\mathit' in version `normal'
(Font)                  OT1/cmr/m/it --> TU/NotoSerifCJKkr(0)/m/it on input lin
e 7.
LaTeX Font Info:    Overwriting math alphabet `\mathbf' in version `normal'
(Font)                  OT1/cmr/bx/n --> TU/NotoSerifCJKkr(0)/b/n on input line
 7.
LaTeX Font Info:    Overwriting math alphabet `\mathsf' in version `normal'
(Font)                  OT1/cmss/m/n --> TU/NotoSerifCJKkr(0)/m/n on input line
 7.
LaTeX Font Info:    Overwriting math alphabet `\mathtt' in version `normal'
(Font)                  OT1/cmtt/m/n --> TU/lmtt/m/n on input line 7.
LaTeX Font Info:    Overwriting symbol font `operators' in version `bold'
(Font)                  TU/NotoSerifCJKkr(0)/m/n --> TU/NotoSerifCJKkr(0)/b/n o
n input line 7.
LaTeX Font Info:    Overwriting math alphabet `\mathit' in version `bold'
(Font)                  OT1/cmr/bx/it --> TU/NotoSerifCJKkr(0)/b/it on input li
ne 7.
LaTeX Font Info:    Overwriting math alphabet `\mathsf' in version `bold'
(Font)                  OT1/cmss/bx/n --> TU/NotoSerifCJKkr(0)/b/n on input lin
e 7.
LaTeX Font Info:    Overwriting math alphabet `\mathtt' in version `bold'
(Font)                  OT1/cmtt/m/n --> TU/lmtt/b/n on input line 7.

*geometry* driver: auto-detecting
*geometry* detected driver: luatex
*geometry* verbose mode - [ preamble ] result:
* driver: luatex
* paper: a4paper
* layout: <same size as paper>
* layoutoffset:(h,v)=(0.0pt,0.0pt)
* modes: 
* h-part:(L,W,R)=(51.2434pt, 495.02109pt, 51.2434pt)
* v-part:(T,H,B)=(54.03178pt, 736.98328pt, 54.03178pt)
* \paperwidth=597.50787pt
* \paperheight=845.04684pt
* \textwidth=495.02109pt
* \textheight=736.98328pt
* \oddsidemargin=-21.0266pt
* \evensidemargin=-21.0266pt
* \topmargin=-58.69095pt
* \headheight=12.0pt
* \headsep=28.45274pt
* \topskip=9.0pt
* \footskip=28.45274pt
* \marginparwidth=4.0pt
* \marginparsep=10.0pt
* \columnsep=22.76219pt
* \skip\footins=8.0pt plus 4.0pt minus 2.0pt
* \hoffset=0.0pt
* \voffset=0.0pt
* \mag=1000
* \@twocolumntrue
* \@twosidefalse
* \@mparswitchfalse
* \@reversemarginfalse
* (1in=72.27pt=25.4mm, 1cm=28.453pt)

(/usr/share/texlive/texmf-dist/tex/context/base/mkii/supp-pdf.mkii
[Loading MPS to PDF converter (version 2006.09.02).]
\scratchcounter=\count332
\scratchdimen=\dimen309
\scratchbox=\box71
\nofMPsegments=\count333
\nofMParguments=\count334
\everyMPshowfont=\toks41
\MPscratchCnt=\count335
\MPscratchDim=\dimen310
\MPnumerator=\count336
\makeMPintoPDFobject=\count337
\everyMPtoPDFconversion=\toks42
) (/usr/share/texlive/texmf-dist/tex/latex/epstopdf-pkg/epstopdf-base.sty
Package: epstopdf-base 2020-01-24 v2.11 Base part for package epstopdf
Package epstopdf-base Info: Redefining graphics rule for `.eps' on input line 4
85.

(/usr/share/texlive/texmf-dist/tex/latex/latexconfig/epstopdf-sys.cfg
File: epstopdf-sys.cfg 2010/07/13 v1.3 Configuration of (r)epstopdf for TeX Liv
e
))
\c@lstlisting=\count338
Package caption Info: Begin \AtBeginDocument code.
Package caption Info: hyperref package is loaded.
Package caption Info: End \AtBeginDocument code.
Package hyperref Info: Link coloring OFF on input line 7.

(/home/jinhyun/prj_ws/prj_jin/guardsynth-cc-worktrees/sequential-coc-review-202
60930/artifacts/projects/sequential-coc-verification/public/kiee-review-revisio
n-001/manuscript-preview-2026-10-01-001/main.out)
(/home/jinhyun/prj_ws/prj_jin/guardsynth-cc-worktrees/sequential-coc-review-202
60930/artifacts/projects/sequential-coc-verification/public/kiee-review-revisio
n-001/manuscript-preview-2026-10-01-001/main.out)
\@outlinefile=\write4

\openout4 = main.out
LaTeX Font Info:    Trying to load font information for U+msa on input line 14.


(/usr/share/texlive/texmf-dist/tex/latex/amsfonts/umsa.fd
File: umsa.fd 2013/01/14 v3.01 AMS symbols A
)
LaTeX Font Info:    Trying to load font information for U+msb on input line 14.


(/usr/share/texlive/texmf-dist/tex/latex/amsfonts/umsb.fd
File: umsb.fd 2013/01/14 v3.01 AMS symbols B
)
(./sections/01-introduction.tex
Underfull \hbox (badness 1796) in paragraph at lines 4--5
[]\TU/NotoSerifCJKkr(0)/m/n/8.5 종단간(end-to-end, E󴩆E) 자율주행은 
센서 관측에서 미래
 []


LaTeX Font Warning: Font shape `TU/NotoSerifCJKkr(0)/m/it' undefined
(Font)              using `TU/NotoSerifCJKkr(0)/m/n' instead on input line 8.


LaTeX Font Warning: Font shape `TU/NotoSerifCJKkr(0)/m/scit' undefined
(Font)              using `TU/NotoSerifCJKkr(0)/m/sc' instead on input line 8.


LaTeX Font Warning: Font shape `TU/NotoSerifCJKkr(0)/m/sc' undefined
(Font)              using `TU/NotoSerifCJKkr(0)/m/n' instead on input line 8.

(./figures/overview-pipeline.tex)
Underfull \hbox (badness 4647) in paragraph at lines 17--18
\TU/NotoSerifCJKkr(0)/m/sc/8.5 보여 준다. UP-PAAL 모델은 주어진 사
건 순서와 요구의
 []


Underfull \hbox (badness 4492) in paragraph at lines 17--18
\TU/NotoSerifCJKkr(0)/m/sc/8.5 유지ㆍ종료 조건을 따라 위반 상태
에 도달하는지 검사한다.
 []


Underfull \hbox (badness 3977) in paragraph at lines 17--18
\TU/NotoSerifCJKkr(0)/m/sc/8.5 확인하는 절차이며, 자연어 해석이
나 규칙 자체의 타당성을
 []


Underfull \vbox (badness 10000) has occurred while \output is active []


Underfull \hbox (badness 1454) in paragraph at lines 24--25
\TU/NotoSerifCJKkr(0)/m/sc/8.5 잘못 남기는 검사 처리 문제도 입력 
CoC의 모순과 구분하여
 []

) (./sections/02-related-work.tex
Underfull \hbox (badness 10000) in paragraph at lines 4--5
[]\TU/NotoSerifCJKkr(0)/m/it/8.5 Driv-eLM, DriveVLM과 Alpamayo-R󴩅은 장
면 이해와
 []


Underfull \hbox (badness 5091) in paragraph at lines 4--5
\TU/NotoSerifCJKkr(0)/m/it/8.5 생성 설명이 장면과 행동에 충실한
지, 센서 교란이나 객체
 []

[1{/var/lib/texmf/fonts/map/pdftex/updmap/pdftex.map}


]
Underfull \hbox (badness 4779) in paragraph at lines 10--11
[]\TU/NotoSerifCJKkr(0)/m/it/8.5 UP-PAAL은 시간에 따라 상태가 바뀌
는 규칙을 자동으로
 []


Underfull \hbox (badness 1895) in paragraph at lines 12--13
\TU/NotoSerifCJKkr(0)/m/it/8.5 입력을 바꾸면 행동도 달라지는지, 
또는 실제 실행 시스템이
 []

) (./sections/03-data.tex
Underfull \hbox (badness 1354) in paragraph at lines 4--5
\TU/NotoSerifCJKkr(0)/m/it/8.5 주행이 끝난 뒤 생성한 CoC이다. 자
동 생성기는 먼저 기록
 []


Underfull \hbox (badness 1895) in paragraph at lines 23--24
\TU/NotoSerifCJKkr(0)/m/it/8.5 오류를 찾지 못했다는 뜻이지, 원천 
기록이 모두 사실이거나
 []

(./figures/annotation-flow.tex)
Underfull \hbox (badness 1895) in paragraph at lines 32--33
\TU/NotoSerifCJKkr(0)/m/it/8.5 바뀌는 대표 시점을 먼저 고른 뒤, 
영상ㆍ궤적ㆍ행동 정보를
 []


Underfull \hbox (badness 2469) in paragraph at lines 32--33
\TU/NotoSerifCJKkr(0)/m/it/8.5 아니라 이후의 움직임까지 본 뒤 작
성된 설명이다. 그래서
 []


Underfull \vbox (badness 5578) has occurred while \output is active []

 [2])
(./sections/04-problem.tex
Underfull \hbox (badness 4036) in paragraph at lines 57--1
\TU/NotoSerifCJKkr(0)/m/it/8.5 자료에 없는 요구 종료 여부와 외부 
객체 상태는 미상으로
 []

LaTeX Font Info:    Calculating math sizes for size <8.5> on input line 6.

LaTeX Font Warning: Font shape `OML/cmm/m/it' in size <8.5> not available
(Font)              size <8> substituted on input line 6.


LaTeX Font Warning: Font shape `OML/cmm/m/it' in size <4.25> not available
(Font)              size <5> substituted on input line 6.


LaTeX Font Warning: Font shape `OMS/cmsy/m/n' in size <8.5> not available
(Font)              size <8> substituted on input line 6.


LaTeX Font Warning: Font shape `OMS/cmsy/m/n' in size <4.25> not available
(Font)              size <5> substituted on input line 6.


LaTeX Font Warning: Font shape `OT1/cmr/m/n' in size <8.5> not available
(Font)              size <8> substituted on input line 6.


LaTeX Font Warning: Font shape `OT1/cmr/m/n' in size <4.25> not available
(Font)              size <5> substituted on input line 6.


Underfull \hbox (badness 1377) in paragraph at lines 54--55
[]\TU/NotoSerifCJKkr(0)/m/it/8.5 위 표의 핵심 차이는 이전 요구를 
다음 사건으로 넘기는지
 []

[3]) (./sections/05-method.tex
Underfull \hbox (badness 1895) in paragraph at lines 56--1
\TU/NotoSerifCJKkr(0)/m/it/8.5 상태가 앞뒤로 일관되는지, 그리고 
요구 행동과 기록된 반응
 []


Underfull \hbox (badness 1895) in paragraph at lines 8--9
\TU/NotoSerifCJKkr(0)/m/it/8.5 거짓이면 요구를 유지하고, 판단할 
증거가 없으면 미상과 그
 []

(./figures/method-pipeline.tex)
Underfull \hbox (badness 3428) in paragraph at lines 19--20
\TU/NotoSerifCJKkr(0)/m/it/8.5 하면, 상태를 갱신하는 함수 $\OML/cmm/
m/it/8.5 T$\TU/NotoSerifCJKkr(0)/m/it/8.5 는 다음 요구 집합과 판정
을
 []


Underfull \hbox (badness 1484) in paragraph at lines 23--25
\TU/NotoSerifCJKkr(0)/m/it/8.5 여기서 $\OML/cmm/m/it/8.5 q[] \OMS/cmsy/m/n/8
.5 2 f[]\OML/cmm/m/it/8.5 ; []; []\OMS/cmsy/m/n/8.5 g$\TU/NotoSerifCJKkr(0)/m/i
t/8.5 는 요구 종료나 외부
 []


Underfull \hbox (badness 2409) in paragraph at lines 43--44
\TU/NotoSerifCJKkr(0)/m/it/8.5 사건을 하나씩 읽으면서 요구가 시
작되고, 이어지고, 끝나는
 []


Underfull \hbox (badness 1418) in paragraph at lines 43--44
\TU/NotoSerifCJKkr(0)/m/it/8.5 과정과 위반 여부를 갱신한다. 한 
사건의 상태 갱신이 끝날
 []


Underfull \hbox (badness 3449) in paragraph at lines 47--48
\TU/lmtt/m/n/8.5 scene-0001\TU/NotoSerifCJKkr(0)/m/it/8.5 에서 반응 시간, 
반복 사건과 자료 출처 처리를
 []


Underfull \hbox (badness 1097) in paragraph at lines 64--65
[]\TU/NotoSerifCJKkr(0)/m/it/8.5 이제 보조 반응 검사를 여러 역할
로 나눈 UP-PAAL 모델을
 []

(./figures/uppaal-network.tex) [4]
Underfull \vbox (badness 1454) has occurred while \output is active []


Underfull \hbox (badness 6893) in paragraph at lines 97--98
[]\TU/NotoSerifCJKkr(0)/m/it/8.5 한 항목만 바꾸면 어떤 변화가 어
떤 오류를 만들었는지
 []


Underfull \hbox (badness 1189) in paragraph at lines 97--98
\TU/NotoSerifCJKkr(0)/m/it/8.5 시작한다. 둘째, 종료 조건이 아직 
거짓인데 요구를 끝낸다.
 []

) (./sections/06-experiments.tex
Underfull \vbox (badness 10000) has occurred while \output is active []

 [5]
Underfull \hbox (badness 3449) in paragraph at lines 46--47
[]\TU/NotoSerifCJKkr(0)/m/it/8.5 네 검토자는 어떤 장면이 자동 후
보인지, 비교 대상인지,
 []


Underfull \hbox (badness 2469) in paragraph at lines 46--47
\TU/NotoSerifCJKkr(0)/m/it/8.5 합의했다. 이 합의는 선택한 장면에 
대한 검토자들의 공동
 []


Underfull \hbox (badness 3354) in paragraph at lines 54--55
\TU/NotoSerifCJKkr(0)/m/it/8.5 󴩍󴩈장면ㆍ󴩈󴩄󴩇개 CoC에서 행
동 방향이 분명한 󴩅󴩇󴩈개 사건을
 []

) (./sections/07-results.tex
Underfull \hbox (badness 1014) in paragraph at lines 56--1
\TU/NotoSerifCJKkr(0)/m/it/8.5 사이까지 넓힌다. 첫 장면에 아직 
끝나지 않은 요구를 두고,
 []


Underfull \hbox (badness 4036) in paragraph at lines 56--1
\TU/NotoSerifCJKkr(0)/m/it/8.5 두 장면이 이어진다는 기록 없이 둘
째 장면에 반응을 넣은
 []


Underfull \hbox (badness 1584) in paragraph at lines 37--38
[]\TU/NotoSerifCJKkr(0)/m/it/8.5 표 []󴩅󴩅[]와 표 []󴩅󴩆[]는 각 
수치가 어떤 결론을 뒷받침하고 어떤
 []


Underfull \hbox (badness 2469) in paragraph at lines 37--38
\TU/NotoSerifCJKkr(0)/m/it/8.5 결론까지는 뒷받침하지 않는지를 
한 줄씩 보여 준다. 먼저
 []

[6]
Underfull \hbox (badness 2913) in paragraph at lines 41--42
[]\TU/NotoSerifCJKkr(0)/m/it/8.5 표 []󴩅󴩇[]에서 이전 요구를 기
억하는 검사는 바꾼 사례 󴩈󴩄건
 []


Underfull \hbox (badness 1242) in paragraph at lines 41--42
\TU/NotoSerifCJKkr(0)/m/it/8.5 󴩆󴩄건에서만 오류를 판정했다. 
두 검사 모두 정상 기준 사례
 []


Underfull \hbox (badness 10000) in alignment at lines 60--60
[][][]
 []


Underfull \vbox (badness 7397) has occurred while \output is active []


Underfull \hbox (badness 1163) in paragraph at lines 87--88
[]\TU/NotoSerifCJKkr(0)/m/it/8.5 표 []󴩅󴩈[]처럼 독립 판정에서 
텍스트 일관성의 검토자 쌍 일치
 []


Underfull \hbox (badness 1577) in paragraph at lines 104--105
[]\TU/NotoSerifCJKkr(0)/m/it/8.5 표 []󴩅󴩉[]에서 문장들은 모두 
서로 모순이 없다고 합의됐지만,
 []


Underfull \hbox (badness 1466) in paragraph at lines 104--105
\TU/NotoSerifCJKkr(0)/m/it/8.5 󴩋장면 불일치, 󴩅󴩌장면 판단에 
필요한 정보 부족(미상)이었다.
 []


Underfull \hbox (badness 1533) in paragraph at lines 108--109
\TU/NotoSerifCJKkr(0)/m/it/8.5 반응 시작은 󴩈.󴩊󴩉󴩍󴩋초여서 
약 󴩆.󴩅󴩉󴩍󴩋초가 걸렸다. 표 []󴩅󴩊[]의
 []


Underfull \hbox (badness 1418) in paragraph at lines 129--130
\TU/NotoSerifCJKkr(0)/m/it/8.5 단순히 검사를 꺼 두어서 통과한 것
은 아니다. 즉 검사기는
 []

[7]) (./sections/08-discussion.tex
Underfull \hbox (badness 1092) in paragraph at lines 4--5
\TU/NotoSerifCJKkr(0)/m/it/8.5 󴩈󴩄/󴩈󴩄 대 󴩆󴩄/󴩈󴩄의 차
이는 여러 사건에 걸쳐 요구가 이어지는
 []


Underfull \hbox (badness 1077) in paragraph at lines 6--7
\TU/NotoSerifCJKkr(0)/m/it/8.5 미리 정한 일관성 오류를 찾지 못했
다는 뜻이고, ``오류 발견''
 []

) (./sections/09-threats.tex [8]
Underfull \hbox (badness 1603) in paragraph at lines 10--11
\TU/NotoSerifCJKkr(0)/m/it/8.5 달라지며, 시험한 󴩆󴩋개 조합도 
가능한 모든 설정을 포함하지
 []


Underfull \hbox (badness 1072) in paragraph at lines 10--11
\TU/NotoSerifCJKkr(0)/m/it/8.5 어떻게 나뉘었는지를 나타낼 뿐, 차
량의 안전률이나 오류율이
 []

) (./sections/10-conclusion.tex
Underfull \hbox (badness 2253) in paragraph at lines 16--1
[]\TU/NotoSerifCJKkr(0)/m/it/8.5 UP-PAAL 모델은 미리 정한 사건 순서
를 그대로 재생하고
 []


Underfull \hbox (badness 2469) in paragraph at lines 16--1
\TU/NotoSerifCJKkr(0)/m/it/8.5 차량에 영향을 주는 과정도 포함하
지 않았다. 따라서 다른
 []


Underfull \hbox (badness 5274) in paragraph at lines 4--5
\TU/NotoSerifCJKkr(0)/m/it/8.5 검사기와 같은 방식으로 동작하는 UP-
PAAL 검사 모델에서
 []


Underfull \hbox (badness 1377) in paragraph at lines 6--7
[]\TU/NotoSerifCJKkr(0)/m/it/8.5 가장 직접적인 근거는 정상 사례
와 한 항목을 바꾼 사례로
 []


Underfull \hbox (badness 6173) in paragraph at lines 8--9
[]\TU/NotoSerifCJKkr(0)/m/it/8.5 실제 주행 자료에서는 󴩍󴩄개 장
면에서 이어지는 사건 두
 []

) [9]
(/home/jinhyun/prj_ws/prj_jin/guardsynth-cc-worktrees/sequential-coc-review-202
60930/artifacts/projects/sequential-coc-verification/public/kiee-review-revisio
n-001/manuscript-preview-2026-10-01-001/main.bbl
Underfull \hbox (badness 1077) in paragraph at lines 4--10
\TU/NotoSerifCJKkr(0)/m/it/8 Dai, Yu Qiao, and Hongyang Li.  Planning-Oriented
 []


Underfull \hbox (badness 1888) in paragraph at lines 4--10
\TU/NotoSerifCJKkr(0)/m/it/8 puter Vi-sion and Pat-tern Recog-ni-tion (CVPR), pa
ges
 []


Underfull \hbox (badness 1092) in paragraph at lines 12--18
\TU/NotoSerifCJKkr(0)/m/it/8 rep-re-sen-ta-tion for ef-fi-cient au-tonomous driv
-ing.  In
 []


Underfull \hbox (badness 1400) in paragraph at lines 47--51
\TU/NotoSerifCJKkr(0)/m/it/8 re-la-tion-ship in VLA for au-tonomous driv-ing.  
arXiv
 []


Underfull \hbox (badness 4492) in paragraph at lines 80--86
\TU/NotoSerifCJKkr(0)/m/it/8 Ed-ward Kim, Hadi Ra-van-bakhsh, Mar-cell Vazquez-
 []


Underfull \hbox (badness 5036) in paragraph at lines 88--93
\TU/NotoSerifCJKkr(0)/m/it/8 Vora, Venice Erin Li-ong, Qiang Xu, Anush Kr-ish-
 []


Underfull \hbox (badness 1137) in paragraph at lines 88--93
\TU/NotoSerifCJKkr(0)/m/it/8 nan, Yu Pan, Gi-an-carlo Bal-dan, and Os-car Bei-jb
om.
 []

) [10]
(/home/jinhyun/prj_ws/prj_jin/guardsynth-cc-worktrees/sequential-coc-review-202
60930/artifacts/projects/sequential-coc-verification/public/kiee-review-revisio
n-001/manuscript-preview-2026-10-01-001/main.aux)

LaTeX Font Warning: Size substitutions with differences
(Font)              up to 0.75pt have occurred.


LaTeX Font Warning: Some font shapes were not available, defaults substituted.

Package rerunfilecheck Info: File `main.out' has not changed.
(rerunfilecheck)             Checksum: 077490C0BD2871BD276A7071689FE845;2228.
)

Here is how much of LuaTeX's memory you used:
 28233 strings out of 478382
 156305,1977958 words of node,token memory allocated
 530 words of node memory still in use:
   6 hlist, 2 vlist, 2 rule, 2 glue, 4 kern, 1 glyph, 13 attribute, 55 glue_spec
, 13 attribute_list, 2 write nodes
   avail lists: 1:6,2:3827,3:2153,4:68,5:1658,6:189,7:13794,8:53,9:1458,10:27,11
:540
 47175 multiletter control sequences out of 65536+600000
 83 fonts using 205469575 bytes
 99i,11n,92p,1238b,924s stack positions out of 10000i,1000n,20000p,200000b,200000s
</usr/share/texmf/fonts/opentype/public/lm/lmmono8-regular.otf></usr/share/texmf
/fonts/opentype/public/lm/lmmono9-regular.otf><./fonts/NotoSerifCJKkr-Regular.ot
f><./fonts/NotoSerifCJKkr-Bold.otf></usr/share/texlive/texmf-dist/fonts/type1/pu
blic/amsfonts/cmextra/cmex9.pfb></usr/share/texlive/texmf-dist/fonts/type1/publi
c/amsfonts/cm/cmmi5.pfb></usr/share/texlive/texmf-dist/fonts/type1/public/amsfon
ts/cm/cmmi6.pfb></usr/share/texlive/texmf-dist/fonts/type1/public/amsfonts/cm/cm
mi7.pfb></usr/share/texlive/texmf-dist/fonts/type1/public/amsfonts/cm/cmmi8.pfb>
</usr/share/texlive/texmf-dist/fonts/type1/public/amsfonts/cm/cmr6.pfb></usr/sha
re/texlive/texmf-dist/fonts/type1/public/amsfonts/cm/cmr7.pfb></usr/share/texliv
e/texmf-dist/fonts/type1/public/amsfonts/cm/cmr8.pfb></usr/share/texlive/texmf-d
ist/fonts/type1/public/amsfonts/cm/cmsy6.pfb></usr/share/texlive/texmf-dist/font
s/type1/public/amsfonts/cm/cmsy7.pfb></usr/share/texlive/texmf-dist/fonts/type1/
public/amsfonts/cm/cmsy8.pfb>
Output written on main.pdf (10 pages, 315863 bytes).

PDF statistics: 312 PDF objects out of 1000 (max. 8388607)
 260 compressed objects within 3 object streams
 72 named destinations out of 1000 (max. 131072)
 160 words of extra memory for PDF output out of 10000 (max. 100000000)

