\BOOKMARK [1][-]{section.1}{\376\377\301\034\270\140}{}% 1
\BOOKMARK [1][-]{section.2}{\376\377\255\000\270\050\000\040\305\360\255\154}{}% 2
\BOOKMARK [1][-]{section.3}{\376\377\263\160\307\164\321\060\306\100\000\040\311\235\254\160\000\040\274\224\307\004}{}% 3
\BOOKMARK [2][-]{subsection.3.1}{\376\377\307\220\270\314\000\040\315\234\314\230\306\100\000\040\274\365\306\320\000\040\274\224\307\004}{section.3}% 4
\BOOKMARK [2][-]{subsection.3.2}{\376\377\307\220\305\360\000\040\254\200\321\240\000\040\324\134\274\370\254\374\000\040\323\020\310\025\000\040\256\060\270\135}{section.3}% 5
\BOOKMARK [2][-]{subsection.3.3}{\376\377\307\221\301\061\000\040\302\334\260\230\271\254\306\044\306\100\000\040\307\254\326\004\000\040\307\220\270\314}{section.3}% 6
\BOOKMARK [1][-]{section.4}{\376\377\273\070\310\034\000\040\310\025\307\130}{}% 7
\BOOKMARK [2][-]{subsection.4.1}{\376\377\310\374\301\035\000\040\273\070\310\034\306\100\000\040\254\200\300\254\256\060\000\040\314\230\271\254\000\040\306\044\271\130\307\130\000\040\275\204\271\254}{section.4}% 8
\BOOKMARK [2][-]{subsection.4.2}{\376\377\310\160\254\164\274\304\000\040\254\061\302\340\254\374\000\040\323\020\310\025\000\040\307\130\273\370}{section.4}% 9
\BOOKMARK [2][-]{subsection.4.3}{\376\377\315\134\315\010\000\040\273\070\310\034\000\040\307\004\316\130\306\100\000\040\274\304\263\304\000\040\274\030\307\121\000\040\311\310\273\070}{section.4}% 10
\BOOKMARK [1][-]{section.5}{\376\377\000r\000e\000v\000i\000s\000i\000o\000n\000b\000l\000u\000e\310\034\305\110\000\040\274\051\274\225\254\374\000\040\255\154\326\004}{}% 11
\BOOKMARK [2][-]{subsection.5.1}{\376\377\262\350\254\304\274\304\000\040\314\230\271\254\306\100\000\040\307\205\270\045\000\040\310\025\271\254}{section.5}% 12
\BOOKMARK [2][-]{subsection.5.2}{\376\377\307\220\263\331\000\040\321\115\302\244\322\270\000\040\274\300\326\130\254\374\000\040\307\221\301\061\000\040\325\004\270\010\307\204}{section.5}% 13
\BOOKMARK [2][-]{subsection.5.3}{\376\377\256\060\310\164\000\040\254\200\300\254\256\060\306\100\000\040\274\364\306\104\000\040\272\250\263\170\307\130\000\040\314\050\307\164}{section.5}% 14
\BOOKMARK [2][-]{subsection.5.4}{\376\377\000U\000P\000P\000A\000A\000L\000\040\300\301\320\334\061\215\311\310\307\130\306\100\000\040\315\224\310\001}{section.5}% 15
\BOOKMARK [2][-]{subsection.5.5}{\376\377\306\320\273\070\305\320\301\034\000\040\323\020\310\025\000\040\256\060\270\135\256\114\311\300\307\130\000\040\302\344\310\034\000\040\305\360\254\260\000\040\300\254\270\100}{section.5}% 16
\BOOKMARK [2][-]{subsection.5.6}{\376\377\254\340\310\025\000\040\256\060\310\164\000\040\272\250\263\170\254\374\000\040\274\364\310\160\000\040\272\250\263\170\307\130\000\040\307\004\316\130}{section.5}% 17
\BOOKMARK [1][-]{section.6}{\376\377\000r\000e\000v\000i\000s\000i\000o\000n\000b\000l\000u\000e\323\311\254\000\000\040\301\044\254\304}{}% 18
\BOOKMARK [2][-]{subsection.6.1}{\376\377\256\060\310\164\000\040\326\214\255\300\302\334\325\330\254\374\000\040\307\220\305\360\000\040\254\200\321\240}{section.6}% 19
\BOOKMARK [2][-]{subsection.6.2}{\376\377\0001\0004\0004\254\034\000\040\321\265\310\034\000\040\302\334\260\230\271\254\306\044\307\130\000\040\315\134\315\010\000\040\302\344\325\211}{section.6}% 20
\BOOKMARK [2][-]{subsection.6.3}{\376\377\263\331\307\174\000\040\300\254\270\100\000\040\307\254\302\334\325\330\254\374\000\040\255\154\326\004\000\040\307\174\316\130\301\061}{section.6}% 21
\BOOKMARK [2][-]{subsection.6.4}{\376\377\274\364\310\160\000\040\275\204\301\035\254\374\000\040\321\265\254\304\307\130\000\040\274\224\307\004}{section.6}% 22
\BOOKMARK [1][-]{section.7}{\376\377\000r\000e\000v\000i\000s\000i\000o\000n\000b\000l\000u\000e\254\260\254\374}{}% 23
\BOOKMARK [2][-]{subsection.7.1}{\376\377\256\060\310\164\000\040\0004\0000\303\015\307\130\000\040\255\334\316\131\000\040\302\344\325\211\000\040\254\260\254\374}{section.7}% 24
\BOOKMARK [2][-]{subsection.7.2}{\376\377\315\134\315\010\000\040\0001\0004\0004\254\034\000\040\307\221\301\061\000\040\302\334\260\230\271\254\306\044}{section.7}% 25
\BOOKMARK [2][-]{subsection.7.3}{\376\377\302\344\323\050\000\040\275\204\301\035\254\374\000\040\254\034\274\034\000\040\326\304\000\040\263\331\307\174\000\040\300\254\270\100\000\040\307\254\302\334\325\330}{section.7}% 26
\BOOKMARK [2][-]{subsection.7.4}{\376\377\256\060\310\164\000\040\000P\000y\000t\000h\000o\000n\040\023\000U\000P\000P\000A\000A\000L\000\040\315\234\270\045\000\040\263\000\310\160}{section.7}% 27
\BOOKMARK [2][-]{subsection.7.5}{\376\377\307\220\305\360\000\040\254\200\321\240\307\130\000\040\307\174\316\130\263\304\306\100\000\040\256\060\270\135\000\040\325\134\254\304}{section.7}% 28
\BOOKMARK [2][-]{subsection.7.6}{\376\377\255\244\310\001\254\374\000\040\274\364\310\160\000\040\274\030\307\121\000\040\254\260\254\374}{section.7}% 29
\BOOKMARK [1][-]{section.8}{\376\377\261\174\307\130}{}% 30
\BOOKMARK [2][-]{subsection.8.1}{\376\377\254\200\300\254\000\040\254\000\262\245\301\061\254\374\000\040\263\304\255\154\307\130\000\040\305\355\325\140}{section.8}% 31
\BOOKMARK [2][-]{subsection.8.2}{\376\377\310\374\301\035\000\040\254\200\321\240\305\320\301\034\000\040\255\154\275\204\325\140\000\040\310\160\316\130}{section.8}% 32
\BOOKMARK [2][-]{subsection.8.3}{\376\377\254\200\321\240\000\040\256\060\270\135\307\130\000\040\326\134\306\251\254\374\000\040\274\364\310\164}{section.8}% 33
\BOOKMARK [1][-]{section.9}{\376\377\325\134\254\304\306\100\000\040\254\260\254\374\000\040\325\164\301\035\000\040\302\334\000\040\310\374\307\130\310\020}{}% 34
\BOOKMARK [2][-]{subsection.9.1}{\376\377\310\025\262\365\254\374\000\040\263\305\271\275\301\061}{section.9}% 35
\BOOKMARK [2][-]{subsection.9.2}{\376\377\307\220\263\331\000\040\315\224\315\234\254\374\000\040\307\130\273\370\000\040\324\134\326\004}{section.9}% 36
\BOOKMARK [2][-]{subsection.9.3}{\376\377\311\235\254\160\307\130\000\040\307\040\326\250\301\061\254\374\000\040\272\250\263\170\000\040\274\224\307\004}{section.9}% 37
\BOOKMARK [2][-]{subsection.9.4}{\376\377\307\220\305\360\000\040\307\220\270\314\306\100\000\040\307\254\326\004\301\061}{section.9}% 38
\BOOKMARK [2][-]{subsection.9.5}{\376\377\274\364\310\160\000\040\274\030\307\121\000\040\275\204\301\035\254\374\000\040\307\174\274\030\326\124}{section.9}% 39
\BOOKMARK [1][-]{section.10}{\376\377\254\260\270\140}{}% 40
